      -----------------------------------------------------------      
     |                   =====================                   |     
     |                           x T B                           |     
     |                   =====================                   |     
     |                         S. Grimme                         |     
     |          Mulliken Center for Theoretical Chemistry        |     
     |                    University of Bonn                     |     
      -----------------------------------------------------------      

   * xtb version 6.5.1 (b24c23e) compiled by 'conda@728c89f4b128' on 2022-07-12

   xtb is free software: you can redistribute it and/or modify it under
   the terms of the GNU Lesser General Public License as published by
   the Free Software Foundation, either version 3 of the License, or
   (at your option) any later version.
   
   xtb is distributed in the hope that it will be useful,
   but WITHOUT ANY WARRANTY; without even the implied warranty of
   MERCHANTABILITY or FITNESS FOR A PARTICULAR PURPOSE.  See the
   GNU Lesser General Public License for more details.
   
   Cite this work as:
   * C. Bannwarth, E. Caldeweyher, S. Ehlert, A. Hansen, P. Pracht,
     J. Seibert, S. Spicher, S. Grimme, WIREs Comput. Mol. Sci., 2020, 11,
     e01493. DOI: 10.1002/wcms.1493
   
   for GFN2-xTB:
   * C. Bannwarth, S. Ehlert and S. Grimme., J. Chem. Theory Comput., 2019,
     15, 1652-1671. DOI: 10.1021/acs.jctc.8b01176
   for GFN1-xTB:
   * S. Grimme, C. Bannwarth, P. Shushkov, J. Chem. Theory Comput., 2017,
     13, 1989-2009. DOI: 10.1021/acs.jctc.7b00118
   for GFN0-xTB:
   * P. Pracht, E. Caldeweyher, S. Ehlert, S. Grimme, ChemRxiv, 2019, preprint.
     DOI: 10.26434/chemrxiv.8326202.v1
   for GFN-FF:
   * S. Spicher and S. Grimme, Angew. Chem. Int. Ed., 2020, 59, 15665-15673.
     DOI: 10.1002/anie.202004239
   
   for ALPB and GBSA implicit solvation:
   * S. Ehlert, M. Stahn, S. Spicher, S. Grimme, J. Chem. Theory Comput.,
     2021, 17, 4250-4261. DOI: 10.1021/acs.jctc.1c00471
   
   for DFT-D4:
   * E. Caldeweyher, C. Bannwarth and S. Grimme, J. Chem. Phys., 2017,
     147, 034112. DOI: 10.1063/1.4993215
   * E. Caldeweyher, S. Ehlert, A. Hansen, H. Neugebauer, S. Spicher,
     C. Bannwarth and S. Grimme, J. Chem. Phys., 2019, 150, 154122.
     DOI: 10.1063/1.5090222
   * E. Caldeweyher, J.-M. Mewes, S. Ehlert and S. Grimme, Phys. Chem. Chem. Phys.
     2020, 22, 8499-8512. DOI: 10.1039/D0CP00502A
   
   for sTDA-xTB:
   * S. Grimme and C. Bannwarth, J. Chem. Phys., 2016, 145, 054103.
     DOI: 10.1063/1.4959605
   
   in the mass-spec context:
   * V. Asgeirsson, C. Bauer and S. Grimme, Chem. Sci., 2017, 8, 4879.
     DOI: 10.1039/c7sc00601b
   * J. Koopman and S. Grimme, ACS Omega 2019, 4, 12, 15120-15133.
     DOI: 10.1021/acsomega.9b02011
   
   for metadynamics refer to:
   * S. Grimme, J. Chem. Theory Comput., 2019, 155, 2847-2862
     DOI: 10.1021/acs.jctc.9b00143
   
   for SPH calculations refer to:
   * S. Spicher and S. Grimme, J. Chem. Theory Comput., 2021, 17, 1701-1714
     DOI: 10.1021/acs.jctc.0c01306
   
   with help from (in alphabetical order)
   P. Atkinson, C. Bannwarth, F. Bohle, G. Brandenburg, E. Caldeweyher
   M. Checinski, S. Dohm, S. Ehlert, S. Ehrlich, I. Gerasimov, C. Hölzer
   A. Katbashev, J. Koopman, C. Lavigne, S. Lehtola, F. März, M. Müller,
   F. Musil, H. Neugebauer, J. Pisarek, C. Plett, P. Pracht, F. Pultar,
   J. Seibert, P. Shushkov, S. Spicher, M. Stahn, M. Steiner, T. Strunk,
   J. Stückrath, T. Rose, and J. Unsleber
   
 * started run on 2023/02/14 at 10:39:15.608     

           -------------------------------------------------
          |                Calculation Setup                |
           -------------------------------------------------

          program call               : xtb water.xyz --alpb water --ohess -P 4
          coordinate file            : water.xyz
          omp threads                :                     4

   ID    Z sym.   atoms
    1    8 O      1
    2    1 H      2, 3

molecular fragmentation (1/2 indicates fragments):
122
# atoms in fragment 1/2:     1     2
 fragment masses (1/2) :       16.00        2.02
CMA distance (Bohr)    :  19.048
constraining FC (au)   :  0.0500

           -------------------------------------------------
          |                 G F N 2 - x T B                 |
           -------------------------------------------------

        Reference                      10.1021/acs.jctc.8b01176
      * Hamiltonian:
        H0-scaling (s, p, d)           1.850000    2.230000    2.230000
        zeta-weighting                 0.500000
      * Dispersion:
        s8                             2.700000
        a1                             0.520000
        a2                             5.000000
        s9                             5.000000
      * Repulsion:
        kExp                           1.500000    1.000000
        rExp                           1.000000
      * Coulomb:
        alpha                          2.000000
        third order                    shell-resolved
        anisotropic                    true
        a3                             3.000000
        a5                             4.000000
        cn-shift                       1.200000
        cn-exp                         4.000000
        max-rad                        5.000000

      * Solvation model:               ALPB
        Solvent                        water
        Parameter file                 internal GFN2-xTB/ALPB
        Dielectric constant                8.0200E+01
        Reference state                gsolv [1 M gas/solution]
        Free energy shift                  1.0808E-03 Eh       6.7819E-01 kcal/mol
        Temperature                        2.9815E+02 K
        Density                            1.0000E+00 kg/L
        Solvent mass                       1.8000E+01 g/mol
        Interaction kernel             P16
        Born radius scaling (c1)           1.4744E+00
        Born radii integrator          GBOBC
        Born offset                        0.0000E+00 a0       0.0000E+00 AA
        H-bond correction              true
        Ion screening                  false
        Surface tension                    1.0000E-05 Eh       1.5569E+01 dyn/cm
        Grid points                               230 per atom

          ...................................................
          :                      SETUP                      :
          :.................................................:
          :  # basis functions                   6          :
          :  # atomic orbitals                   6          :
          :  # shells                            4          :
          :  # electrons                         8          :
          :  max. iterations                   250          :
          :  Hamiltonian                  GFN2-xTB          :
          :  restarted?                      false          :
          :  GBSA solvation                   true          :
          :  PC potential                    false          :
          :  electronic temp.          300.0000000     K    :
          :  accuracy                    1.0000000          :
          :  -> integral cutoff          0.2500000E+02      :
          :  -> integral neglect         0.1000000E-07      :
          :  -> SCF convergence          0.1000000E-05 Eh   :
          :  -> wf. convergence          0.1000000E-03 e    :
          :  Broyden damping             0.4000000          :
          ...................................................

 iter      E             dE          RMSdq      gap      omega  full diag
   1     -4.4655527 -0.446555E+01  0.126E+01    3.59       0.0  T
   2     -4.0087708  0.456782E+00  0.208E+01    0.00       1.0  T
   3     -4.4655527 -0.456782E+00  0.107E+01    2.31       1.0  T
   4     -4.4655528 -0.851854E-07  0.883E+00    0.87       1.0  T
   5     -4.0087642  0.456789E+00  0.214E+01    0.00       1.0  T
   6     -4.4658073 -0.457043E+00  0.831E+00    0.45       1.0  T
   7     -4.4538835  0.119238E-01  0.970E+00    0.00       1.0  T
   8     -4.2050788  0.248805E+00  0.161E+01    0.01       1.0  T
   9     -4.0105000  0.194579E+00  0.206E+01    0.01       1.0  T
  10     -4.4655703 -0.455070E+00  0.847E+00    0.59       1.0  T
  11     -4.4694063 -0.383601E-02  0.807E+00    0.31       1.0  T
  12     -4.0087676  0.460639E+00  0.216E+01    0.01       1.0  T
  13     -4.4655527 -0.456785E+00  0.112E+01    2.83       1.0  T
  14     -4.4655527 -0.838987E-08  0.893E+00    0.98       1.0  T
  15     -4.0087678  0.456785E+00  0.216E+01    0.01       1.0  T
  16     -4.4655527 -0.456785E+00  0.126E+01    3.79       1.0  T
  17     -4.4655527 -0.566807E-09  0.907E+00    1.10       1.0  T
  18     -4.0087675  0.456785E+00  0.217E+01    0.01       1.0  T
  19     -4.4655527 -0.456785E+00  0.131E+01    4.12       1.0  T
  20     -4.4655527 -0.633458E-08  0.895E+00    1.00       1.0  T
  21     -4.0087668  0.456786E+00  0.218E+01    0.01       1.0  T
  22     -4.4655527 -0.456786E+00  0.132E+01    4.21       1.0  T
  23     -4.4655528 -0.924631E-07  0.878E+00    0.86       1.0  T
  24     -4.0087664  0.456786E+00  0.219E+01    0.01       1.0  T
  25     -4.4655527 -0.456786E+00  0.133E+01    4.25       1.0  T
  26     -4.4655534 -0.657150E-06  0.867E+00    0.76       1.0  T
  27     -4.0087661  0.456787E+00  0.220E+01    0.01       1.0  T
  28     -4.4655527 -0.456787E+00  0.133E+01    4.29       1.0  T
  29     -4.4655546 -0.188460E-05  0.860E+00    0.70       1.0  T
  30     -4.0087661  0.456788E+00  0.220E+01    0.01       1.0  T
  31     -4.4655527 -0.456787E+00  0.135E+01    4.36       1.0  T
  32     -4.4655554 -0.272991E-05  0.858E+00    0.68       1.0  T
  33     -4.0087662  0.456789E+00  0.220E+01    0.01       1.0  T
  34     -4.4655527 -0.456786E+00  0.136E+01    4.45       1.0  T
  35     -4.4655553 -0.260766E-05  0.859E+00    0.68       1.0  T
  36     -4.0087664  0.456789E+00  0.219E+01    0.01       1.0  T
  37     -4.4655527 -0.456786E+00  0.138E+01    4.55       1.0  T
  38     -4.4655547 -0.200743E-05  0.860E+00    0.70       1.0  T
  39     -4.0087667  0.456788E+00  0.219E+01    0.01       1.0  T
  40     -4.4655527 -0.456786E+00  0.139E+01    4.66       1.0  T
  41     -4.4655541 -0.140746E-05  0.862E+00    0.71       1.0  T
  42     -4.0087669  0.456787E+00  0.219E+01    0.01       1.0  T
  43     -4.4655527 -0.456786E+00  0.141E+01    4.77       1.0  T
  44     -4.4655537 -0.956403E-06  0.865E+00    0.73       1.0  T
  45     -4.0087671  0.456787E+00  0.219E+01    0.01       1.0  T
  46     -4.4655527 -0.456786E+00  0.143E+01    4.89       1.0  T
  47     -4.4655534 -0.644483E-06  0.867E+00    0.75       1.0  T
  48     -4.0087673  0.456786E+00  0.219E+01    0.01       1.0  T
  49     -4.4655527 -0.456785E+00  0.145E+01    5.01       1.0  T
  50     -4.4655531 -0.430432E-06  0.869E+00    0.77       1.0  T
  51     -4.0087676  0.456786E+00  0.219E+01    0.01       1.0  T
  52     -4.4655527 -0.456785E+00  0.148E+01    5.14       1.0  T
  53     -4.4655530 -0.281032E-06  0.872E+00    0.80       1.0  T
  54     -4.0087678  0.456785E+00  0.219E+01    0.01       1.0  T
  55     -4.4655527 -0.456785E+00  0.150E+01    5.27       1.0  T
  56     -4.4655529 -0.175681E-06  0.875E+00    0.82       1.0  T
  57     -4.0087680  0.456785E+00  0.219E+01    0.01       1.0  T
  58     -4.4655527 -0.456785E+00  0.153E+01    5.42       1.0  T
  59     -4.4655528 -0.102595E-06  0.878E+00    0.85       1.0  T
  60     -4.0087682  0.456785E+00  0.219E+01    0.01       1.0  T
  61     -4.4655527 -0.456784E+00  0.156E+01    5.57       1.0  T
  62     -4.4655528 -0.544870E-07  0.882E+00    0.88       1.0  T
  63     -4.0087685  0.456784E+00  0.219E+01    0.01       1.0  T
  64     -4.4655527 -0.456784E+00  0.159E+01    5.74       1.0  T
  65     -4.4655527 -0.255710E-07  0.887E+00    0.92       1.0  T
  66     -4.0087688  0.456784E+00  0.219E+01    0.01       1.0  T
  67     -4.4655527 -0.456784E+00  0.163E+01    5.92       1.0  T
  68     -4.4655527 -0.100786E-07  0.893E+00    0.96       1.0  T
  69     -4.0087691  0.456784E+00  0.220E+01    0.01       1.0  T
  70     -4.4655527 -0.456784E+00  0.167E+01    6.12       1.0  T
  71     -4.4655527 -0.332345E-08  0.899E+00    1.02       1.0  T
  72     -4.0087694  0.456783E+00  0.220E+01    0.01       1.0  T
  73     -4.4655527 -0.456783E+00  0.172E+01    6.33       1.0  T
  74     -4.4655527 -0.828190E-09  0.908E+00    1.09       1.0  T
  75     -4.0087698  0.456783E+00  0.220E+01    0.01       1.0  T
  76     -4.4655527 -0.456783E+00  0.177E+01    6.55       1.0  T
  77     -4.4655527 -0.926521E-10  0.918E+00    1.17       1.0  T
  78     -4.0087703  0.456782E+00  0.220E+01    0.01       1.0  T
  79     -4.4655527 -0.456782E+00  0.183E+01    6.78       1.0  T
  80     -4.4655527 -0.134595E-10  0.930E+00    1.27       1.0  T
  81     -4.0087708  0.456782E+00  0.221E+01    0.01       1.0  T
  82     -4.4655527 -0.456782E+00  0.190E+01    7.02       1.0  T
  83     -4.4655527 -0.135802E-11  0.945E+00    1.38       1.0  T
  84     -4.0087715  0.456781E+00  0.221E+01    0.01       1.0  T
  85     -4.4655527 -0.456781E+00  0.197E+01    7.26       1.0  T
  86     -4.4655527 -0.888178E-13  0.962E+00    1.52       1.0  T
  87     -4.0087723  0.456780E+00  0.222E+01    0.01       1.0  T
  88     -4.4655527 -0.456780E+00  0.206E+01    7.49       1.0  T
  89     -4.4655527 -0.177636E-14  0.984E+00    1.69       1.0  T
  90     -4.0087733  0.456779E+00  0.222E+01    0.01       1.0  T
  91     -4.4655527 -0.456779E+00  0.215E+01    7.71       1.0  T
  92     -4.4655527  0.000000E+00  0.101E+01    1.88       1.0  T
  93     -4.0087746  0.456778E+00  0.222E+01    0.01       1.0  T
  94     -4.4655527 -0.456778E+00  0.225E+01    7.89       1.0  T
  95     -4.4655527 -0.888178E-15  0.104E+01    2.11       1.0  T
  96     -4.0087761  0.456777E+00  0.223E+01    0.01       1.0  T
  97     -4.4655527 -0.456777E+00  0.237E+01    8.03       1.0  T
  98     -4.4655527  0.888178E-15  0.107E+01    2.37       1.0  T
  99     -4.0087781  0.456775E+00  0.223E+01    0.01       1.0  T
 100     -4.4655527 -0.456775E+00  0.249E+01    8.10       1.0  T
 101     -4.4655527  0.000000E+00  0.112E+01    2.67       1.0  T
 102     -4.0087806  0.456772E+00  0.223E+01    0.01       1.0  T
 103     -4.4655527 -0.456772E+00  0.261E+01    8.10       1.0  T
 104     -4.4655527  0.888178E-15  0.116E+01    3.00       1.0  T
 105     -4.0087838  0.456769E+00  0.222E+01    0.01       1.0  T
 106     -4.4655527 -0.456769E+00  0.274E+01    8.00       1.0  T
 107     -4.4655527  0.177636E-14  0.122E+01    3.36       1.0  T
 108     -4.0087880  0.456765E+00  0.222E+01    0.01       1.0  T
 109     -4.4655527 -0.456765E+00  0.287E+01    7.82       1.0  T
 110     -4.4655527 -0.177636E-14  0.128E+01    3.75       1.0  T
 111     -4.0087933  0.456759E+00  0.221E+01    0.01       1.0  T
 112     -4.4655527 -0.456759E+00  0.300E+01    7.54       1.0  T
 113     -4.4655527 -0.177636E-14  0.135E+01    4.14       1.0  T
 114     -4.0088001  0.456753E+00  0.219E+01    0.01       1.0  T
 115     -4.4655527 -0.456753E+00  0.311E+01    7.23       1.0  T
 116     -4.4655527  0.888178E-15  0.141E+01    4.51       1.0  T
 117     -4.0088088  0.456744E+00  0.217E+01    0.01       1.0  T
 118     -4.4655527 -0.456744E+00  0.319E+01    6.91       1.0  T
 119     -4.4655527  0.000000E+00  0.148E+01    4.84       1.0  T
 120     -4.0088196  0.456733E+00  0.214E+01    0.01       1.0  T
 121     -4.4655527 -0.456733E+00  0.324E+01    6.66       1.0  T
 122     -4.4655527  0.888178E-15  0.153E+01    5.09       1.0  T
 123     -4.0088328  0.456720E+00  0.211E+01    0.01       1.0  T
 124     -4.4655527 -0.456720E+00  0.325E+01    6.54       1.0  T
 125     -4.4655527  0.177636E-14  0.157E+01    5.26       1.0  T
 126     -4.0221721  0.443381E+00  0.205E+01    0.02       1.0  T
 127     -4.4655527 -0.443381E+00  0.317E+01    6.69       1.0  T
 128     -4.4655527  0.000000E+00  0.160E+01    5.34       1.0  T
 129     -4.5841550 -0.118602E+00  0.487E+00    0.09       1.0  T
 130     -4.0088308  0.575324E+00  0.240E+01    0.01       1.0  T
 131     -4.4655527 -0.456722E+00  0.236E+01    7.49       1.0  T
 132     -4.4655527 -0.266454E-11  0.975E+00    1.35       1.0  T
 133     -4.0088225  0.456730E+00  0.259E+01    0.01       1.0  T
 134     -4.4655527 -0.456730E+00  0.203E+01    6.86       1.0  T
 135     -4.5020016 -0.364489E-01  0.746E+00    0.17       1.0  T
 136     -4.0088291  0.493173E+00  0.256E+01    0.01       1.0  T
 137     -4.4655527 -0.456724E+00  0.190E+01    6.43       1.0  T
 138     -4.0170520  0.448501E+00  0.206E+01    0.02       1.0  T
 139     -4.4655527 -0.448501E+00  0.228E+01    7.26       1.0  T
 140     -4.4655527 -0.158984E-12  0.100E+01    1.50       1.0  T
 141     -4.0088473  0.456705E+00  0.255E+01    0.02       1.0  T
 142     -4.4655527 -0.456705E+00  0.175E+01    5.81       1.0  T
 143     -4.0088953  0.456657E+00  0.213E+01    0.02       1.0  T
 144     -4.4655527 -0.456657E+00  0.200E+01    6.61       1.0  T
 145     -4.4657237 -0.170969E-03  0.879E+00    0.45       1.0  T
 146     -4.0088609  0.456863E+00  0.260E+01    0.02       1.0  T
 147     -4.4655527 -0.456692E+00  0.153E+01    4.75       1.0  T
 148     -4.0089039  0.456649E+00  0.223E+01    0.02       1.0  T
 149     -4.4655527 -0.456649E+00  0.171E+01    5.53       1.0  T
 150     -4.0089309  0.456622E+00  0.212E+01    0.02       1.0  T
 151     -4.4655527 -0.456622E+00  0.169E+01    5.43       1.0  T
 152     -4.0089462  0.456606E+00  0.212E+01    0.02       1.0  T
 153     -4.4655527 -0.456606E+00  0.160E+01    4.99       1.0  T
 154     -4.0089548  0.456598E+00  0.217E+01    0.02       1.0  T
 155     -4.4655527 -0.456598E+00  0.148E+01    4.38       1.0  T
 156     -4.0089602  0.456593E+00  0.224E+01    0.02       1.0  T
 157     -4.4655527 -0.456593E+00  0.135E+01    3.65       1.0  T
 158     -4.0089639  0.456589E+00  0.232E+01    0.02       1.0  T
 159     -4.4655527 -0.456589E+00  0.123E+01    2.83       1.0  T
 160     -4.0089671  0.456586E+00  0.239E+01    0.02       1.0  T
 161     -4.4655527 -0.456586E+00  0.110E+01    1.96       1.0  T
 162     -4.0089701  0.456583E+00  0.247E+01    0.02       1.0  T
 163     -4.4655527 -0.456583E+00  0.987E+00    1.05       1.0  T
 164     -4.0089732  0.456579E+00  0.254E+01    0.02       1.0  T
 165     -4.5308818 -0.521909E+00  0.700E+00    0.13       1.0  T
 166     -4.0089914  0.521890E+00  0.250E+01    0.02       1.0  T
 167     -4.0130830 -0.409168E-02  0.209E+01    0.03       1.0  T
 168     -4.6777847 -0.664702E+00  0.864E+00    0.00       1.0  T
 169     -4.4655527  0.212232E+00  0.121E+01    2.56       1.0  T
 170     -4.3237401  0.141813E+00  0.147E+01    0.02       1.0  T
 171     -4.6724491 -0.348709E+00  0.682E+00    0.00       1.0  T
 172     -4.6779819 -0.553282E-02  0.887E+00    0.00       1.0  T
 173     -4.6779835 -0.158335E-05  0.885E+00    0.00       1.0  T
 174     -4.4655528  0.212431E+00  0.966E+00    0.83       1.0  T
 175     -4.0090702  0.456483E+00  0.216E+01    0.03       1.0  T
 176     -4.4655527 -0.456483E+00  0.107E+01    1.62       1.0  T
 177     -4.2840687  0.181484E+00  0.154E+01    0.02       1.0  T
 178     -4.6376792 -0.353610E+00  0.279E+00    0.04       1.0  T
 179     -4.0115624  0.626117E+00  0.210E+01    0.03       1.0  T
 180     -4.4655527 -0.453990E+00  0.104E+01    1.42       1.0  T
 181     -4.0307634  0.434789E+00  0.205E+01    0.03       1.0  T
 182     -4.4655527 -0.434789E+00  0.978E+00    0.96       1.0  T
 183     -4.0091259  0.456427E+00  0.212E+01    0.03       1.0  T
 184     -4.4655528 -0.456427E+00  0.965E+00    0.86       1.0  T
 185     -4.0091874  0.456365E+00  0.211E+01    0.03       1.0  T
 186     -4.4655580 -0.456371E+00  0.936E+00    0.63       1.0  T
 187     -4.0091528  0.456405E+00  0.212E+01    0.03       1.0  T
 188     -4.4659903 -0.456837E+00  0.906E+00    0.40       1.0  T
 189     -4.0091498  0.456840E+00  0.212E+01    0.03       1.0  T
 190     -4.4932443 -0.484095E+00  0.811E+00    0.18       1.0  T
 191     -4.0091648  0.484079E+00  0.212E+01    0.03       1.0  T
 192     -4.6579450 -0.648780E+00  0.327E+00    0.01       1.0  T
 193     -4.2328848  0.425060E+00  0.163E+01    0.03       1.0  T
 194     -4.0091676  0.223717E+00  0.215E+01    0.03       1.0  T
 195     -4.6780555 -0.668888E+00  0.905E+00    0.00       1.0  T
 196     -4.6641689  0.138866E-01  0.429E+00    0.00       1.0  T
 197     -4.6780530 -0.138842E-01  0.910E+00    0.00       1.0  T
 198     -4.6780430  0.999917E-05  0.898E+00    0.00       1.0  T
 199     -4.6780578 -0.147818E-04  0.905E+00    0.00       1.0  T
 200     -4.6712997  0.675815E-02  0.934E+00    0.00       1.0  T
 201     -4.0093754  0.661924E+00  0.211E+01    0.03       1.0  T
 202     -4.6673150 -0.657940E+00  0.505E+00    0.00       1.0  T
 203     -4.0091827  0.658132E+00  0.216E+01    0.03       1.0  T
 204     -4.6780488 -0.668866E+00  0.893E+00    0.00       1.0  T
 205     -4.6727806  0.526813E-02  0.924E+00    0.00       1.0  T
 206     -4.0096837  0.663097E+00  0.211E+01    0.03       1.0  T
 207     -4.6772589 -0.667575E+00  0.851E+00    0.00       1.0  T
 208     -4.3414800  0.335779E+00  0.144E+01    0.01       1.0  T
 209     -4.0091637  0.332316E+00  0.223E+01    0.03       1.0  T
 210     -4.6780643 -0.668901E+00  0.883E+00    0.00       1.0  T
 211     -4.6183358  0.597285E-01  0.988E+00    0.00       1.0  T
 212     -4.0091745  0.609161E+00  0.216E+01    0.03       1.0  T
 213     -4.6726842 -0.663510E+00  0.676E+00    0.00       1.0  T
 214     -4.0091901  0.663494E+00  0.213E+01    0.03       1.0  T
 215     -4.6764542 -0.667264E+00  0.813E+00    0.00       1.0  T
 216     -4.5028647  0.173590E+00  0.117E+01    0.00       1.0  T
 217     -4.0091813  0.493683E+00  0.220E+01    0.03       1.0  T
 218     -4.6766492 -0.667468E+00  0.815E+00    0.00       1.0  T
 219     -4.6778641 -0.121497E-02  0.897E+00    0.00       1.0  T
 220     -4.6754395  0.242463E-02  0.910E+00    0.00       1.0  T
 221     -4.5344819  0.140958E+00  0.111E+01    0.00       1.0  T
 222     -4.0091983  0.525284E+00  0.218E+01    0.03       1.0  T
 223     -4.6441816 -0.634983E+00  0.259E+00    0.03       1.0  T
 224     -4.0092177  0.634964E+00  0.218E+01    0.03       1.0  T
 225     -4.6649776 -0.655760E+00  0.435E+00    0.00       1.0  T
 226     -4.0092364  0.655741E+00  0.213E+01    0.03       1.0  T
 227     -4.4935107 -0.484274E+00  0.809E+00    0.18       1.0  T
 228     -4.0092625  0.484248E+00  0.212E+01    0.04       1.0  T
 229     -4.6754061 -0.666144E+00  0.805E+00    0.01       1.0  T
 230     -4.6781039 -0.269774E-02  0.914E+00    0.01       1.0  T
 231     -4.0094562  0.668648E+00  0.211E+01    0.04       1.0  T
 232     -4.6781128 -0.668657E+00  0.902E+00    0.00       1.0  T
 233     -4.6733954  0.471749E-02  0.926E+00    0.00       1.0  T
 234     -4.3007569  0.372638E+00  0.151E+01    0.02       1.0  T
 235     -4.0092550  0.291502E+00  0.222E+01    0.04       1.0  T
 236     -4.6781222 -0.668867E+00  0.906E+00    0.00       1.0  T
 237     -4.6765394  0.158278E-02  0.924E+00    0.00       1.0  T
 238     -4.6341516  0.423878E-01  0.978E+00    0.00       1.0  T
 239     -4.0092835  0.624868E+00  0.212E+01    0.04       1.0  T
 240     -4.6548961 -0.645613E+00  0.304E+00    0.02       1.0  T
 241     -4.0092952  0.645601E+00  0.216E+01    0.04       1.0  T
 242     -4.6773592 -0.668064E+00  0.878E+00    0.00       1.0  T
 243     -4.6780299 -0.670714E-03  0.923E+00    0.00       1.0  T
 244     -4.6778850  0.144939E-03  0.923E+00    0.00       1.0  T
 245     -4.0109008  0.666984E+00  0.210E+01    0.04       1.0  T
 246     -4.6781296 -0.667229E+00  0.888E+00    0.00       1.0  T
 247     -4.0098680  0.668262E+00  0.211E+01    0.04       1.0  T
 248     -4.6781302 -0.668262E+00  0.884E+00    0.00       1.0  T
 249     -4.0092966  0.668834E+00  0.212E+01    0.04       1.0  T
 250     -4.6781271 -0.668830E+00  0.883E+00    0.00       1.0  T

   *** convergence criteria cannot be satisfied within 250 iterations ***

         #    Occupation            Energy/Eh            Energy/eV
      -------------------------------------------------------------
         1        2.0000           -0.5798583             -15.7787
         2        2.0000           -0.3733779             -10.1601
         3        1.7179           -0.3572523              -9.7213
         4        1.1853           -0.3558921              -9.6843 (HOMO)
         5        1.0967           -0.3557202              -9.6796 (LUMO)
         6        0.0000           -0.3434784              -9.3465
      -------------------------------------------------------------
                  HL-Gap            0.0001719 Eh            0.0047 eV
             Fermi-level           -0.3555358 Eh           -9.6746 eV

 SCC (total)                   0 d,  0 h,  0 min,  4.452 sec
 SCC setup                      ...        0 min,  0.010 sec (  0.216%)
 Dispersion                     ...        0 min,  0.010 sec (  0.217%)
 classical contributions        ...        0 min,  0.004 sec (  0.085%)
 integral evaluation            ...        0 min,  0.010 sec (  0.235%)
 iterations                     ...        0 min,  4.384 sec ( 98.476%)
 molecular gradient             ...        0 min,  0.034 sec (  0.768%)
 printout                       ...        0 min,  0.000 sec (  0.002%)

########################################################################
[ERROR] Program stopped due to fatal error
-3- Single point calculation terminated
-2- xtb_calculator_singlepoint: Electronic structure method terminated
-1- scf: Self consistent charge iterator did not converge
########################################################################
