      -----------------------------------------------------------      
     |                   =====================                   |     
     |                           x T B                           |     
     |                   =====================                   |     
     |                         S. Grimme                         |     
     |          Mulliken Center for Theoretical Chemistry        |     
     |                    University of Bonn                     |     
      -----------------------------------------------------------      

   * xtb version 6.5.1 (b24c23e) compiled by 'conda@728c89f4b128' on 2022-07-12

   xtb is free software: you can redistribute it and/or modify it under
   the terms of the GNU Lesser General Public License as published by
   the Free Software Foundation, either version 3 of the License, or
   (at your option) any later version.
   
   xtb is distributed in the hope that it will be useful,
   but WITHOUT ANY WARRANTY; without even the implied warranty of
   MERCHANTABILITY or FITNESS FOR A PARTICULAR PURPOSE.  See the
   GNU Lesser General Public License for more details.
   
   Cite this work as:
   * C. Bannwarth, E. Caldeweyher, S. Ehlert, A. Hansen, P. Pracht,
     J. Seibert, S. Spicher, S. Grimme, WIREs Comput. Mol. Sci., 2020, 11,
     e01493. DOI: 10.1002/wcms.1493
   
   for GFN2-xTB:
   * C. Bannwarth, S. Ehlert and S. Grimme., J. Chem. Theory Comput., 2019,
     15, 1652-1671. DOI: 10.1021/acs.jctc.8b01176
   for GFN1-xTB:
   * S. Grimme, C. Bannwarth, P. Shushkov, J. Chem. Theory Comput., 2017,
     13, 1989-2009. DOI: 10.1021/acs.jctc.7b00118
   for GFN0-xTB:
   * P. Pracht, E. Caldeweyher, S. Ehlert, S. Grimme, ChemRxiv, 2019, preprint.
     DOI: 10.26434/chemrxiv.8326202.v1
   for GFN-FF:
   * S. Spicher and S. Grimme, Angew. Chem. Int. Ed., 2020, 59, 15665-15673.
     DOI: 10.1002/anie.202004239
   
   for ALPB and GBSA implicit solvation:
   * S. Ehlert, M. Stahn, S. Spicher, S. Grimme, J. Chem. Theory Comput.,
     2021, 17, 4250-4261. DOI: 10.1021/acs.jctc.1c00471
   
   for DFT-D4:
   * E. Caldeweyher, C. Bannwarth and S. Grimme, J. Chem. Phys., 2017,
     147, 034112. DOI: 10.1063/1.4993215
   * E. Caldeweyher, S. Ehlert, A. Hansen, H. Neugebauer, S. Spicher,
     C. Bannwarth and S. Grimme, J. Chem. Phys., 2019, 150, 154122.
     DOI: 10.1063/1.5090222
   * E. Caldeweyher, J.-M. Mewes, S. Ehlert and S. Grimme, Phys. Chem. Chem. Phys.
     2020, 22, 8499-8512. DOI: 10.1039/D0CP00502A
   
   for sTDA-xTB:
   * S. Grimme and C. Bannwarth, J. Chem. Phys., 2016, 145, 054103.
     DOI: 10.1063/1.4959605
   
   in the mass-spec context:
   * V. Asgeirsson, C. Bauer and S. Grimme, Chem. Sci., 2017, 8, 4879.
     DOI: 10.1039/c7sc00601b
   * J. Koopman and S. Grimme, ACS Omega 2019, 4, 12, 15120-15133.
     DOI: 10.1021/acsomega.9b02011
   
   for metadynamics refer to:
   * S. Grimme, J. Chem. Theory Comput., 2019, 155, 2847-2862
     DOI: 10.1021/acs.jctc.9b00143
   
   for SPH calculations refer to:
   * S. Spicher and S. Grimme, J. Chem. Theory Comput., 2021, 17, 1701-1714
     DOI: 10.1021/acs.jctc.0c01306
   
   with help from (in alphabetical order)
   P. Atkinson, C. Bannwarth, F. Bohle, G. Brandenburg, E. Caldeweyher
   M. Checinski, S. Dohm, S. Ehlert, S. Ehrlich, I. Gerasimov, C. Hölzer
   A. Katbashev, J. Koopman, C. Lavigne, S. Lehtola, F. März, M. Müller,
   F. Musil, H. Neugebauer, J. Pisarek, C. Plett, P. Pracht, F. Pultar,
   J. Seibert, P. Shushkov, S. Spicher, M. Stahn, M. Steiner, T. Strunk,
   J. Stückrath, T. Rose, and J. Unsleber
   
 * started run on 2022/12/22 at 11:52:28.322     

           -------------------------------------------------
          |                Calculation Setup                |
           -------------------------------------------------

          program call               : xtb urea.xyz -hess -P 4
          coordinate file            : urea.xyz
          omp threads                :                     4

   ID    Z sym.   atoms
    1    6 C      1
    2    7 N      2, 5
    3    1 H      3, 4, 6, 7
    4    8 O      8
########################################################################
[WARNING] Please study the warnings concerning your input carefully
-1- prog_main_parseArguments: the use of '-hess' is discouraged, please use '--hess' next time
########################################################################

           -------------------------------------------------
          |                 G F N 2 - x T B                 |
           -------------------------------------------------

        Reference                      10.1021/acs.jctc.8b01176
      * Hamiltonian:
        H0-scaling (s, p, d)           1.850000    2.230000    2.230000
        zeta-weighting                 0.500000
      * Dispersion:
        s8                             2.700000
        a1                             0.520000
        a2                             5.000000
        s9                             5.000000
      * Repulsion:
        kExp                           1.500000    1.000000
        rExp                           1.000000
      * Coulomb:
        alpha                          2.000000
        third order                    shell-resolved
        anisotropic                    true
        a3                             3.000000
        a5                             4.000000
        cn-shift                       1.200000
        cn-exp                         4.000000
        max-rad                        5.000000


          ...................................................
          :                      SETUP                      :
          :.................................................:
          :  # basis functions                  20          :
          :  # atomic orbitals                  20          :
          :  # shells                           12          :
          :  # electrons                        24          :
          :  max. iterations                   250          :
          :  Hamiltonian                  GFN2-xTB          :
          :  restarted?                      false          :
          :  GBSA solvation                  false          :
          :  PC potential                    false          :
          :  electronic temp.          300.0000000     K    :
          :  accuracy                    1.0000000          :
          :  -> integral cutoff          0.2500000E+02      :
          :  -> integral neglect         0.1000000E-07      :
          :  -> SCF convergence          0.1000000E-05 Eh   :
          :  -> wf. convergence          0.1000000E-03 e    :
          :  Broyden damping             0.4000000          :
          ...................................................

 iter      E             dE          RMSdq      gap      omega  full diag
   1    -14.1694856 -0.141695E+02  0.500E+00    4.69       0.0  T
   2    -14.2281310 -0.586454E-01  0.247E+00    5.40       1.0  T
   3    -14.2290639 -0.932872E-03  0.125E+00    5.35       1.0  T
   4    -14.2292417 -0.177806E-03  0.196E-01    5.42       1.0  T
   5    -14.2293197 -0.779990E-04  0.963E-02    5.38       1.0  T
   6    -14.2293208 -0.107707E-05  0.330E-02    5.40       1.1  T
   7    -14.2293263 -0.551819E-05  0.115E-02    5.39       3.1  T
   8    -14.2293266 -0.282751E-06  0.167E-03    5.39      21.2  T
   9    -14.2293266 -0.128109E-07  0.191E-04    5.39     185.6  T
  10    -14.2293266 -0.100037E-09  0.669E-05    5.39     528.5  T

   *** convergence criteria satisfied after 10 iterations ***

         #    Occupation            Energy/Eh            Energy/eV
      -------------------------------------------------------------
         1        2.0000           -0.6928238             -18.8527
       ...           ...                  ...                  ...
         6        2.0000           -0.5581891             -15.1891
         7        2.0000           -0.5329687             -14.5028
         8        2.0000           -0.5181520             -14.0996
         9        2.0000           -0.4971536             -13.5282
        10        2.0000           -0.4232374             -11.5169
        11        2.0000           -0.4160485             -11.3213
        12        2.0000           -0.4012653             -10.9190 (HOMO)
        13                         -0.2033137              -5.5324 (LUMO)
        14                         -0.0136223              -0.3707
        15                          0.0609369               1.6582
        16                          0.1406902               3.8284
        17                          0.1770106               4.8167
       ...                                ...                  ...
        20                          0.5719105              15.5625
      -------------------------------------------------------------
                  HL-Gap            0.1979516 Eh            5.3865 eV
             Fermi-level           -0.3022895 Eh           -8.2257 eV

 SCC (total)                   0 d,  0 h,  0 min,  0.005 sec
 SCC setup                      ...        0 min,  0.000 sec (  3.904%)
 Dispersion                     ...        0 min,  0.000 sec (  2.566%)
 classical contributions        ...        0 min,  0.000 sec (  1.157%)
 integral evaluation            ...        0 min,  0.000 sec (  6.617%)
 iterations                     ...        0 min,  0.003 sec ( 65.185%)
 molecular gradient             ...        0 min,  0.001 sec ( 16.651%)
 printout                       ...        0 min,  0.000 sec (  3.580%)

         :::::::::::::::::::::::::::::::::::::::::::::::::::::
         ::                     SUMMARY                     ::
         :::::::::::::::::::::::::::::::::::::::::::::::::::::
         :: total energy             -14.093063923324 Eh    ::
         :: gradient norm              0.054359875565 Eh/a0 ::
         :: HOMO-LUMO gap              5.386537600573 eV    ::
         ::.................................................::
         :: SCC energy               -14.229326601436 Eh    ::
         :: -> isotropic ES            0.053539737445 Eh    ::
         :: -> anisotropic ES          0.004828975690 Eh    ::
         :: -> anisotropic XC          0.004181783470 Eh    ::
         :: -> dispersion             -0.002970363450 Eh    ::
         :: repulsion energy           0.136262185495 Eh    ::
         :: add. restraining           0.000000000000 Eh    ::
         :: total charge              -0.000000000000 e     ::
         :::::::::::::::::::::::::::::::::::::::::::::::::::::

           ------------------------------------------------- 
          |                Numerical Hessian                |
           ------------------------------------------------- 
step length          :   0.00500
SCC accuracy         :   0.30000
Hessian scale factor :   1.00000
frozen atoms in %    :   0.00000    0
RMS gradient         :   0.05436 !! INCOMPLETELY OPTIMIZED GEOMETRY !!
estimated CPU  time      0.00 min
estimated wall time      0.00 min

writing file <hessian>.

 projected vibrational frequencies (cm⁻¹)
eigval :       -0.00    -0.00    -0.00    -0.00     0.00     0.00
eigval :      410.66   452.06   499.99   523.86   600.11   634.46
eigval :      737.39   904.86   984.53  1094.49  1238.60  1475.93
eigval :     1485.24  1630.58  3394.01  3399.83  3448.68  3457.56
           -------------------------------------------------
          |                Property Printout                |
           -------------------------------------------------

    * Orbital Energies and Occupations

         #    Occupation            Energy/Eh            Energy/eV
      -------------------------------------------------------------
         1        2.0000           -0.6928239             -18.8527
         2        2.0000           -0.6576652             -17.8960
         3        2.0000           -0.6408565             -17.4386
         4        2.0000           -0.5927138             -16.1286
         5        2.0000           -0.5684487             -15.4683
         6        2.0000           -0.5581890             -15.1891
         7        2.0000           -0.5329686             -14.5028
         8        2.0000           -0.5181516             -14.0996
         9        2.0000           -0.4971538             -13.5282
        10        2.0000           -0.4232373             -11.5169
        11        2.0000           -0.4160487             -11.3213
        12        2.0000           -0.4012657             -10.9190 (HOMO)
        13                         -0.2033136              -5.5324 (LUMO)
        14                         -0.0136221              -0.3707
        15                          0.0609370               1.6582
        16                          0.1406902               3.8284
        17                          0.1770110               4.8167
        18                          0.1975192               5.3748
        19                          0.3277039               8.9173
        20                          0.5719106              15.5625
      -------------------------------------------------------------
                  HL-Gap            0.1979521 Eh            5.3866 eV
             Fermi-level           -0.3022896 Eh           -8.2257 eV

     #   Z          covCN         q      C6AA      α(0)
     1   6 C        2.674     0.334    21.332     7.558
     2   7 N        2.634    -0.301    27.764     7.826
     3   1 H        0.860     0.191     1.151     1.680
     4   1 H        0.860     0.169     1.280     1.772
     5   7 N        2.634    -0.301    27.756     7.824
     6   1 H        0.860     0.169     1.280     1.772
     7   1 H        0.860     0.191     1.151     1.681
     8   8 O        0.857    -0.452    22.741     6.394

 Mol. C6AA /au·bohr⁶  :        589.192285
 Mol. C8AA /au·bohr⁸  :      12281.450008
 Mol. α(0) /au        :         36.507152


Wiberg/Mayer (AO) data.
largest (>0.10) Wiberg bond orders for each atom

 ---------------------------------------------------------------------------
     #   Z sym  total        # sym  WBO       # sym  WBO       # sym  WBO
 ---------------------------------------------------------------------------
     1   6 C    3.957 --     8 O    1.655     5 N    1.149     2 N    1.149
     2   7 N    3.258 --     1 C    1.149     4 H    0.953     3 H    0.947
                             8 O    0.147
     3   1 H    0.963 --     2 N    0.947
     4   1 H    0.972 --     2 N    0.953
     5   7 N    3.259 --     1 C    1.149     6 H    0.953     7 H    0.947
                             8 O    0.147
     6   1 H    0.972 --     5 N    0.953
     7   1 H    0.963 --     5 N    0.947
     8   8 O    1.982 --     1 C    1.655     5 N    0.147     2 N    0.147
 ---------------------------------------------------------------------------

Topologies differ in total number of bonds
Writing topology from bond orders to xtbtopo.mol

molecular dipole:
                 x           y           z       tot (Debye)
 q only:        0.557       0.712      -1.205
   full:        0.991       0.832      -1.408       4.860
molecular quadrupole (traceless):
                xx          xy          yy          xz          yz          zz
 q only:        1.402       7.808      21.231       3.443      -4.272     -22.632
  q+dip:        1.991      13.659      24.767       6.487      -4.747     -26.757
   full:        2.356      13.656      24.573       6.492      -4.767     -26.930

           -------------------------------------------------
          |               Frequency Printout                |
           -------------------------------------------------
 projected vibrational frequencies (cm⁻¹)
eigval :       -0.00    -0.00    -0.00    -0.00     0.00     0.00
eigval :      410.66   452.06   499.99   523.86   600.11   634.46
eigval :      737.39   904.86   984.53  1094.49  1238.60  1475.93
eigval :     1485.24  1630.58  3394.01  3399.83  3448.68  3457.56
 reduced masses (amu)
   1: 14.18   2: 11.75   3: 11.49   4: 11.98   5: 13.90   6: 13.64   7:  1.45   8:  8.33
   9:  3.55  10:  9.89  11:  6.55  12:  4.12  13: 11.76  14: 10.92  15:  4.63  16:  6.15
  17:  9.96  18:  3.22  19:  2.97  20: 12.52  21:  1.46  22:  1.48  23:  2.15  24:  2.14
 IR intensities (km·mol⁻¹)
   1: 15.16   2:  7.48   3:  0.80   4:  3.88   5:  4.06   6:  2.09   7:  2.08   8: 19.05
   9: 27.82  10: 41.31  11:176.59  12:292.81  13:233.87  14: 17.93  15:  8.78  16:  1.85
  17:348.17  18:136.23  19: 12.79  20:575.76  21: 10.42  22:  6.26  23:  8.82  24:  5.11
 Raman intensities (amu)
   1:  0.00   2:  0.00   3:  0.00   4:  0.00   5:  0.00   6:  0.00   7:  0.00   8:  0.00
   9:  0.00  10:  0.00  11:  0.00  12:  0.00  13:  0.00  14:  0.00  15:  0.00  16:  0.00
  17:  0.00  18:  0.00  19:  0.00  20:  0.00  21:  0.00  22:  0.00  23:  0.00  24:  0.00
 output can be read by thermo (or use thermo option).
 writing <g98.out> molden fake output.
 recommended (thermochemical) frequency scaling factor: 1.0
           -------------------------------------------------
          |             Thermodynamic Functions             |
           -------------------------------------------------

Refinement of some symmetry elements was terminated before convergence was reached.
Some symmetry elements may remain unidentified.
Molecule has the following symmetry elements: (sigma) 
It seems to be the Cs point group
cs  symmetry found (for desy threshold:  0.10E+00) used in thermo

          ...................................................
          :                      SETUP                      :
          :.................................................:
          :  # frequencies                          18      :
          :  # imaginary freq.                       0      :
          :  linear?                             false      :
          :  only rotor calc.                    false      :
          :  symmetry                               cs      :
          :  rotational number                       1      :
          :  scaling factor                  1.0000000      :
          :  rotor cutoff                   50.0000000 cm⁻¹ :
          :  imag. cutoff                  -20.0000000 cm⁻¹ :
          :.................................................:

    mode    ω/cm⁻¹     T·S(HO)/kcal·mol⁻¹    T·S(FR)/kcal·mol⁻¹   T·S(vib)
   ------------------------------------------------------------------------
   ------------------------------------------------------------------------

   temp. (K)  partition function   enthalpy   heat capacity  entropy
                                   cal/mol     cal/K/mol   cal/K/mol   J/K/mol
 298.15  VIB   1.84                  965.245      9.563      4.450
         ROT  0.361E+05              888.752      2.981     23.834
         INT  0.664E+05             1853.998     12.543     28.284
         TR   0.450E+27             1481.254      4.968     38.181
         TOT                        3335.2516    17.5116    66.4648   278.0889

       T/K    H(0)-H(T)+PV         H(T)/Eh          T*S/Eh         G(T)/Eh
   ------------------------------------------------------------------------
    298.15    0.531506E-02    0.653968E-01    0.315796E-01    0.338172E-01
   ------------------------------------------------------------------------

         :::::::::::::::::::::::::::::::::::::::::::::::::::::
         ::                  THERMODYNAMIC                  ::
         :::::::::::::::::::::::::::::::::::::::::::::::::::::
         :: total free energy         -14.059246729905 Eh   ::
         ::.................................................::
         :: total energy              -14.093063923335 Eh   ::
         :: zero point energy           0.060081717442 Eh   ::
         :: G(RRHO) w/o ZPVE           -0.026264524012 Eh   ::
         :: G(RRHO) contrib.            0.033817193430 Eh   ::
         :::::::::::::::::::::::::::::::::::::::::::::::::::::

           -------------------------------------------------
          | TOTAL ENERGY              -14.093063923335 Eh   |
          | TOTAL ENTHALPY            -14.027667144177 Eh   |
          | TOTAL FREE ENERGY         -14.059246729905 Eh   |
          | GRADIENT NORM               0.054359285962 Eh/α |
          | HOMO-LUMO GAP               5.386551048051 eV   |
           -------------------------------------------------
########################################################################
[WARNING] Runtime exception occurred
-1- hessian_numhess: Hessian on incompletely optimized geometry!
########################################################################

------------------------------------------------------------------------
 * finished run on 2022/12/22 at 11:52:28.428     
------------------------------------------------------------------------
 total:
 * wall-time:     0 d,  0 h,  0 min,  0.106 sec
 *  cpu-time:     0 d,  0 h,  0 min,  0.297 sec
 * ratio c/w:     2.808 speedup
 SCF:
 * wall-time:     0 d,  0 h,  0 min,  0.005 sec
 *  cpu-time:     0 d,  0 h,  0 min,  0.000 sec
 * ratio c/w:     0.000 speedup
 analytical hessian:
 * wall-time:     0 d,  0 h,  0 min,  0.036 sec
 *  cpu-time:     0 d,  0 h,  0 min,  0.141 sec
 * ratio c/w:     3.892 speedup

