      -----------------------------------------------------------      
     |                   =====================                   |     
     |                           x T B                           |     
     |                   =====================                   |     
     |                         S. Grimme                         |     
     |          Mulliken Center for Theoretical Chemistry        |     
     |                    University of Bonn                     |     
      -----------------------------------------------------------      

   * xtb version 6.5.1 (b24c23e) compiled by 'conda@728c89f4b128' on 2022-07-12

   xtb is free software: you can redistribute it and/or modify it under
   the terms of the GNU Lesser General Public License as published by
   the Free Software Foundation, either version 3 of the License, or
   (at your option) any later version.
   
   xtb is distributed in the hope that it will be useful,
   but WITHOUT ANY WARRANTY; without even the implied warranty of
   MERCHANTABILITY or FITNESS FOR A PARTICULAR PURPOSE.  See the
   GNU Lesser General Public License for more details.
   
   Cite this work as:
   * C. Bannwarth, E. Caldeweyher, S. Ehlert, A. Hansen, P. Pracht,
     J. Seibert, S. Spicher, S. Grimme, WIREs Comput. Mol. Sci., 2020, 11,
     e01493. DOI: 10.1002/wcms.1493
   
   for GFN2-xTB:
   * C. Bannwarth, S. Ehlert and S. Grimme., J. Chem. Theory Comput., 2019,
     15, 1652-1671. DOI: 10.1021/acs.jctc.8b01176
   for GFN1-xTB:
   * S. Grimme, C. Bannwarth, P. Shushkov, J. Chem. Theory Comput., 2017,
     13, 1989-2009. DOI: 10.1021/acs.jctc.7b00118
   for GFN0-xTB:
   * P. Pracht, E. Caldeweyher, S. Ehlert, S. Grimme, ChemRxiv, 2019, preprint.
     DOI: 10.26434/chemrxiv.8326202.v1
   for GFN-FF:
   * S. Spicher and S. Grimme, Angew. Chem. Int. Ed., 2020, 59, 15665-15673.
     DOI: 10.1002/anie.202004239
   
   for ALPB and GBSA implicit solvation:
   * S. Ehlert, M. Stahn, S. Spicher, S. Grimme, J. Chem. Theory Comput.,
     2021, 17, 4250-4261. DOI: 10.1021/acs.jctc.1c00471
   
   for DFT-D4:
   * E. Caldeweyher, C. Bannwarth and S. Grimme, J. Chem. Phys., 2017,
     147, 034112. DOI: 10.1063/1.4993215
   * E. Caldeweyher, S. Ehlert, A. Hansen, H. Neugebauer, S. Spicher,
     C. Bannwarth and S. Grimme, J. Chem. Phys., 2019, 150, 154122.
     DOI: 10.1063/1.5090222
   * E. Caldeweyher, J.-M. Mewes, S. Ehlert and S. Grimme, Phys. Chem. Chem. Phys.
     2020, 22, 8499-8512. DOI: 10.1039/D0CP00502A
   
   for sTDA-xTB:
   * S. Grimme and C. Bannwarth, J. Chem. Phys., 2016, 145, 054103.
     DOI: 10.1063/1.4959605
   
   in the mass-spec context:
   * V. Asgeirsson, C. Bauer and S. Grimme, Chem. Sci., 2017, 8, 4879.
     DOI: 10.1039/c7sc00601b
   * J. Koopman and S. Grimme, ACS Omega 2019, 4, 12, 15120-15133.
     DOI: 10.1021/acsomega.9b02011
   
   for metadynamics refer to:
   * S. Grimme, J. Chem. Theory Comput., 2019, 155, 2847-2862
     DOI: 10.1021/acs.jctc.9b00143
   
   for SPH calculations refer to:
   * S. Spicher and S. Grimme, J. Chem. Theory Comput., 2021, 17, 1701-1714
     DOI: 10.1021/acs.jctc.0c01306
   
   with help from (in alphabetical order)
   P. Atkinson, C. Bannwarth, F. Bohle, G. Brandenburg, E. Caldeweyher
   M. Checinski, S. Dohm, S. Ehlert, S. Ehrlich, I. Gerasimov, C. Hölzer
   A. Katbashev, J. Koopman, C. Lavigne, S. Lehtola, F. März, M. Müller,
   F. Musil, H. Neugebauer, J. Pisarek, C. Plett, P. Pracht, F. Pultar,
   J. Seibert, P. Shushkov, S. Spicher, M. Stahn, M. Steiner, T. Strunk,
   J. Stückrath, T. Rose, and J. Unsleber
   
 * started run on 2022/12/22 at 11:39:35.230     

           -------------------------------------------------
          |                Calculation Setup                |
           -------------------------------------------------

          program call               : xtb water.xyz --alpb DMSO --chrg 1 --uhf 1 -P 4
          coordinate file            : water.xyz
          omp threads                :                     4

   ID    Z sym.   atoms
    1    8 O      1
    2    1 H      2, 3

           -------------------------------------------------
          |                 G F N 2 - x T B                 |
           -------------------------------------------------

        Reference                      10.1021/acs.jctc.8b01176
      * Hamiltonian:
        H0-scaling (s, p, d)           1.850000    2.230000    2.230000
        zeta-weighting                 0.500000
      * Dispersion:
        s8                             2.700000
        a1                             0.520000
        a2                             5.000000
        s9                             5.000000
      * Repulsion:
        kExp                           1.500000    1.000000
        rExp                           1.000000
      * Coulomb:
        alpha                          2.000000
        third order                    shell-resolved
        anisotropic                    true
        a3                             3.000000
        a5                             4.000000
        cn-shift                       1.200000
        cn-exp                         4.000000
        max-rad                        5.000000

      * Solvation model:               ALPB
        Solvent                        DMSO
        Parameter file                 internal GFN2-xTB/ALPB
        Dielectric constant                4.6680E+01
        Reference state                gsolv [1 M gas/solution]
        Free energy shift                  7.1947E-03 Eh       4.5147E+00 kcal/mol
        Temperature                        2.9815E+02 K
        Density                            1.1000E+00 kg/L
        Solvent mass                       7.8130E+01 g/mol
        Interaction kernel             P16
        Born radius scaling (c1)           1.7927E+00
        Born radii integrator          GBOBC
        Born offset                        0.0000E+00 a0       0.0000E+00 AA
        H-bond correction              true
        Ion screening                  false
        Surface tension                    1.0000E-05 Eh       1.5569E+01 dyn/cm
        Grid points                               230 per atom

          ...................................................
          :                      SETUP                      :
          :.................................................:
          :  # basis functions                   6          :
          :  # atomic orbitals                   6          :
          :  # shells                            4          :
          :  # electrons                         7          :
          :  max. iterations                   250          :
          :  Hamiltonian                  GFN2-xTB          :
          :  restarted?                      false          :
          :  GBSA solvation                   true          :
          :  PC potential                    false          :
          :  electronic temp.          300.0000000     K    :
          :  accuracy                    1.0000000          :
          :  -> integral cutoff          0.2500000E+02      :
          :  -> integral neglect         0.1000000E-07      :
          :  -> SCF convergence          0.1000000E-05 Eh   :
          :  -> wf. convergence          0.1000000E-03 e    :
          :  Broyden damping             0.4000000          :
          ...................................................

 iter      E             dE          RMSdq      gap      omega  full diag
   1     -4.5785823 -0.457858E+01  0.453E+00   18.10       0.0  T
   2     -4.5786713 -0.889939E-04  0.269E+00   17.93       1.0  T
   3     -4.5787058 -0.345924E-04  0.911E-02   17.69       1.0  T
   4     -4.5787087 -0.285686E-05  0.146E-02   17.73       4.0  T
   5     -4.5787087 -0.357569E-07  0.509E-03   17.73      11.3  T
   6     -4.5787087 -0.213549E-08  0.225E-04   17.72     256.1  T
   7     -4.5787087 -0.694733E-11  0.855E-05   17.72     675.0  T

   *** convergence criteria satisfied after 7 iterations ***

         #    Occupation            Energy/Eh            Energy/eV
      -------------------------------------------------------------
         1        2.0000           -0.8454824             -23.0067
         2        2.0000           -0.7317272             -19.9113
         3        2.0000           -0.6945016             -18.8983
         4        1.0000           -0.6460224             -17.5792 (HOMO)
         5                          0.0053315               0.1451 (LUMO)
         6                          0.1691660               4.6032
      -------------------------------------------------------------
                  HL-Gap            0.6513539 Eh           17.7242 eV
             Fermi-level           -0.4953037 Eh          -13.4779 eV

 SCC (total)                   0 d,  0 h,  0 min,  0.003 sec
 SCC setup                      ...        0 min,  0.000 sec (  9.984%)
 Dispersion                     ...        0 min,  0.000 sec (  2.914%)
 classical contributions        ...        0 min,  0.000 sec (  0.951%)
 integral evaluation            ...        0 min,  0.000 sec (  6.410%)
 iterations                     ...        0 min,  0.002 sec ( 63.680%)
 molecular gradient             ...        0 min,  0.000 sec ( 12.508%)
 printout                       ...        0 min,  0.000 sec (  3.016%)

         :::::::::::::::::::::::::::::::::::::::::::::::::::::
         ::                     SUMMARY                     ::
         :::::::::::::::::::::::::::::::::::::::::::::::::::::
         :: total energy              -4.547249570099 Eh    ::
         :: total w/o Gsasa/hb        -4.514024301711 Eh    ::
         :: gradient norm              0.053991746112 Eh/a0 ::
         :: HOMO-LUMO gap             17.724241042910 eV    ::
         ::.................................................::
         :: SCC energy                -4.578708741213 Eh    ::
         :: -> isotropic ES            0.173398480045 Eh    ::
         :: -> anisotropic ES         -0.014076361355 Eh    ::
         :: -> anisotropic XC         -0.001609343713 Eh    ::
         :: -> dispersion             -0.000066730010 Eh    ::
         :: -> Gsolv                  -0.154451747107 Eh    ::
         ::    -> Gelec               -0.121226478719 Eh    ::
         ::    -> Gsasa               -0.006951989878 Eh    ::
         ::    -> Ghb                 -0.033467972559 Eh    ::
         ::    -> Gshift               0.007194694049 Eh    ::
         :: repulsion energy           0.031459171080 Eh    ::
         :: add. restraining           0.000000000000 Eh    ::
         :: total charge               1.000000000000 e     ::
         :::::::::::::::::::::::::::::::::::::::::::::::::::::

           -------------------------------------------------
          |                Property Printout                |
           -------------------------------------------------

    * Orbital Energies and Occupations

         #    Occupation            Energy/Eh            Energy/eV
      -------------------------------------------------------------
         1        2.0000           -0.8454824             -23.0067
         2        2.0000           -0.7317272             -19.9113
         3        2.0000           -0.6945016             -18.8983
         4        1.0000           -0.6460224             -17.5792 (HOMO)
         5                          0.0053315               0.1451 (LUMO)
         6                          0.1691660               4.6032
      -------------------------------------------------------------
                  HL-Gap            0.6513539 Eh           17.7242 eV
             Fermi-level           -0.4953037 Eh          -13.4779 eV

     #   Z          covCN         q      C6AA      α(0)
     1   8 O        1.609    -0.121    16.171     5.427
     2   1 H        0.804     0.560     0.275     0.824
     3   1 H        0.804     0.560     0.275     0.824

 Mol. C6AA /au·bohr⁶  :         25.556307
 Mol. C8AA /au·bohr⁸  :        469.039526
 Mol. α(0) /au        :          7.075942


Wiberg/Mayer (AO) data.
largest (>0.10) Wiberg bond orders for each atom

 ---------------------------------------------------------------------------
     #   Z sym  total        # sym  WBO       # sym  WBO       # sym  WBO
 ---------------------------------------------------------------------------
     1   8 O    1.371 --     3 H    0.686     2 H    0.686
     2   1 H    0.686 --     1 O    0.686
     3   1 H    0.686 --     1 O    0.686
 ---------------------------------------------------------------------------

Topologies differ in total number of bonds
Writing topology from bond orders to xtbtopo.mol

molecular dipole:
                 x           y           z       tot (Debye)
 q only:       -5.337      -1.844       0.694
   full:       -5.240      -1.943       0.791      14.345
molecular quadrupole (traceless):
                xx          xy          yy          xz          yz          zz
 q only:       27.708      16.030     -11.654      -6.797      -2.418     -16.055
  q+dip:       26.603      16.828     -10.929      -7.738      -2.787     -15.675
   full:       26.326      16.846     -10.800      -7.755      -2.353     -15.525


           -------------------------------------------------
          | TOTAL ENERGY               -4.547249570099 Eh   |
          | GRADIENT NORM               0.053991746112 Eh/α |
          | HOMO-LUMO GAP              17.724241042910 eV   |
           -------------------------------------------------

------------------------------------------------------------------------
 * finished run on 2022/12/22 at 11:39:35.298     
------------------------------------------------------------------------
 total:
 * wall-time:     0 d,  0 h,  0 min,  0.068 sec
 *  cpu-time:     0 d,  0 h,  0 min,  0.141 sec
 * ratio c/w:     2.072 speedup
 SCF:
 * wall-time:     0 d,  0 h,  0 min,  0.003 sec
 *  cpu-time:     0 d,  0 h,  0 min,  0.062 sec
 * ratio c/w:    18.049 speedup

