
                                 *****************
                                 * O   R   C   A *
                                 *****************

                                            #,                                       
                                            ###                                      
                                            ####                                     
                                            #####                                    
                                            ######                                   
                                           ########,                                 
                                     ,,################,,,,,                         
                               ,,#################################,,                 
                          ,,##########################################,,             
                       ,#########################################, ''#####,          
                    ,#############################################,,   '####,        
                  ,##################################################,,,,####,       
                ,###########''''           ''''###############################       
              ,#####''   ,,,,##########,,,,          '''####'''          '####       
            ,##' ,,,,###########################,,,                        '##       
           ' ,,###''''                  '''############,,,                           
         ,,##''                                '''############,,,,        ,,,,,,###''
      ,#''                                            '''#######################'''  
     '                                                          ''''####''''         
             ,#######,   #######,   ,#######,      ##                                
            ,#'     '#,  ##    ##  ,#'     '#,    #''#        ######   ,####,        
            ##       ##  ##   ,#'  ##            #'  '#       #        #'  '#        
            ##       ##  #######   ##           ,######,      #####,   #    #        
            '#,     ,#'  ##    ##  '#,     ,#' ,#      #,         ##   #,  ,#        
             '#######'   ##     ##  '#######'  #'      '#     #####' # '####'        



                  #######################################################
                  #                        -***-                        #
                  #          Department of theory and spectroscopy      #
                  #    Directorship and core code : Frank Neese         #
                  #        Max Planck Institute fuer Kohlenforschung    #
                  #                Kaiser Wilhelm Platz 1               #
                  #                 D-45470 Muelheim/Ruhr               #
                  #                      Germany                        #
                  #                                                     #
                  #                  All rights reserved                #
                  #                        -***-                        #
                  #######################################################


                         Program Version 5.0.3 -  RELEASE  -


 With contributions from (in alphabetic order):
   Daniel Aravena         : Magnetic Suceptibility
   Michael Atanasov       : Ab Initio Ligand Field Theory (pilot matlab implementation)
   Alexander A. Auer      : GIAO ZORA, VPT2 properties, NMR spectrum
   Ute Becker             : Parallelization
   Giovanni Bistoni       : ED, misc. LED, open-shell LED, HFLD
   Martin Brehm           : Molecular dynamics
   Dmytro Bykov           : SCF Hessian
   Vijay G. Chilkuri      : MRCI spin determinant printing, contributions to CSF-ICE
   Dipayan Datta          : RHF DLPNO-CCSD density
   Achintya Kumar Dutta   : EOM-CC, STEOM-CC
   Dmitry Ganyushin       : Spin-Orbit,Spin-Spin,Magnetic field MRCI
   Miquel Garcia          : C-PCM and meta-GGA Hessian, CC/C-PCM, Gaussian charge scheme
   Yang Guo               : DLPNO-NEVPT2, F12-NEVPT2, CIM, IAO-localization
   Andreas Hansen         : Spin unrestricted coupled pair/coupled cluster methods
   Benjamin Helmich-Paris : MC-RPA, TRAH-SCF, COSX integrals
   Lee Huntington         : MR-EOM, pCC
   Robert Izsak           : Overlap fitted RIJCOSX, COSX-SCS-MP3, EOM
   Marcus Kettner         : VPT2
   Christian Kollmar      : KDIIS, OOCD, Brueckner-CCSD(T), CCSD density, CASPT2, CASPT2-K
   Simone Kossmann        : Meta GGA functionals, TD-DFT gradient, OOMP2, MP2 Hessian
   Martin Krupicka        : Initial AUTO-CI
   Lucas Lang             : DCDCAS
   Marvin Lechner         : AUTO-CI (C++ implementation), FIC-MRCC
   Dagmar Lenk            : GEPOL surface, SMD
   Dimitrios Liakos       : Extrapolation schemes; Compound Job, initial MDCI parallelization
   Dimitrios Manganas     : Further ROCIS development; embedding schemes
   Dimitrios Pantazis     : SARC Basis sets
   Anastasios Papadopoulos: AUTO-CI, single reference methods and gradients
   Taras Petrenko         : DFT Hessian,TD-DFT gradient, ASA, ECA, R-Raman, ABS, FL, XAS/XES, NRVS
   Peter Pinski           : DLPNO-MP2, DLPNO-MP2 Gradient
   Christoph Reimann      : Effective Core Potentials
   Marius Retegan         : Local ZFS, SOC
   Christoph Riplinger    : Optimizer, TS searches, QM/MM, DLPNO-CCSD(T), (RO)-DLPNO pert. Triples
   Tobias Risthaus        : Range-separated hybrids, TD-DFT gradient, RPA, STAB
   Michael Roemelt        : Original ROCIS implementation
   Masaaki Saitow         : Open-shell DLPNO-CCSD energy and density
   Barbara Sandhoefer     : DKH picture change effects
   Avijit Sen             : IP-ROCIS
   Kantharuban Sivalingam : CASSCF convergence, NEVPT2, FIC-MRCI
   Bernardo de Souza      : ESD, SOC TD-DFT
   Georgi Stoychev        : AutoAux, RI-MP2 NMR, DLPNO-MP2 response
   Willem Van den Heuvel  : Paramagnetic NMR
   Boris Wezisla          : Elementary symmetry handling
   Frank Wennmohs         : Technical directorship


 We gratefully acknowledge several colleagues who have allowed us to
 interface, adapt or use parts of their codes:
   Stefan Grimme, W. Hujo, H. Kruse, P. Pracht,  : VdW corrections, initial TS optimization,
                  C. Bannwarth, S. Ehlert          DFT functionals, gCP, sTDA/sTD-DF
   Ed Valeev, F. Pavosevic, A. Kumar             : LibInt (2-el integral package), F12 methods
   Garnet Chan, S. Sharma, J. Yang, R. Olivares  : DMRG
   Ulf Ekstrom                                   : XCFun DFT Library
   Mihaly Kallay                                 : mrcc  (arbitrary order and MRCC methods)
   Jiri Pittner, Ondrej Demel                    : Mk-CCSD
   Frank Weinhold                                : gennbo (NPA and NBO analysis)
   Christopher J. Cramer and Donald G. Truhlar   : smd solvation model
   Lars Goerigk                                  : TD-DFT with DH, B97 family of functionals
   V. Asgeirsson, H. Jonsson                     : NEB implementation
   FAccTs GmbH                                   : IRC, NEB, NEB-TS, DLPNO-Multilevel, CI-OPT
                                                   MM, QMMM, 2- and 3-layer-ONIOM, Crystal-QMMM,
                                                   LR-CPCM, SF, NACMEs, symmetry and pop. for TD-DFT,
                                                   nearIR, NL-DFT gradient (VV10), updates on ESD,
                                                   ML-optimized integration grids
   S Lehtola, MJT Oliveira, MAL Marques          : LibXC Library
   Liviu Ungur et al                             : ANISO software


 Your calculation uses the libint2 library for the computation of 2-el integrals
 For citations please refer to: http://libint.valeyev.net

 Your ORCA version has been built with support for libXC version: 5.1.0
 For citations please refer to: https://tddft.org/programs/libxc/

 This ORCA versions uses:
   CBLAS   interface :  Fast vector & matrix operations
   LAPACKE interface :  Fast linear algebra routines
   SCALAPACK package :  Parallel linear algebra routines
   Shared memory     :  Shared parallel matrices
   BLAS/LAPACK       :  OpenBLAS 0.3.15  USE64BITINT DYNAMIC_ARCH NO_AFFINITY Zen SINGLE_THREADED
        Core in use  :  Zen
   Copyright (c) 2011-2014, The OpenBLAS Project


================================================================================

cite the ECPs for Eu [Def2-ECP] as follows:
Ce-Yb(ecp-28): M. Dolg, H. Stoll, H.Preuss, J. Chem. Phys., 1989, 90, 1730-1734.
Y-Cd(ecp-28), Hf-Hg(ecp-46): D. Andrae,U. Haeussermann, M. Dolg, H. Stoll, H. Preuss, Theor. Chim. Acta, 1990, 77, 123-141.
In-Sb(ecp-28), Tl-Bi(ecp-46): B. Metz, H. Stoll, M. Dolg, J. Chem. Phys., 2000, 113, 2563-2569.
Te-Xe(ecp-28), Po-Rn(ecp-46): K. A. Peterson, D. Figgen, E. Goll, H. Stoll, M. Dolg, J. Chem. Phys., 2003, 119, 11113-11123.
Rb(ecp-28), Cs(ecp-46): T. Leininger, A. Nicklass, W. Kuechle, H. Stoll, M. Dolg, A. Bergner, Chem. Phys. Lett., 1996, 255, 274-280.
Sr(ecp-28), Ba(ecp-46): M. Kaupp, P. V. Schleyer, H. Stoll and H. Preuss, J. Chem. Phys., 1991, 94, 1360-1366.
La(ecp-46): M. Dolg, H. Stoll, A. Savin, H. Preuss, Theor. Chim. Acta, 1989, 75, 173-194.
Lu(ecp-28): X. Cao, M. Dolg, J. Chem. Phys., 2001, 115, 7348-7355.

ECP parameters for Eu [Def2-ECP] have been obtained from:
TURBOMOLE (7.0.2)

----- Orbital basis set information -----
Your calculation utilizes the basis: def2-SVP
   F. Weigend and R. Ahlrichs, Phys. Chem. Chem. Phys. 7, 3297 (2005).

----- AuxJ basis set information -----
Your calculation utilizes the auxiliary basis: def2/J
   F. Weigend, Phys. Chem. Chem. Phys. 8, 1057 (2006).

================================================================================
                                        WARNINGS
                       Please study these warnings very carefully!
================================================================================



WARNING: Found flag for RIJCOSX approximation but no HF exchange needed!
  ===> : RIJCOSX  will be disabled and Split-RI-J is turned on

WARNING: your system is open-shell and RHF/RKS was chosen
  ===> : WILL SWITCH to UHF/UKS


INFO   : the flag for use of the SHARK integral package has been found!

================================================================================
                                       INPUT FILE
================================================================================
NAME = input.inp
|  1> ! PBE def2-SVP RIJCOSX def2/J
|  2> 
|  3> %pal
|  4> 	nprocs 64
|  5> end
|  6> 
|  7> %scf
|  8> 	maxiter 10
|  9> end
| 10> 
| 11> %maxcore 1000
| 12> 
| 13> *xyz 3 7
| 14>   Eu  1.11133782902839      0.65298531423991      0.00144779052498
| 15>   O   0.80239810008394      2.34144315708459      1.82903891423991
| 16>   H   0.85726757717923      2.23442557485929      2.80541292955011
| 17>   O   -1.23599409661457      0.38706577629769      0.91149320841225
| 18>   H   -1.58710302929026     -0.18093454518579      1.63354696586046
| 19>   O   1.34657214442154     -1.28001568598977      1.57941403675465
| 20>   H   1.79298507574141     -2.14910263669633      1.45616017249156
| 21>   O   3.41193346002209      0.77924503904179      1.06298714063718
| 22>   H   4.27407198622840      0.40286029786841      0.77767233735901
| 23>   O   -0.19675954611891     -1.16837883163787     -1.14870094735030
| 24>   H   -0.79174852464664     -1.13749696103643     -1.93048418862566
| 25>   O   2.47591316444446      2.61696610301495     -0.81771375102364
| 26>   H   3.10756795185712      2.69686315117044     -1.56925490281768
| 27>   H   -0.29455176116811     -2.12450365352777     -0.93690195976646
| 28>   H   -2.08714737746423      0.79912560794380      0.63668250253714
| 29>   H   0.36102417006829      3.21949903552804      1.81121519383610
| 30>   H   2.54855652499673      3.53589541651993     -0.47414912298276
| 31>   H   3.72494660279420      1.23659460812725      1.87642971036114
| 32>   H   1.24696388526443     -1.31264551344469      2.55766310355838
| 33>   O   -0.27903613259108      1.92068235946058     -1.64669265910161
| 34>   H   -0.81247835174497      2.73922907985361     -1.52888364543272
| 35>   O   2.58980257050086     -0.36398378383233     -1.74403155164015
| 36>   H   2.61926751524132     -0.20681362264732     -2.71446367617249
| 37>   H   -0.25808402864775      1.90554244729059     -2.62959766223440
| 38>   H   3.12096429041404     -1.19035773430262     -1.71995993897500
| 39> *
| 40> 
| 41> 
| 42>                          ****END OF INPUT****
================================================================================

                       ****************************
                       * Single Point Calculation *
                       ****************************

---------------------------------
CARTESIAN COORDINATES (ANGSTROEM)
---------------------------------
  Eu     1.111338    0.652985    0.001448
  O      0.802398    2.341443    1.829039
  H      0.857268    2.234426    2.805413
  O     -1.235994    0.387066    0.911493
  H     -1.587103   -0.180935    1.633547
  O      1.346572   -1.280016    1.579414
  H      1.792985   -2.149103    1.456160
  O      3.411933    0.779245    1.062987
  H      4.274072    0.402860    0.777672
  O     -0.196760   -1.168379   -1.148701
  H     -0.791749   -1.137497   -1.930484
  O      2.475913    2.616966   -0.817714
  H      3.107568    2.696863   -1.569255
  H     -0.294552   -2.124504   -0.936902
  H     -2.087147    0.799126    0.636683
  H      0.361024    3.219499    1.811215
  H      2.548557    3.535895   -0.474149
  H      3.724947    1.236595    1.876430
  H      1.246964   -1.312646    2.557663
  O     -0.279036    1.920682   -1.646693
  H     -0.812478    2.739229   -1.528884
  O      2.589803   -0.363984   -1.744032
  H      2.619268   -0.206814   -2.714464
  H     -0.258084    1.905542   -2.629598
  H      3.120964   -1.190358   -1.719960

----------------------------
CARTESIAN COORDINATES (A.U.)
----------------------------
  NO LB      ZA    FRAG     MASS         X           Y           Z
   0 Eu   35.0000*   0   151.960    2.100124    1.233963    0.002736
   1 O     8.0000    0    15.999    1.516313    4.424686    3.456383
   2 H     1.0000    0     1.008    1.620001    4.222452    5.301462
   3 O     8.0000    0    15.999   -2.335690    0.731448    1.722473
   4 H     1.0000    0     1.008   -2.999190   -0.341917    3.086956
   5 O     8.0000    0    15.999    2.544653   -2.418879    2.984660
   6 H     1.0000    0     1.008    3.388251   -4.061215    2.751744
   7 O     8.0000    0    15.999    6.447620    1.472560    2.008755
   8 H     1.0000    0     1.008    8.076826    0.761296    1.469588
   9 O     8.0000    0    15.999   -0.371822   -2.207916   -2.170730
  10 H     1.0000    0     1.008   -1.496188   -2.149558   -3.648086
  11 O     8.0000    0    15.999    4.678798    4.945349   -1.545255
  12 H     1.0000    0     1.008    5.872452    5.096333   -2.965462
  13 H     1.0000    0     1.008   -0.556622   -4.014730   -1.770488
  14 H     1.0000    0     1.008   -3.944137    1.510129    1.203156
  15 H     1.0000    0     1.008    0.682237    6.083971    3.422701
  16 H     1.0000    0     1.008    4.816074    6.681874   -0.896012
  17 H     1.0000    0     1.008    7.039129    2.336825    3.545938
  18 H     1.0000    0     1.008    2.356420   -2.480541    4.833283
  19 O     8.0000    0    15.999   -0.527302    3.629564   -3.111798
  20 H     1.0000    0     1.008   -1.535362    5.176393   -2.889171
  21 O     8.0000    0    15.999    4.894018   -0.687830   -3.295742
  22 H     1.0000    0     1.008    4.949698   -0.390821   -5.129593
  23 H     1.0000    0     1.008   -0.487708    3.600953   -4.969219
  24 H     1.0000    0     1.008    5.897768   -2.249450   -3.250253
* core charge reduced due to ECP

--------------------------------
INTERNAL COORDINATES (ANGSTROEM)
--------------------------------
 Eu     0   0   0     0.000000000000     0.00000000     0.00000000
 O      1   0   0     2.507274009490     0.00000000     0.00000000
 H      2   1   0     0.983752834911   130.03962735     0.00000000
 O      1   2   3     2.531573232680    72.20922743    80.53073974
 H      4   1   2     0.983495539621   130.96535388   269.19506661
 O      1   2   3     2.506353032649    94.13006280     5.31308386
 H      6   1   2     0.984778222847   130.11942498   204.32831884
 O      1   2   3     2.536838104273    76.89193363   294.95385761
 H      8   1   2     0.983032475927   130.90754274   189.50215341
 O      1   2   3     2.520184162714   139.05976978    80.51442117
 H     10   1   2     0.982929606249   130.87929484    88.80020639
 O      1   2   3     2.527906646982    77.26278631   226.09359351
 H     12   1   2     0.984979904163   131.02880716   170.29622681
 H     10   1   2     0.984173157275   130.95567064   271.16015159
 H      4   1   2     0.984772124108   131.08240002    91.27067478
 H      2   1   6     0.982909332937   130.06811484   204.20816062
 H     12   1   2     0.983740206910   130.72466304   351.29082809
 H      8   1   2     0.984293995781   131.09696768     7.87737315
 H      6   1   2     0.983848437329   129.94707815     5.48117355
 O      1   2   3     2.501312154311    94.04264286   155.46731720
 H     20   1   2     0.984102788505   130.08923561   354.46787011
 O      1   2   3     2.503354204290   148.71399874   260.57269066
 H     22   1   2     0.983518759790   129.84798044   260.22161886
 H     20   1   2     0.983244859017   129.71981625   155.21812338
 H     22   1   2     0.982652594386   130.07524007    99.39908782

---------------------------
INTERNAL COORDINATES (A.U.)
---------------------------
 Eu     0   0   0     0.000000000000     0.00000000     0.00000000
 O      1   0   0     4.738061220635     0.00000000     0.00000000
 H      2   1   0     1.859023441450   130.03962735     0.00000000
 O      1   2   3     4.783980097730    72.20922743    80.53073974
 H      4   1   2     1.858537223817   130.96535388   269.19506661
 O      1   2   3     4.736320826629    94.13006280     5.31308386
 H      6   1   2     1.860961143831   130.11942498   204.32831884
 O      1   2   3     4.793929263172    76.89193363   294.95385761
 H      8   1   2     1.857662160252   130.90754274   189.50215341
 O      1   2   3     4.762457874574   139.05976978    80.51442117
 H     10   1   2     1.857467764733   130.87929484    88.80020639
 O      1   2   3     4.777051254915    77.26278631   226.09359351
 H     12   1   2     1.861342266284   131.02880716   170.29622681
 H     10   1   2     1.859817735606   130.95567064   271.16015159
 H      4   1   2     1.860949618885   131.08240002    91.27067478
 H      2   1   6     1.857429453727   130.06811484   204.20816062
 H     12   1   2     1.858999577988   130.72466304   351.29082809
 H      8   1   2     1.860046087288   131.09696768     7.87737315
 H      6   1   2     1.859204103838   129.94707815     5.48117355
 O      1   2   3     4.726794947097    94.04264286   155.46731720
 H     20   1   2     1.859684757903   130.08923561   354.46787011
 O      1   2   3     4.730653862308   148.71399874   260.57269066
 H     22   1   2     1.858581103578   129.84798044   260.22161886
 H     20   1   2     1.858063506128   129.71981625   155.21812338
 H     22   1   2     1.856944288177   130.07524007    99.39908782

---------------------
BASIS SET INFORMATION
---------------------
There are 3 groups of distinct atoms

 Group   1 Type Eu  : 14s12p9d7f1g contracted to 10s6p4d3f1g pattern {5111111111/531111/6111/511/1}
 Group   2 Type O   : 7s4p1d contracted to 3s2p1d pattern {511/31/1}
 Group   3 Type H   : 4s1p contracted to 2s1p pattern {31/1}

Atom   0Eu   basis set group =>   1
Atom   1O    basis set group =>   2
Atom   2H    basis set group =>   3
Atom   3O    basis set group =>   2
Atom   4H    basis set group =>   3
Atom   5O    basis set group =>   2
Atom   6H    basis set group =>   3
Atom   7O    basis set group =>   2
Atom   8H    basis set group =>   3
Atom   9O    basis set group =>   2
Atom  10H    basis set group =>   3
Atom  11O    basis set group =>   2
Atom  12H    basis set group =>   3
Atom  13H    basis set group =>   3
Atom  14H    basis set group =>   3
Atom  15H    basis set group =>   3
Atom  16H    basis set group =>   3
Atom  17H    basis set group =>   3
Atom  18H    basis set group =>   3
Atom  19O    basis set group =>   2
Atom  20H    basis set group =>   3
Atom  21O    basis set group =>   2
Atom  22H    basis set group =>   3
Atom  23H    basis set group =>   3
Atom  24H    basis set group =>   3
---------------------------------
AUXILIARY/J BASIS SET INFORMATION
---------------------------------
There are 3 groups of distinct atoms

 Group   1 Type Eu  : 18s7p6d6f6g3h5i contracted to 14s7p6d6f5g2h2i pattern {51111111111111/1111111/111111/111111/21111/21/41}
 Group   2 Type O   : 12s5p4d2f1g contracted to 6s4p3d1f1g pattern {711111/2111/211/2/1}
 Group   3 Type H   : 5s2p1d contracted to 3s1p1d pattern {311/2/1}

Atom   0Eu   basis set group =>   1
Atom   1O    basis set group =>   2
Atom   2H    basis set group =>   3
Atom   3O    basis set group =>   2
Atom   4H    basis set group =>   3
Atom   5O    basis set group =>   2
Atom   6H    basis set group =>   3
Atom   7O    basis set group =>   2
Atom   8H    basis set group =>   3
Atom   9O    basis set group =>   2
Atom  10H    basis set group =>   3
Atom  11O    basis set group =>   2
Atom  12H    basis set group =>   3
Atom  13H    basis set group =>   3
Atom  14H    basis set group =>   3
Atom  15H    basis set group =>   3
Atom  16H    basis set group =>   3
Atom  17H    basis set group =>   3
Atom  18H    basis set group =>   3
Atom  19O    basis set group =>   2
Atom  20H    basis set group =>   3
Atom  21O    basis set group =>   2
Atom  22H    basis set group =>   3
Atom  23H    basis set group =>   3
Atom  24H    basis set group =>   3
-------------------------
ECP PARAMETER INFORMATION
-------------------------

 Group 1, Type Eu ECP Def2-ECP (replacing 28 core electrons, lmax=5)

Atom   0Eu   ECP group =>   1



           ************************************************************
           *        Program running with 64 parallel MPI-processes    *
           *              working on a common directory               *
           ************************************************************
------------------------------------------------------------------------------
                           ORCA GTO INTEGRAL CALCULATION
                           -- RI-GTO INTEGRALS CHOSEN --
------------------------------------------------------------------------------
------------------------------------------------------------------------------
                   ___                                                        
                  /   \      - P O W E R E D   B Y -                         
                 /     \                                                     
                 |  |  |   _    _      __       _____    __    __             
                 |  |  |  | |  | |    /  \     |  _  \  |  |  /  |          
                  \  \/   | |  | |   /    \    | | | |  |  | /  /          
                 / \  \   | |__| |  /  /\  \   | |_| |  |  |/  /          
                |  |  |   |  __  | /  /__\  \  |    /   |      \           
                |  |  |   | |  | | |   __   |  |    \   |  |\   \          
                \     /   | |  | | |  |  |  |  | |\  \  |  | \   \       
                 \___/    |_|  |_| |__|  |__|  |_| \__\ |__|  \__/        
                                                                              
                      - O R C A' S   B I G   F R I E N D -                    
                                      &                                       
                       - I N T E G R A L  F E E D E R -                       
                                                                              
 v1 FN, 2020, v2 2021                                                         
------------------------------------------------------------------------------


Reading SHARK input file input.SHARKINP.tmp ... ok
----------------------
SHARK INTEGRAL PACKAGE
----------------------

Number of atoms                             ...     25
Number of basis functions                   ...    270
Number of shells                            ...    120
Maximum angular momentum                    ...      4
Integral batch strategy                     ... SHARK/LIBINT Hybrid
RI-J (if used) integral strategy            ... SPLIT-RIJ (Revised 2003 algorithm where possible)
Printlevel                                  ...      1
Contraction scheme used                     ... SEGMENTED contraction
Coulomb Range Separation                    ... NOT USED
Exchange Range Separation                   ... NOT USED
Finite Nucleus Model                        ... NOT USED
Auxiliary Coulomb fitting basis             ... AVAILABLE
   # of basis functions in Aux-J            ...    768
   # of shells in Aux-J                     ...    242
   Maximum angular momentum in Aux-J        ...      6
Auxiliary J/K fitting basis                 ... NOT available
Auxiliary Correlation fitting basis         ... NOT available
Auxiliary 'external' fitting basis          ... NOT available
Integral threshold                          ...     1.000000e-10
Primitive cut-off                           ...     1.000000e-11
Primitive pair pre-selection threshold      ...     1.000000e-11

Calculating pre-screening integrals         ... done (  0.1 sec) Dimension = 120
Organizing shell pair data                  ... done (  0.1 sec)
Shell pair information
Total number of shell pairs                 ...      7260
Shell pairs after pre-screening             ...      6230
Total number of primitive shell pairs       ...     24290
Primitive shell pairs kept                  ...     14024
          la=0 lb=0:   1949 shell pairs
          la=1 lb=0:   2076 shell pairs
          la=1 lb=1:    623 shell pairs
          la=2 lb=0:    660 shell pairs
          la=2 lb=1:    388 shell pairs
          la=2 lb=2:     68 shell pairs
          la=3 lb=0:    190 shell pairs
          la=3 lb=1:    114 shell pairs
          la=3 lb=2:     36 shell pairs
          la=3 lb=3:      6 shell pairs
          la=4 lb=0:     66 shell pairs
          la=4 lb=1:     38 shell pairs
          la=4 lb=2:     12 shell pairs
          la=4 lb=3:      3 shell pairs
          la=4 lb=4:      1 shell pairs

Calculating one electron integrals          ... done (  0.0 sec)
Calculating ECP integrals                   ... done (  0.7 sec)
Calculating RI/J V-Matrix + Cholesky decomp.... done (  0.0 sec)
Calculating Nuclear repulsion               ... done (  0.0 sec) ENN=   1027.985085196185 Eh

SHARK setup successfully completed in   1.0 seconds

Maximum memory used throughout the entire GTOINT-calculation: 49.8 MB


           ************************************************************
           *        Program running with 64 parallel MPI-processes    *
           *              working on a common directory               *
           ************************************************************
-------------------------------------------------------------------------------
                                 ORCA SCF
-------------------------------------------------------------------------------

------------
SCF SETTINGS
------------
Hamiltonian:
 Density Functional     Method          .... DFT(GTOs)
 Exchange Functional    Exchange        .... PBE
   PBE kappa parameter   XKappa         ....  0.804000
   PBE mue parameter    XMuePBE         ....  0.219520
 Correlation Functional Correlation     .... PBE
   PBE beta parameter  CBetaPBE         ....  0.066725
 LDA part of GGA corr.  LDAOpt          .... PW91-LDA
 Gradients option       PostSCFGGA      .... off
   Density functional embedding theory  .... OFF
   NL short-range parameter             ....  6.400000
 RI-approximation to the Coulomb term is turned on
   Number of AuxJ basis functions       .... 768


General Settings:
 Integral files         IntName         .... input
 Hartree-Fock type      HFTyp           .... UHF
 Total Charge           Charge          ....    3
 Multiplicity           Mult            ....    7
 Number of Electrons    NEL             ....  112
 Basis Dimension        Dim             ....  270
 Nuclear Repulsion      ENuc            ....   1027.9850851962 Eh

Convergence Acceleration:
 DIIS                   CNVDIIS         .... on
   Start iteration      DIISMaxIt       ....    12
   Startup error        DIISStart       ....  0.200000
   # of expansion vecs  DIISMaxEq       ....     5
   Bias factor          DIISBfac        ....   1.050
   Max. coefficient     DIISMaxC        ....  10.000
 Trust-Rad. Augm. Hess. CNVTRAH         .... auto
   Auto Start mean grad. ratio tolernc. ....  1.125000
   Auto Start start iteration           ....    20
   Auto Start num. interpolation iter.  ....    10
   Max. Number of Micro iterations      ....    16
   Max. Number of Macro iterations      .... Maxiter - #DIIS iter
   Number of Davidson start vectors     ....     2
   Converg. threshold I  (grad. norm)   ....   5.000e-05
   Converg. threshold II (energy diff.) ....   1.000e-06
   Grad. Scal. Fac. for Micro threshold ....   0.100
   Minimum threshold for Micro iter.    ....   0.010
   NR start threshold (gradient norm)   ....   0.001
   Initial trust radius                 ....   0.400
   Minimum AH scaling param. (alpha)    ....   1.000
   Maximum AH scaling param. (alpha)    .... 1000.000
   Orbital update algorithm             .... Taylor
   White noise on init. David. guess    .... on
   Maximum white noise                  ....   0.010
   Quad. conv. algorithm                .... NR
 SOSCF                  CNVSOSCF        .... off
 Level Shifting         CNVShift        .... on
   Level shift para.    LevelShift      ....    0.2500
   Turn off err/grad.   ShiftErr        ....    0.0010
 Zerner damping         CNVZerner       .... off
 Static damping         CNVDamp         .... on
   Fraction old density DampFac         ....    0.7000
   Max. Damping (<1)    DampMax         ....    0.9800
   Min. Damping (>=0)   DampMin         ....    0.0000
   Turn off err/grad.   DampErr         ....    0.1000
 Fernandez-Rico         CNVRico         .... off

SCF Procedure:
 Maximum # iterations   MaxIter         ....    10
 SCF integral mode      SCFMode         .... Direct
   Integral package                     .... SHARK and LIBINT hybrid scheme
 Reset frequency        DirectResetFreq ....    20
 Integral Threshold     Thresh          ....  1.000e-10 Eh
 Primitive CutOff       TCut            ....  1.000e-11 Eh

Convergence Tolerance:
 Convergence Check Mode ConvCheckMode   .... Total+1el-Energy
 Convergence forced     ConvForced      .... 0
 Energy Change          TolE            ....  1.000e-06 Eh
 1-El. energy change                    ....  1.000e-03 Eh
 DIIS Error             TolErr          ....  1.000e-06


Diagonalization of the overlap matrix:
Smallest eigenvalue                        ... 1.171e-03
Time for diagonalization                   ...    0.012 sec
Threshold for overlap eigenvalues          ... 1.000e-08
Number of eigenvalues below threshold      ... 0
Time for construction of square roots      ...    0.015 sec
Total time needed                          ...    0.029 sec

Time for model grid setup =    0.090 sec

------------------------------
INITIAL GUESS: MODEL POTENTIAL
------------------------------
Loading Hartree-Fock densities                     ... done
  calling /home/shared/orca_5_0_3_linux_x86-64_openmpi411/orca input_atom63.inp > input_atom63.out in order to generate an atomic fitting density for atom 0 (Eu with ECP) on-the-fly... 
    atom 0 (Eu), assumed electronic state with S=8: 1s2 2s2 2p6 3s2 3p6 4s2 3d10 4p6 5s2 4d10 5p6 4f7 6s2           ... done
Calculating cut-offs                               ... done
Initializing the effective Hamiltonian             ... done
Setting up the integral package (SHARK)            ... done
Starting the Coulomb interaction                   ... done (   0.1 sec)
Reading the grid                                   ... done
Mapping shells                                     ... done
Starting the XC term evaluation                    ... done (   0.0 sec)
  promolecular density results
     # of electrons  =    142.992195635
     EX              =   -312.202312966
     EC              =     -6.153706173
     EX+EC           =   -318.356019139
Transforming the Hamiltonian                       ... done (   0.0 sec)
Diagonalizing the Hamiltonian                      ... done (   0.0 sec)
Back transforming the eigenvectors                 ... done (   0.0 sec)
Now organizing SCF variables                       ... done
                      ------------------
                      INITIAL GUESS DONE (   2.7 sec)
                      ------------------
-------------------
DFT GRID GENERATION
-------------------

General Integration Accuracy     IntAcc      ... 4.388
Radial Grid Type                 RadialGrid  ... OptM3 with GC (2021)
Angular Grid (max. ang.)         AngularGrid ... 4 (Lebedev-302)
Angular grid pruning method      GridPruning ... 4 (adaptive)
Weight generation scheme         WeightScheme... Becke
Basis function cutoff            BFCut       ... 1.0000e-10
Integration weight cutoff        WCut        ... 1.0000e-14
Angular grids for H and He will be reduced by one unit
Partially contracted basis set               ... off
Rotationally invariant grid construction     ... off

Total number of grid points                  ...   111262
Total number of batches                      ...     1752
Average number of points per batch           ...       63
Average number of grid points per atom       ...     4450
Time for grid setup =    0.537 sec

--------------
SCF ITERATIONS
--------------
ITER       Energy         Delta-E        Max-DP      RMS-DP      [F,P]     Damp
               ***  Starting incremental Fock matrix formation  ***
  0  -1287.0543179216   0.000000000000 0.22054340  0.00218401  9.0431272 0.7000
  1  -1303.0853951069 -16.031077185268 0.36276642  0.00285326  4.7699509 0.7000
  2  -1308.8367701339  -5.751375026987 0.27686849  0.00334301  2.6054921 0.7000
  3  -1313.4364994338  -4.599729299882 0.25936428  0.00256440  1.4825833 0.7000
  4  -1313.9931867078  -0.556687274021 0.18526503  0.00278724  0.8837689 0.7000
  5  -1316.0079191164  -2.014732408633 0.19823560  0.00241594  0.5490703 0.7000
  6  -1315.3170189480   0.690900168436 0.17669609  0.00259390  0.3961853 0.7000
  7  -1316.7675799488  -1.450561000809 0.16553970  0.00239990  0.2934670 0.7000
  8  -1315.7471710197   1.020408929113 0.16949758  0.00251345  0.3927479 0.7000
  9  -1317.0596595932  -1.312488573491 0.15416585  0.00241061  0.2916763 0.7000

TRAH GRID
---------

General Integration Accuracy     IntAcc      ... 3.467
Radial Grid Type                 RadialGrid  ... OptM3 with GC (2021)
Angular Grid (max. ang.)         AngularGrid ... 1 (Lebedev-50)
Angular grid pruning method      GridPruning ... 4 (adaptive)
Weight generation scheme         WeightScheme... Becke
Basis function cutoff            BFCut       ... 1.0000e-10
Integration weight cutoff        WCut        ... 1.0000e-14
Angular grids for H and He will be reduced by one unit
Partially contracted basis set               ... off
Rotationally invariant grid construction     ... off

Total number of grid points                  ...    18384
Total number of batches                      ...      297
Average number of points per batch           ...       61
Average number of grid points per atom       ...      735

 --------------------------------------------------------------------------------------------
   Iter.        energy            ||Error||_2        Shift      TRadius  Mac/Mic        Rej.
 --------------------------------------------------------------------------------------------

               *****************************************************
               *                      ERROR                        *
               *        SCF NOT CONVERGED AFTER  10 CYCLES         *
               *****************************************************


---------------
SCF CONVERGENCE
---------------

  Last Energy change         ...    0.0000e+00  Tolerance :   1.0000e-06
  Last Orbital Gradient      ...    0.0000e+00  Tolerance :   5.0000e-05
  Last Orbital Rotation      ...    0.0000e+00

     --------------------------------------------------------------------
                                      ERROR
     This wavefunction IS NOT CONVERGED! 
     And it is 'too far' from meeting the convergence thresholds.
     Aborting ...
     Please restart calculation (with larger maxiter?)
     --------------------------------------------------------------------



ORCA finished by error termination in SCF
Calling Command: mpirun -np 64  /home/shared/orca_5_0_3_linux_x86-64_openmpi411/orca_scf_mpi input.gbw b input 
[file orca_tools/qcmsg.cpp, line 465]: 
  .... aborting the run

