
                                 *****************
                                 * O   R   C   A *
                                 *****************

                                            #,                                       
                                            ###                                      
                                            ####                                     
                                            #####                                    
                                            ######                                   
                                           ########,                                 
                                     ,,################,,,,,                         
                               ,,#################################,,                 
                          ,,##########################################,,             
                       ,#########################################, ''#####,          
                    ,#############################################,,   '####,        
                  ,##################################################,,,,####,       
                ,###########''''           ''''###############################       
              ,#####''   ,,,,##########,,,,          '''####'''          '####       
            ,##' ,,,,###########################,,,                        '##       
           ' ,,###''''                  '''############,,,                           
         ,,##''                                '''############,,,,        ,,,,,,###''
      ,#''                                            '''#######################'''  
     '                                                          ''''####''''         
             ,#######,   #######,   ,#######,      ##                                
            ,#'     '#,  ##    ##  ,#'     '#,    #''#        ######   ,####,        
            ##       ##  ##   ,#'  ##            #'  '#       #        #'  '#        
            ##       ##  #######   ##           ,######,      #####,   #    #        
            '#,     ,#'  ##    ##  '#,     ,#' ,#      #,         ##   #,  ,#        
             '#######'   ##     ##  '#######'  #'      '#     #####' # '####'        



                  #######################################################
                  #                        -***-                        #
                  #          Department of theory and spectroscopy      #
                  #    Directorship and core code : Frank Neese         #
                  #        Max Planck Institute fuer Kohlenforschung    #
                  #                Kaiser Wilhelm Platz 1               #
                  #                 D-45470 Muelheim/Ruhr               #
                  #                      Germany                        #
                  #                                                     #
                  #                  All rights reserved                #
                  #                        -***-                        #
                  #######################################################


                         Program Version 5.0.4 -  RELEASE  -


 With contributions from (in alphabetic order):
   Daniel Aravena         : Magnetic Suceptibility
   Michael Atanasov       : Ab Initio Ligand Field Theory (pilot matlab implementation)
   Alexander A. Auer      : GIAO ZORA, VPT2 properties, NMR spectrum
   Ute Becker             : Parallelization
   Giovanni Bistoni       : ED, misc. LED, open-shell LED, HFLD
   Martin Brehm           : Molecular dynamics
   Dmytro Bykov           : SCF Hessian
   Vijay G. Chilkuri      : MRCI spin determinant printing, contributions to CSF-ICE
   Dipayan Datta          : RHF DLPNO-CCSD density
   Achintya Kumar Dutta   : EOM-CC, STEOM-CC
   Dmitry Ganyushin       : Spin-Orbit,Spin-Spin,Magnetic field MRCI
   Miquel Garcia          : C-PCM and meta-GGA Hessian, CC/C-PCM, Gaussian charge scheme
   Yang Guo               : DLPNO-NEVPT2, F12-NEVPT2, CIM, IAO-localization
   Andreas Hansen         : Spin unrestricted coupled pair/coupled cluster methods
   Benjamin Helmich-Paris : MC-RPA, TRAH-SCF, COSX integrals
   Lee Huntington         : MR-EOM, pCC
   Robert Izsak           : Overlap fitted RIJCOSX, COSX-SCS-MP3, EOM
   Marcus Kettner         : VPT2
   Christian Kollmar      : KDIIS, OOCD, Brueckner-CCSD(T), CCSD density, CASPT2, CASPT2-K
   Simone Kossmann        : Meta GGA functionals, TD-DFT gradient, OOMP2, MP2 Hessian
   Martin Krupicka        : Initial AUTO-CI
   Lucas Lang             : DCDCAS
   Marvin Lechner         : AUTO-CI (C++ implementation), FIC-MRCC
   Dagmar Lenk            : GEPOL surface, SMD
   Dimitrios Liakos       : Extrapolation schemes; Compound Job, initial MDCI parallelization
   Dimitrios Manganas     : Further ROCIS development; embedding schemes
   Dimitrios Pantazis     : SARC Basis sets
   Anastasios Papadopoulos: AUTO-CI, single reference methods and gradients
   Taras Petrenko         : DFT Hessian,TD-DFT gradient, ASA, ECA, R-Raman, ABS, FL, XAS/XES, NRVS
   Peter Pinski           : DLPNO-MP2, DLPNO-MP2 Gradient
   Christoph Reimann      : Effective Core Potentials
   Marius Retegan         : Local ZFS, SOC
   Christoph Riplinger    : Optimizer, TS searches, QM/MM, DLPNO-CCSD(T), (RO)-DLPNO pert. Triples
   Tobias Risthaus        : Range-separated hybrids, TD-DFT gradient, RPA, STAB
   Michael Roemelt        : Original ROCIS implementation
   Masaaki Saitow         : Open-shell DLPNO-CCSD energy and density
   Barbara Sandhoefer     : DKH picture change effects
   Avijit Sen             : IP-ROCIS
   Kantharuban Sivalingam : CASSCF convergence, NEVPT2, FIC-MRCI
   Bernardo de Souza      : ESD, SOC TD-DFT
   Georgi Stoychev        : AutoAux, RI-MP2 NMR, DLPNO-MP2 response
   Willem Van den Heuvel  : Paramagnetic NMR
   Boris Wezisla          : Elementary symmetry handling
   Frank Wennmohs         : Technical directorship


 We gratefully acknowledge several colleagues who have allowed us to
 interface, adapt or use parts of their codes:
   Stefan Grimme, W. Hujo, H. Kruse, P. Pracht,  : VdW corrections, initial TS optimization,
                  C. Bannwarth, S. Ehlert          DFT functionals, gCP, sTDA/sTD-DF
   Ed Valeev, F. Pavosevic, A. Kumar             : LibInt (2-el integral package), F12 methods
   Garnet Chan, S. Sharma, J. Yang, R. Olivares  : DMRG
   Ulf Ekstrom                                   : XCFun DFT Library
   Mihaly Kallay                                 : mrcc  (arbitrary order and MRCC methods)
   Jiri Pittner, Ondrej Demel                    : Mk-CCSD
   Frank Weinhold                                : gennbo (NPA and NBO analysis)
   Christopher J. Cramer and Donald G. Truhlar   : smd solvation model
   Lars Goerigk                                  : TD-DFT with DH, B97 family of functionals
   V. Asgeirsson, H. Jonsson                     : NEB implementation
   FAccTs GmbH                                   : IRC, NEB, NEB-TS, DLPNO-Multilevel, CI-OPT
                                                   MM, QMMM, 2- and 3-layer-ONIOM, Crystal-QMMM,
                                                   LR-CPCM, SF, NACMEs, symmetry and pop. for TD-DFT,
                                                   nearIR, NL-DFT gradient (VV10), updates on ESD,
                                                   ML-optimized integration grids
   S Lehtola, MJT Oliveira, MAL Marques          : LibXC Library
   Liviu Ungur et al                             : ANISO software


 Your calculation uses the libint2 library for the computation of 2-el integrals
 For citations please refer to: http://libint.valeyev.net

 Your ORCA version has been built with support for libXC version: 5.1.0
 For citations please refer to: https://tddft.org/programs/libxc/

 This ORCA versions uses:
   CBLAS   interface :  Fast vector & matrix operations
   LAPACKE interface :  Fast linear algebra routines
   SCALAPACK package :  Parallel linear algebra routines
   Shared memory     :  Shared parallel matrices
   BLAS/LAPACK       :  OpenBLAS 0.3.15  USE64BITINT DYNAMIC_ARCH NO_AFFINITY SkylakeX SINGLE_THREADED
        Core in use  :  SkylakeX
   Copyright (c) 2011-2014, The OpenBLAS Project




***************************************
The coordinates will be read from file: reactant.xyz
***************************************


Your calculation utilizes the atom-pairwise dispersion correction
with the Becke-Johnson damping scheme (D3BJ)
Cite in your paper:
S.Grimme, S.Ehrlich, L.Goerigk, J Comput Chem, (2011), 32, 1456â€“1465 
S.Grimme, J.Antony, S.Ehrlich and H.Krieg, J.Chem.Phys., 132, (2010), 154104 
   

Your calculation utilizes a Nudged-Elastic-Band implementation
 by V.Asgeirsson, C. Riplinger & H. Jonsson
Please cite in your paper:
 V. Asgeirsson et al., in prep. (2019)
   

================================================================================

----- Orbital basis set information -----
Your calculation utilizes the basis: def2-SVP
   F. Weigend and R. Ahlrichs, Phys. Chem. Chem. Phys. 7, 3297 (2005).

----- AuxJ basis set information -----
Your calculation utilizes the auxiliary basis: def2/J
   F. Weigend, Phys. Chem. Chem. Phys. 8, 1057 (2006).

================================================================================
                                        WARNINGS
                       Please study these warnings very carefully!
================================================================================


WARNING: Geometry Optimization
  ===> : Switching off AutoStart
         For restart on a previous wavefunction, please use MOREAD

INFO   : the flag for use of the SHARK integral package has been found!

================================================================================
                                       INPUT FILE
================================================================================
NAME = NEB-CI.inp
|  1> ! PBE def2-SVP D3BJ NEB-CI
|  2> 
|  3> %pal
|  4>     nprocs 4
|  5> end
|  6> 
|  7> %maxcore 750
|  8> 
|  9> %neb
| 10>     neb_end_xyzfile "product.xyz"
| 11>     NImages 5
| 12> end
| 13> 
| 14> *xyzfile 0 1 reactant.xyz
| 15> 
| 16> 
| 17> 
| 18>                          ****END OF INPUT****
================================================================================


--------------------------------------------------------------------------------
                        Nudged Elastic Band Calculation
--------------------------------------------------------------------------------

Number of images (incl. end points)     ....  7
Number of intermediate images           ....  5
Number of optimized images              ....  5
Optimization of end points before NEB   ....  NO
Use existing gbw files for MO input     ....  NO
Number of atoms                         ....  7
Number of (active) degrees of freedom   ....  21
Constrained atoms                       ....  None

-----------------------------------------
  REACTANT (ANGSTROEM)
-----------------------------------------
C     -4.283709     1.625615    -0.002642 
C     -2.974068     0.889792     0.008208 
H     -3.024283     0.063020     0.735501 
H     -2.144976     1.563000     0.255117 
H     -2.807253     0.423646    -0.976643 
O     -4.416673     2.808623     0.230366 
H     -5.177487     0.992025    -0.249898 

-----------------------------------------
  PRODUCT (ANGSTROEM)
-----------------------------------------
C     -4.278583     1.484518     0.033611 
C     -3.070429     0.911286     0.052179 
H     -2.193945     1.412820     0.468350 
H     -3.806505     3.140723     0.865082 
H     -2.937113    -0.087695    -0.356607 
O     -4.609602     2.722461     0.502765 
H     -5.158632     0.988607    -0.380772 



----------------------
NEB settings
----------------------
Method type                             ....  climbing image
Threshold for climbing image            ....  2.00e-02 Eh/Bohr 
Free endpoints                          ....  off 
Tangent type                            ....  improved 
Number of intermediate images           ....  5 
Number of images free to move           ....  5 
Spring type for image distribution      ....  distance between adjacent images 
Spring constant                         ....  energy weighted (0.0100 -to- 0.1000) Eh/Bohr^2 
Spring force perp. to the path          ....  none 
Generation of initial path              ....  image dependent pair potential 
Initial path via TS guess               ....  off 

Minimization of RMSD: Rotation          ....  always 
Minimization of RMSD: Translation type  ....  centroid 
Center fixed to origin                  ....  true 
Remove external force                   ....  true 

Reparametrization of the path           ....  off 
Convergence thresholds:
Convergence monitored for               ....  all images
Scaling factor                          ....  10.00

Convergence parameters for regular images:
               Max(|Fp|)                ....  5.00e-03 Eh/Bohr
               RMS(Fp)                  ....  2.50e-03 Eh/Bohr

Convergence parameters for climbing image:
               Max(|F|)                 ....  5.00e-04 Eh/Bohr
               RMS(F)                   ....  2.50e-04 Eh/Bohr
Optimization method:
Method                                  ....  L-BFGS
Max. iterations                         ....  500 
Step size                               ....  1.00 
Maximum allowed step size               ....  0.10 Bohr

LBFGS parameters: 
               Memory                   ....  20 
               Initial step size        ....  0.0010 
               Estimate curvature       ....  YES 
               Reset on maxmove         ....  YES 
               Reparam. on reset        ....  NO 
Generation of  the initial path:
Minimize RMSD between reactant and product configurations     .... done
       RMSD before minimization         ....  1.2396 Bohr
       RMSD after minimization          ....  0.9888 Bohr
Performing linear interpolation         ....  done
Interpolation using                     ....  IDPP (Image Dependent Pair Potential)
IDPP-Settings:
       Remove global transl. and rot.   ...   true
       Convergence tolerance            ....  0.0100 1/Ang.^3
       Max. numer of iterations         ....    7000
       Spring constant                  ....  1.0000 1/Ang.^4
       Time step                        ....  0.0100 fs
       Max. movement per iteration      ....  0.0500 Ang.
       Full print                       ....  false 
idpp initial path generation successfully converged in 87 iterations
Displacement along initial path:              4.6915 Bohr
Writing initial trajectory to file      ....  NEB-CI_initial_path_trj.xyz



----------------------
NEB OPTIMIZATION      
----------------------

Following output files will be written:
Energy profile during opt. written to    ....  NEB-CI.interp
Optimization log-file                    ....  NEB-CI.NEB.log
Current trajectory will be written to    ....  NEB-CI_MEP_trj.xyz
       and to allxyz file                ....  NEB-CI_MEP.allxyz
       and individual images to xyz file ....  NEB-CI_im{NIm}.xyz
Trajectory history will be written to    ....  NEB-CI_MEP_ALL_trj.xyz
Converged CI will be written to          ....  NEB-CI_NEB-CI_converged.xyz

Single point energy and gradient calculation of reactant and
product configurations (have to be performed only once)
Properties of fixed NEB end points:
               Reactant:
                         E               ....   -153.531199 Eh
                         RMS(F)          ....      0.003161 Eh/Bohr
                         MAX(|F|)        ....      0.004949 Eh/Bohr
      Warning: Reactant seems to be less converged than convergence tolerances.
               You might want to use free end NEB or preopt_ends true.
               Product:
                         E               ....   -153.513746 Eh
                         RMS(F)          ....      0.004488 Eh/Bohr
                         MAX(|F|)        ....      0.012590 Eh/Bohr
      Warning: Product seems to be less converged than convergence tolerances.
               You might want to use free end NEB or preopt_ends true.



Starting iterations:

Optim.  Iteration  HEI  E(HEI)-E(0)  max(|Fp|)   RMS(Fp)    dS
Switch-on CI threshold               0.020000 
   LBFGS     0      3    0.132884    0.077186   0.019692  4.6915       
   LBFGS     1      3    0.128124    0.066818   0.016736  4.7117       
   LBFGS     2      3    0.125319    0.058717   0.014239  4.8160       
   LBFGS     3      3    0.121777    0.037648   0.010961  4.8084       
   LBFGS     4      3    0.119752    0.046195   0.010844  4.8341       
   LBFGS     5      3    0.115212    0.048761   0.010571  4.9071       
   LBFGS     6      3    0.111773    0.048547   0.010162  4.9371       
   LBFGS     7      3    0.110017    0.025304   0.006902  4.9492       
   LBFGS     8      3    0.104224    0.022563   0.006449  5.0414       
   LBFGS     9      3    0.102926    0.028677   0.006846  5.0640       
   LBFGS    10      3    0.102093    0.020736   0.005523  5.0874       
   LBFGS    11      3    0.099494    0.018672   0.005229  5.2196       

Image  3 will be converted to a climbing image in the next iteration (max(|Fp|) < 0.0200) 

Optim.  Iteration  CI   E(CI)-E(0)   max(|Fp|)   RMS(Fp)    dS     max(|FCI|)   RMS(FCI)
Convergence thresholds               0.005000   0.002500            0.000500    0.000250 
   LBFGS    12      3    0.099000    0.015463   0.004585  5.2420    0.010494    0.004496       
   LBFGS    13      3    0.098766    0.009399   0.002716  5.2497    0.006377    0.003260       
   LBFGS    14      3    0.098381    0.013700   0.003132  5.2776    0.005411    0.002426       
   LBFGS    15      3    0.097553    0.020925   0.004413  5.3703    0.007060    0.003417       
   LBFGS    16      3    0.097020    0.023973   0.004462  5.5125    0.007238    0.003560       
   LBFGS    17      3    0.096986    0.026648   0.005077  5.6422    0.005283    0.002128       
   LBFGS    18      3    0.096926    0.003654   0.000994  5.5763    0.003260    0.001177       
   LBFGS    19      3    0.096907    0.001948   0.000711  5.5597    0.002328    0.000965       
   LBFGS    20      3    0.096847    0.004927   0.001030  5.5522    0.002309    0.000971       
   LBFGS    21      3    0.096721    0.009033   0.001719  5.5539    0.003045    0.001216       
   LBFGS    22      3    0.096664    0.008212   0.001378  5.5652    0.003142    0.001213       
   LBFGS    23      3    0.096679    0.002790   0.000655  5.5794    0.002147    0.000756       
   LBFGS    24      3    0.096690    0.001882   0.000611  5.5896    0.000950    0.000433       
   LBFGS    25      3    0.096683    0.002210   0.000544  5.5837    0.000738    0.000330       
   LBFGS    26      3    0.096677    0.000879   0.000288  5.5673    0.000577    0.000282       
   LBFGS    27      3    0.096679    0.001730   0.000373  5.5630    0.000784    0.000268       
   LBFGS    28      3    0.096678    0.001043   0.000304  5.5642    0.000459    0.000207       

                                .--------------------.
          ----------------------| CI-NEB convergence |-------------------------
          Item                value                   Tolerance       Converged
          ---------------------------------------------------------------------
          RMS(Fp)             0.0003040252            0.0025000000      YES
          MAX(|Fp|)           0.0010430797            0.0050000000      YES
          RMS(FCI)            0.0002072707            0.0002500000      YES
          MAX(|FCI|)          0.0004590761            0.0005000000      YES
          ---------------------------------------------------------------------

The elastic band and climbing image have converged successfully to a MEP in 28 iterations!


                    *********************H U R R A Y*********************
                    ***        THE NEB OPTIMIZATION HAS CONVERGED     ***
                    *****************************************************



---------------------------------------------------------------
                         PATH SUMMARY              
---------------------------------------------------------------
All forces in Eh/Bohr.

Image Dist.(Ang.)    E(Eh)   dE(kcal/mol)  max(|Fp|)  RMS(Fp)
  0     0.000    -153.53120      0.00       0.00506   0.00314
  1     0.905    -153.49926     20.04       0.00075   0.00036
  2     1.213    -153.45497     47.83       0.00059   0.00023
  3     1.447    -153.43452     60.67       0.00049   0.00019 <= CI
  4     1.727    -153.45985     44.77       0.00082   0.00038
  5     2.118    -153.49291     24.03       0.00104   0.00047
  6     2.944    -153.51375     10.95       0.01258   0.00447

Straight line distance between images along the path:
        D( 0- 1) =   0.9050 Ang.
        D( 1- 2) =   0.3076 Ang.
        D( 2- 3) =   0.2339 Ang.
        D( 3- 4) =   0.2804 Ang.
        D( 4- 5) =   0.3908 Ang.
        D( 5- 6) =   0.8267 Ang.

---------------------------------------------------------------
               INFORMATION ABOUT SADDLE POINT     
---------------------------------------------------------------

Climbing image                            ....  3 
Energy                                    ....  -153.43452053 Eh
Max. abs. force                           ....  4.5908e-04 Eh/Bohr

-----------------------------------------
  SADDLE POINT (ANGSTROEM)
-----------------------------------------
C     -0.663466     0.280480    -0.096988 
C      0.509041    -0.511061    -0.171092 
H      0.838417    -0.860857     0.827755 
H      0.744647     0.863996     0.389759 
H      0.695324    -1.244367    -0.974514 
O     -0.455135     1.365347     0.566047 
H     -1.668828     0.106462    -0.540966 

-----------------------------------------
  FORCES (Eh/Bohr)
-----------------------------------------
C     -0.000100     0.000065     0.000135 
C      0.000216    -0.000382    -0.000253 
H      0.000022    -0.000002     0.000246 
H      0.000330    -0.000055    -0.000218 
H     -0.000166     0.000146     0.000013 
O     -0.000459     0.000220     0.000206 
H      0.000157     0.000009    -0.000129 

-----------------------------------------
  UNIT TANGENT
-----------------------------------------
C      0.108577    -0.151893    -0.130264 
C     -0.173664    -0.292867    -0.107719 
H      0.153198     0.145448    -0.067777 
H     -0.399878     0.531806     0.356130 
H     -0.089973    -0.210508    -0.051868 
O      0.355742    -0.095222     0.043592 
H      0.045997     0.073235    -0.042094 
 => Unit tangent is an approximation to the TS mode at the saddle point
----------
STATISTICS
----------

For the individual parts of the NEB, NEB-CI or NEB-TS run:

Number of iterations:
     NEB                               ... 29  100.0%
Number of SCF / gradient calculations:
     NEB                               ... 172  100.0%

----------
 TIMINGS
----------

For the individual parts of the NEB, NEB-CI or NEB-TS run:

Total                                  ...      360.931 sec
NEB                                    ...      360.931 sec  100.0%


Timings for individual modules:

Sum of individual times         ...      367.514 sec (=   6.125 min)
GTO integral calculation        ...        1.395 sec (=   0.023 min)   0.4 %
SCF iterations                  ...        3.456 sec (=   0.058 min)   0.9 %
SCF Gradient evaluation         ...        1.733 sec (=   0.029 min)   0.5 %
NEB Iterations                  ...      360.931 sec (=   6.016 min)  98.2 %
                             ****ORCA TERMINATED NORMALLY****
TOTAL RUN TIME: 0 days 0 hours 6 minutes 2 seconds 467 msec
