
                                 *****************
                                 * O   R   C   A *
                                 *****************

                                            #,                                       
                                            ###                                      
                                            ####                                     
                                            #####                                    
                                            ######                                   
                                           ########,                                 
                                     ,,################,,,,,                         
                               ,,#################################,,                 
                          ,,##########################################,,             
                       ,#########################################, ''#####,          
                    ,#############################################,,   '####,        
                  ,##################################################,,,,####,       
                ,###########''''           ''''###############################       
              ,#####''   ,,,,##########,,,,          '''####'''          '####       
            ,##' ,,,,###########################,,,                        '##       
           ' ,,###''''                  '''############,,,                           
         ,,##''                                '''############,,,,        ,,,,,,###''
      ,#''                                            '''#######################'''  
     '                                                          ''''####''''         
             ,#######,   #######,   ,#######,      ##                                
            ,#'     '#,  ##    ##  ,#'     '#,    #''#        ######   ,####,        
            ##       ##  ##   ,#'  ##            #'  '#       #        #'  '#        
            ##       ##  #######   ##           ,######,      #####,   #    #        
            '#,     ,#'  ##    ##  '#,     ,#' ,#      #,         ##   #,  ,#        
             '#######'   ##     ##  '#######'  #'      '#     #####' # '####'        



                  #######################################################
                  #                        -***-                        #
                  #          Department of theory and spectroscopy      #
                  #    Directorship and core code : Frank Neese         #
                  #        Max Planck Institute fuer Kohlenforschung    #
                  #                Kaiser Wilhelm Platz 1               #
                  #                 D-45470 Muelheim/Ruhr               #
                  #                      Germany                        #
                  #                                                     #
                  #                  All rights reserved                #
                  #                        -***-                        #
                  #######################################################


                         Program Version 5.0.3 -  RELEASE  -


 With contributions from (in alphabetic order):
   Daniel Aravena         : Magnetic Suceptibility
   Michael Atanasov       : Ab Initio Ligand Field Theory (pilot matlab implementation)
   Alexander A. Auer      : GIAO ZORA, VPT2 properties, NMR spectrum
   Ute Becker             : Parallelization
   Giovanni Bistoni       : ED, misc. LED, open-shell LED, HFLD
   Martin Brehm           : Molecular dynamics
   Dmytro Bykov           : SCF Hessian
   Vijay G. Chilkuri      : MRCI spin determinant printing, contributions to CSF-ICE
   Dipayan Datta          : RHF DLPNO-CCSD density
   Achintya Kumar Dutta   : EOM-CC, STEOM-CC
   Dmitry Ganyushin       : Spin-Orbit,Spin-Spin,Magnetic field MRCI
   Miquel Garcia          : C-PCM and meta-GGA Hessian, CC/C-PCM, Gaussian charge scheme
   Yang Guo               : DLPNO-NEVPT2, F12-NEVPT2, CIM, IAO-localization
   Andreas Hansen         : Spin unrestricted coupled pair/coupled cluster methods
   Benjamin Helmich-Paris : MC-RPA, TRAH-SCF, COSX integrals
   Lee Huntington         : MR-EOM, pCC
   Robert Izsak           : Overlap fitted RIJCOSX, COSX-SCS-MP3, EOM
   Marcus Kettner         : VPT2
   Christian Kollmar      : KDIIS, OOCD, Brueckner-CCSD(T), CCSD density, CASPT2, CASPT2-K
   Simone Kossmann        : Meta GGA functionals, TD-DFT gradient, OOMP2, MP2 Hessian
   Martin Krupicka        : Initial AUTO-CI
   Lucas Lang             : DCDCAS
   Marvin Lechner         : AUTO-CI (C++ implementation), FIC-MRCC
   Dagmar Lenk            : GEPOL surface, SMD
   Dimitrios Liakos       : Extrapolation schemes; Compound Job, initial MDCI parallelization
   Dimitrios Manganas     : Further ROCIS development; embedding schemes
   Dimitrios Pantazis     : SARC Basis sets
   Anastasios Papadopoulos: AUTO-CI, single reference methods and gradients
   Taras Petrenko         : DFT Hessian,TD-DFT gradient, ASA, ECA, R-Raman, ABS, FL, XAS/XES, NRVS
   Peter Pinski           : DLPNO-MP2, DLPNO-MP2 Gradient
   Christoph Reimann      : Effective Core Potentials
   Marius Retegan         : Local ZFS, SOC
   Christoph Riplinger    : Optimizer, TS searches, QM/MM, DLPNO-CCSD(T), (RO)-DLPNO pert. Triples
   Tobias Risthaus        : Range-separated hybrids, TD-DFT gradient, RPA, STAB
   Michael Roemelt        : Original ROCIS implementation
   Masaaki Saitow         : Open-shell DLPNO-CCSD energy and density
   Barbara Sandhoefer     : DKH picture change effects
   Avijit Sen             : IP-ROCIS
   Kantharuban Sivalingam : CASSCF convergence, NEVPT2, FIC-MRCI
   Bernardo de Souza      : ESD, SOC TD-DFT
   Georgi Stoychev        : AutoAux, RI-MP2 NMR, DLPNO-MP2 response
   Willem Van den Heuvel  : Paramagnetic NMR
   Boris Wezisla          : Elementary symmetry handling
   Frank Wennmohs         : Technical directorship


 We gratefully acknowledge several colleagues who have allowed us to
 interface, adapt or use parts of their codes:
   Stefan Grimme, W. Hujo, H. Kruse, P. Pracht,  : VdW corrections, initial TS optimization,
                  C. Bannwarth, S. Ehlert          DFT functionals, gCP, sTDA/sTD-DF
   Ed Valeev, F. Pavosevic, A. Kumar             : LibInt (2-el integral package), F12 methods
   Garnet Chan, S. Sharma, J. Yang, R. Olivares  : DMRG
   Ulf Ekstrom                                   : XCFun DFT Library
   Mihaly Kallay                                 : mrcc  (arbitrary order and MRCC methods)
   Jiri Pittner, Ondrej Demel                    : Mk-CCSD
   Frank Weinhold                                : gennbo (NPA and NBO analysis)
   Christopher J. Cramer and Donald G. Truhlar   : smd solvation model
   Lars Goerigk                                  : TD-DFT with DH, B97 family of functionals
   V. Asgeirsson, H. Jonsson                     : NEB implementation
   FAccTs GmbH                                   : IRC, NEB, NEB-TS, DLPNO-Multilevel, CI-OPT
                                                   MM, QMMM, 2- and 3-layer-ONIOM, Crystal-QMMM,
                                                   LR-CPCM, SF, NACMEs, symmetry and pop. for TD-DFT,
                                                   nearIR, NL-DFT gradient (VV10), updates on ESD,
                                                   ML-optimized integration grids
   S Lehtola, MJT Oliveira, MAL Marques          : LibXC Library
   Liviu Ungur et al                             : ANISO software


 Your calculation uses the libint2 library for the computation of 2-el integrals
 For citations please refer to: http://libint.valeyev.net

 Your ORCA version has been built with support for libXC version: 5.1.0
 For citations please refer to: https://tddft.org/programs/libxc/

 This ORCA versions uses:
   CBLAS   interface :  Fast vector & matrix operations
   LAPACKE interface :  Fast linear algebra routines
   SCALAPACK package :  Parallel linear algebra routines
   Shared memory     :  Shared parallel matrices
   BLAS/LAPACK       :  OpenBLAS 0.3.15  USE64BITINT DYNAMIC_ARCH NO_AFFINITY Zen SINGLE_THREADED
        Core in use  :  Zen
   Copyright (c) 2011-2014, The OpenBLAS Project




***************************************
The coordinates will be read from file: water.xyz
***************************************


Your calculation utilizes the SMD solvation module
Please cite in your paper:
A.V. Marenich, C.J. Cramer, D.G. Truhlar J. Phys. Chem. B, 113, (2009), 6378 

================================================================================

----- Orbital basis set information -----
Your calculation utilizes the basis: def2-SVP
   F. Weigend and R. Ahlrichs, Phys. Chem. Chem. Phys. 7, 3297 (2005).

----- AuxJ basis set information -----
Your calculation utilizes the auxiliary basis: def2/J
   F. Weigend, Phys. Chem. Chem. Phys. 8, 1057 (2006).

================================================================================
                                        WARNINGS
                       Please study these warnings very carefully!
================================================================================



WARNING: Found flag for RIJCOSX approximation but no HF exchange needed!
  ===> : RIJCOSX  will be disabled and Split-RI-J is turned on

WARNING: your system is open-shell and RHF/RKS was chosen
  ===> : WILL SWITCH to UHF/UKS


INFO   : the flag for use of the SHARK integral package has been found!

================================================================================
                                       INPUT FILE
================================================================================
NAME = water_spe.inp
|  1> %pal
|  2>   nprocs 4
|  3> end
|  4> 
|  5> %maxcore 350
|  6> 
|  7> ! PBE def2-SVP 
|  8> ! RIJCOSX def2/J
|  9> 
| 10> %CPCM
| 11>   SMD True
| 12>   SMDsolvent "DMSO"
| 13> end
| 14> 
| 15> * xyzfile 1 2 water.xyz
| 16> 
| 17>                          ****END OF INPUT****
================================================================================

                       ****************************
                       * Single Point Calculation *
                       ****************************

---------------------------------
CARTESIAN COORDINATES (ANGSTROEM)
---------------------------------
  O     -3.210350   -0.585040   -0.013950
  H     -2.242470   -0.618270    0.018480
  H     -3.489200   -1.249110    0.634290

----------------------------
CARTESIAN COORDINATES (A.U.)
----------------------------
  NO LB      ZA    FRAG     MASS         X           Y           Z
   0 O     8.0000    0    15.999   -6.066682   -1.105565   -0.026362
   1 H     1.0000    0     1.008   -4.237654   -1.168361    0.034922
   2 H     1.0000    0     1.008   -6.593632   -2.360476    1.198634

--------------------------------
INTERNAL COORDINATES (ANGSTROEM)
--------------------------------
 O      0   0   0     0.000000000000     0.00000000     0.00000000
 H      1   0   0     0.968993102246     0.00000000     0.00000000
 H      1   2   0     0.969000198658   103.97800340     0.00000000

---------------------------
INTERNAL COORDINATES (A.U.)
---------------------------
 O      0   0   0     0.000000000000     0.00000000     0.00000000
 H      1   0   0     1.831131588903     0.00000000     0.00000000
 H      1   2   0     1.831144999180   103.97800340     0.00000000

---------------------
BASIS SET INFORMATION
---------------------
There are 2 groups of distinct atoms

 Group   1 Type O   : 7s4p1d contracted to 3s2p1d pattern {511/31/1}
 Group   2 Type H   : 4s1p contracted to 2s1p pattern {31/1}

Atom   0O    basis set group =>   1
Atom   1H    basis set group =>   2
Atom   2H    basis set group =>   2
---------------------------------
AUXILIARY/J BASIS SET INFORMATION
---------------------------------
There are 2 groups of distinct atoms

 Group   1 Type O   : 12s5p4d2f1g contracted to 6s4p3d1f1g pattern {711111/2111/211/2/1}
 Group   2 Type H   : 5s2p1d contracted to 3s1p1d pattern {311/2/1}

Atom   0O    basis set group =>   1
Atom   1H    basis set group =>   2
Atom   2H    basis set group =>   2


           ************************************************************
           *        Program running with 4 parallel MPI-processes     *
           *              working on a common directory               *
           ************************************************************
------------------------------------------------------------------------------
                           ORCA GTO INTEGRAL CALCULATION
                           -- RI-GTO INTEGRALS CHOSEN --
------------------------------------------------------------------------------
------------------------------------------------------------------------------
                   ___                                                        
                  /   \      - P O W E R E D   B Y -                         
                 /     \                                                     
                 |  |  |   _    _      __       _____    __    __             
                 |  |  |  | |  | |    /  \     |  _  \  |  |  /  |          
                  \  \/   | |  | |   /    \    | | | |  |  | /  /          
                 / \  \   | |__| |  /  /\  \   | |_| |  |  |/  /          
                |  |  |   |  __  | /  /__\  \  |    /   |      \           
                |  |  |   | |  | | |   __   |  |    \   |  |\   \          
                \     /   | |  | | |  |  |  |  | |\  \  |  | \   \       
                 \___/    |_|  |_| |__|  |__|  |_| \__\ |__|  \__/        
                                                                              
                      - O R C A' S   B I G   F R I E N D -                    
                                      &                                       
                       - I N T E G R A L  F E E D E R -                       
                                                                              
 v1 FN, 2020, v2 2021                                                         
------------------------------------------------------------------------------


Reading SHARK input file water_spe.SHARKINP.tmp ... ok
----------------------
SHARK INTEGRAL PACKAGE
----------------------

Number of atoms                             ...      3
Number of basis functions                   ...     24
Number of shells                            ...     12
Maximum angular momentum                    ...      2
Integral batch strategy                     ... SHARK/LIBINT Hybrid
RI-J (if used) integral strategy            ... SPLIT-RIJ (Revised 2003 algorithm where possible)
Printlevel                                  ...      1
Contraction scheme used                     ... SEGMENTED contraction
Coulomb Range Separation                    ... NOT USED
Exchange Range Separation                   ... NOT USED
Finite Nucleus Model                        ... NOT USED
Auxiliary Coulomb fitting basis             ... AVAILABLE
   # of basis functions in Aux-J            ...     71
   # of shells in Aux-J                     ...     25
   Maximum angular momentum in Aux-J        ...      4
Auxiliary J/K fitting basis                 ... NOT available
Auxiliary Correlation fitting basis         ... NOT available
Auxiliary 'external' fitting basis          ... NOT available
Integral threshold                          ...     1.000000e-10
Primitive cut-off                           ...     1.000000e-11
Primitive pair pre-selection threshold      ...     1.000000e-11

Calculating pre-screening integrals         ... done (  0.0 sec) Dimension = 12
Organizing shell pair data                  ... done (  0.0 sec)
Shell pair information
Total number of shell pairs                 ...        78
Shell pairs after pre-screening             ...        78
Total number of primitive shell pairs       ...       272
Primitive shell pairs kept                  ...       265
          la=0 lb=0:     28 shell pairs
          la=1 lb=0:     28 shell pairs
          la=1 lb=1:     10 shell pairs
          la=2 lb=0:      7 shell pairs
          la=2 lb=1:      4 shell pairs
          la=2 lb=2:      1 shell pairs

Calculating one electron integrals          ... done (  0.0 sec)
Calculating RI/J V-Matrix + Cholesky decomp.... done (  0.0 sec)
Calculating Nuclear repulsion               ... done (  0.0 sec) ENN=      9.084297099237 Eh

SHARK setup successfully completed in   0.1 seconds

Maximum memory used throughout the entire GTOINT-calculation: 8.7 MB


           ************************************************************
           *        Program running with 4 parallel MPI-processes     *
           *              working on a common directory               *
           ************************************************************
-------------------------------------------------------------------------------
                                 ORCA SCF
-------------------------------------------------------------------------------

------------
SCF SETTINGS
------------
Hamiltonian:
 Density Functional     Method          .... DFT(GTOs)
 Exchange Functional    Exchange        .... PBE
   PBE kappa parameter   XKappa         ....  0.804000
   PBE mue parameter    XMuePBE         ....  0.219520
 Correlation Functional Correlation     .... PBE
   PBE beta parameter  CBetaPBE         ....  0.066725
 LDA part of GGA corr.  LDAOpt          .... PW91-LDA
 Gradients option       PostSCFGGA      .... off
   Density functional embedding theory  .... OFF
   NL short-range parameter             ....  6.400000
 RI-approximation to the Coulomb term is turned on
   Number of AuxJ basis functions       .... 71


General Settings:
 Integral files         IntName         .... water_spe
 Hartree-Fock type      HFTyp           .... UHF
 Total Charge           Charge          ....    1
 Multiplicity           Mult            ....    2
 Number of Electrons    NEL             ....    9
 Basis Dimension        Dim             ....   24
 Nuclear Repulsion      ENuc            ....      9.0842970992 Eh

Convergence Acceleration:
 DIIS                   CNVDIIS         .... on
   Start iteration      DIISMaxIt       ....    12
   Startup error        DIISStart       ....  0.200000
   # of expansion vecs  DIISMaxEq       ....     5
   Bias factor          DIISBfac        ....   1.050
   Max. coefficient     DIISMaxC        ....  10.000
 Trust-Rad. Augm. Hess. CNVTRAH         .... auto
   Auto Start mean grad. ratio tolernc. ....  1.125000
   Auto Start start iteration           ....    20
   Auto Start num. interpolation iter.  ....    10
   Max. Number of Micro iterations      ....    16
   Max. Number of Macro iterations      .... Maxiter - #DIIS iter
   Number of Davidson start vectors     ....     2
   Converg. threshold I  (grad. norm)   ....   5.000e-05
   Converg. threshold II (energy diff.) ....   1.000e-06
   Grad. Scal. Fac. for Micro threshold ....   0.100
   Minimum threshold for Micro iter.    ....   0.010
   NR start threshold (gradient norm)   ....   0.001
   Initial trust radius                 ....   0.400
   Minimum AH scaling param. (alpha)    ....   1.000
   Maximum AH scaling param. (alpha)    .... 1000.000
   Orbital update algorithm             .... Taylor
   White noise on init. David. guess    .... on
   Maximum white noise                  ....   0.010
   Quad. conv. algorithm                .... NR
 SOSCF                  CNVSOSCF        .... off
 Level Shifting         CNVShift        .... on
   Level shift para.    LevelShift      ....    0.2500
   Turn off err/grad.   ShiftErr        ....    0.0010
 Zerner damping         CNVZerner       .... off
 Static damping         CNVDamp         .... on
   Fraction old density DampFac         ....    0.7000
   Max. Damping (<1)    DampMax         ....    0.9800
   Min. Damping (>=0)   DampMin         ....    0.0000
   Turn off err/grad.   DampErr         ....    0.1000
 Fernandez-Rico         CNVRico         .... off

SCF Procedure:
 Maximum # iterations   MaxIter         ....   125
 SCF integral mode      SCFMode         .... Direct
   Integral package                     .... SHARK and LIBINT hybrid scheme
 Reset frequency        DirectResetFreq ....    20
 Integral Threshold     Thresh          ....  1.000e-10 Eh
 Primitive CutOff       TCut            ....  1.000e-11 Eh

Convergence Tolerance:
 Convergence Check Mode ConvCheckMode   .... Total+1el-Energy
 Convergence forced     ConvForced      .... 0
 Energy Change          TolE            ....  1.000e-06 Eh
 1-El. energy change                    ....  1.000e-03 Eh
 DIIS Error             TolErr          ....  1.000e-06


Diagonalization of the overlap matrix:
Smallest eigenvalue                        ... 3.830e-02
Time for diagonalization                   ...    0.000 sec
Threshold for overlap eigenvalues          ... 1.000e-08
Number of eigenvalues below threshold      ... 0
Time for construction of square roots      ...    0.005 sec
Total time needed                          ...    0.010 sec

Time for model grid setup =    0.013 sec

------------------------------
INITIAL GUESS: MODEL POTENTIAL
------------------------------
Loading Hartree-Fock densities                     ... done
Calculating cut-offs                               ... done
Initializing the effective Hamiltonian             ... done
Setting up the integral package (SHARK)            ... done
Starting the Coulomb interaction                   ... done (   0.0 sec)
Reading the grid                                   ... done
Mapping shells                                     ... done
Starting the XC term evaluation                    ... done (   0.0 sec)
  promolecular density results
     # of electrons  =      9.998906425
     EX              =     -8.726226855
     EC              =     -0.315781802
     EX+EC           =     -9.042008657
Transforming the Hamiltonian                       ... done (   0.0 sec)
Diagonalizing the Hamiltonian                      ... done (   0.0 sec)
Back transforming the eigenvectors                 ... done (   0.0 sec)
Now organizing SCF variables                       ... done
                      ------------------
                      INITIAL GUESS DONE (   0.1 sec)
                      ------------------
-------------------
DFT GRID GENERATION
-------------------

General Integration Accuracy     IntAcc      ... 4.388
Radial Grid Type                 RadialGrid  ... OptM3 with GC (2021)
Angular Grid (max. ang.)         AngularGrid ... 4 (Lebedev-302)
Angular grid pruning method      GridPruning ... 4 (adaptive)
Weight generation scheme         WeightScheme... Becke
Basis function cutoff            BFCut       ... 1.0000e-10
Integration weight cutoff        WCut        ... 1.0000e-14
Angular grids for H and He will be reduced by one unit
Partially contracted basis set               ... off
Rotationally invariant grid construction     ... off

Total number of grid points                  ...    12750
Total number of batches                      ...      201
Average number of points per batch           ...       63
Average number of grid points per atom       ...     4250
Time for grid setup =    0.047 sec


--------------------
CPCM SOLVATION MODEL
--------------------
CPCM parameters:
  Epsilon                                         ...      46.8260
  Refrac                                          ...       1.4170
  Rsolv                                           ...       1.3000
  Surface type                                    ... GAUSSIAN VDW
  Epsilon function type                           ...         CPCM
Solvent:                                     ... DMSO
SMD-CDS solvent descriptors:
  Soln                                       ...    1.4170
  Soln25                                     ...    1.4773
  Sola                                       ...    0.0000
  Solb                                       ...    0.8800
  Solg                                       ...   61.7800
  Solc                                       ...    0.0000
  Solh                                       ...    0.0000
Radii:
 Radius for O  used is    4.3350 Bohr (=   2.2940 Ang.)
 Radius for H  used is    2.2677 Bohr (=   1.2000 Ang.)
Calculating surface                               ...        done! (  0.0s)
GEPOL surface points                              ...          149
GEPOL Volume                                      ...     340.1380
GEPOL Surface-area                                ...     235.1831
Calculating surface distance matrix               ...        done! (  0.0s)
Performing Cholesky decomposition & store         ...        done! (  0.0s)
Overall time for CPCM initialization              ...                 0.0s
--------------
SCF ITERATIONS
--------------
ITER       Energy         Delta-E        Max-DP      RMS-DP      [F,P]     Damp
               ***  Starting incremental Fock matrix formation  ***
  0    -75.9334847990   0.000000000000 0.00999340  0.00083766  0.0419923 0.7000
  1    -75.9360528325  -0.002568033588 0.00715611  0.00064653  0.0304205 0.7000
                               ***Turning on DIIS***
  2    -75.9375869156  -0.001534083078 0.01362739  0.00144054  0.0214705 0.0000
  3    -75.9407995441  -0.003212628491 0.00602211  0.00041154  0.0064178 0.0000
  4    -75.9409284684  -0.000128924315 0.00241574  0.00018707  0.0031783 0.0000
  5    -75.9409572993  -0.000028830857 0.00079462  0.00005223  0.0008791 0.0000
  6    -75.9409598184  -0.000002519121 0.00017911  0.00001406  0.0001575 0.0000
                 **** Energy Check signals convergence ****

               *****************************************************
               *                     SUCCESS                       *
               *           SCF CONVERGED AFTER   7 CYCLES          *
               *****************************************************


SMD CDS free energy correction energy :                -1.02654     Kcal/mol
Total Energy after SMD CDS correction =               -75.942595825 Eh

----------------
TOTAL SCF ENERGY
----------------

Total Energy       :          -75.94259583 Eh           -2066.50309 eV

Components:
Nuclear Repulsion  :            9.08429710 Eh             247.19629 eV
Electronic Energy  :          -85.02689292 Eh           -2313.69938 eV
One Electron Energy:         -117.84516895 Eh           -3206.73007 eV
Two Electron Energy:           32.81827602 Eh             893.03069 eV
CPCM Dielectric    :           -0.12209952 Eh              -3.32250 eV
SMD CDS (Gcds)     :           -0.00163589 Eh              -0.04451 eV

Virial components:
Potential Energy   :         -151.45000769 Eh           -4121.16423 eV
Kinetic Energy     :           75.50741186 Eh            2054.66113 eV
Virial Ratio       :            2.00576346


DFT components:
N(Alpha)           :        5.000000265405 electrons
N(Beta)            :        4.000000022235 electrons
N(Total)           :        9.000000287640 electrons
E(X)               :       -8.594314858236 Eh       
E(C)               :       -0.286931661917 Eh       
E(XC)              :       -8.881246520153 Eh       
DFET-embed. en.    :        0.000000000000 Eh       
CPCM Solvation Model Properties:
Surface-charge          :           -0.99914364
Charge-correction       :           -0.00010465 Eh              -0.00285 eV
Free-energy (cav+disp)  :           -0.00163589 Eh              -0.04451 eV

---------------
SCF CONVERGENCE
---------------

  Last Energy change         ...   -1.1767e-07  Tolerance :   1.0000e-06
  Last MAX-Density change    ...    2.1952e-05  Tolerance :   1.0000e-05
  Last RMS-Density change    ...    1.8080e-06  Tolerance :   1.0000e-06
  Last DIIS Error            ...    1.5520e-05  Tolerance :   1.0000e-06

             **** THE GBW FILE WAS UPDATED (water_spe.gbw) ****
             **** DENSITY water_spe.scfp WAS UPDATED ****
             **** ENERGY FILE WAS UPDATED (water_spe.en.tmp) ****
----------------------
UHF SPIN CONTAMINATION
----------------------

Warning: in a DFT calculation there is little theoretical justification to 
         calculate <S**2> as in Hartree-Fock theory. We will do it anyways
         but you should keep in mind that the values have only limited relevance

Expectation value of <S**2>     :     0.751971
Ideal value S*(S+1) for S=0.5   :     0.750000
Deviation                       :     0.001971

             **** THE GBW FILE WAS UPDATED (water_spe.gbw) ****
             **** DENSITY water_spe.scfp WAS UPDATED ****
----------------
ORBITAL ENERGIES
----------------
                 SPIN UP ORBITALS
  NO   OCC          E(Eh)            E(eV) 
   0   1.0000     -19.083906      -519.2995 
   1   1.0000      -1.188475       -32.3400 
   2   1.0000      -0.708479       -19.2787 
   3   1.0000      -0.584929       -15.9167 
   4   1.0000      -0.575881       -15.6705 
   5   0.0000      -0.062547        -1.7020 
   6   0.0000       0.012152         0.3307 
   7   0.0000       0.382711        10.4141 
   8   0.0000       0.425416        11.5762 
   9   0.0000       0.609985        16.5985 
  10   0.0000       0.662181        18.0189 
  11   0.0000       0.786637        21.4055 
  12   0.0000       0.854433        23.2503 
  13   0.0000       1.095432        29.8082 
  14   0.0000       1.163956        31.6728 
  15   0.0000       1.295825        35.2612 
  16   0.0000       1.568262        42.6746 
  17   0.0000       1.933757        52.6202 
  18   0.0000       1.941972        52.8437 
  19   0.0000       2.555499        69.5387 
  20   0.0000       2.594684        70.6050 
  21   0.0000       2.830521        77.0224 
  22   0.0000       3.114396        84.7470 
  23   0.0000       3.475679        94.5780 

                 SPIN DOWN ORBITALS
  NO   OCC          E(Eh)            E(eV) 
   0   1.0000     -19.058457      -518.6070 
   1   1.0000      -1.130860       -30.7723 
   2   1.0000      -0.688272       -18.7288 
   3   1.0000      -0.548379       -14.9222 
   4   0.0000      -0.441679       -12.0187 
   5   0.0000      -0.050206        -1.3662 
   6   0.0000       0.018319         0.4985 
   7   0.0000       0.383268        10.4292 
   8   0.0000       0.436033        11.8651 
   9   0.0000       0.680330        18.5127 
  10   0.0000       0.701296        19.0832 
  11   0.0000       0.799900        21.7664 
  12   0.0000       0.884350        24.0644 
  13   0.0000       1.112348        30.2685 
  14   0.0000       1.181311        32.1451 
  15   0.0000       1.317485        35.8506 
  16   0.0000       1.565134        42.5895 
  17   0.0000       1.939803        52.7847 
  18   0.0000       1.991457        54.1903 
  19   0.0000       2.632840        71.6432 
  20   0.0000       2.672854        72.7321 
  21   0.0000       2.853244        77.6407 
  22   0.0000       3.184208        86.6467 
  23   0.0000       3.488295        94.9213 

                    ********************************
                    * MULLIKEN POPULATION ANALYSIS *
                    ********************************

--------------------------------------------
MULLIKEN ATOMIC CHARGES AND SPIN POPULATIONS
--------------------------------------------
   0 O :    0.377902    1.044851
   1 H :    0.311149   -0.022422
   2 H :    0.310950   -0.022429
Sum of atomic charges         :    1.0000000
Sum of atomic spin populations:    1.0000000

-----------------------------------------------------
MULLIKEN REDUCED ORBITAL CHARGES AND SPIN POPULATIONS
-----------------------------------------------------
CHARGE
  0 O s       :     3.725194  s :     3.725194
      pz      :     1.235423  p :     3.887500
      px      :     1.404273
      py      :     1.247805
      dz2     :     0.001411  d :     0.009404
      dxz     :     0.000677
      dyz     :     0.003144
      dx2y2   :     0.003473
      dxy     :     0.000699
  1 H s       :     0.619288  s :     0.619288
      pz      :     0.011321  p :     0.069564
      px      :     0.046717
      py      :     0.011526
  2 H s       :     0.619503  s :     0.619503
      pz      :     0.024516  p :     0.069547
      px      :     0.019657
      py      :     0.025374

SPIN
  0 O s       :     0.022106  s :     0.022106
      pz      :     0.512282  p :     1.022418
      px      :     0.021222
      py      :     0.488913
      dz2     :     0.000295  d :     0.000327
      dxz     :     0.000133
      dyz     :    -0.000224
      dx2y2   :    -0.000006
      dxy     :     0.000129
  1 H s       :    -0.028665  s :    -0.028665
      pz      :     0.003377  p :     0.006242
      px      :    -0.000324
      py      :     0.003190
  2 H s       :    -0.028675  s :    -0.028675
      pz      :     0.003513  p :     0.006246
      px      :    -0.000599
      py      :     0.003332


                     *******************************
                     * LOEWDIN POPULATION ANALYSIS *
                     *******************************

-------------------------------------------
LOEWDIN ATOMIC CHARGES AND SPIN POPULATIONS
-------------------------------------------
   0 O :    0.590802    0.990587
   1 H :    0.204655    0.004708
   2 H :    0.204543    0.004705

----------------------------------------------------
LOEWDIN REDUCED ORBITAL CHARGES AND SPIN POPULATIONS
----------------------------------------------------
CHARGE
  0 O s       :     3.462633  s :     3.462633
      pz      :     1.239610  p :     3.929833
      px      :     1.436621
      py      :     1.253602
      dz2     :     0.002385  d :     0.016732
      dxz     :     0.000748
      dyz     :     0.005749
      dx2y2   :     0.007070
      dxy     :     0.000781
  1 H s       :     0.631201  s :     0.631201
      pz      :     0.026832  p :     0.164145
      px      :     0.110220
      py      :     0.027093
  2 H s       :     0.631339  s :     0.631339
      pz      :     0.063272  p :     0.164118
      px      :     0.035512
      py      :     0.065334

SPIN
  0 O s       :     0.013166  s :     0.013166
      pz      :     0.494117  p :     0.977719
      px      :     0.012350
      py      :     0.471252
      dz2     :     0.000026  d :    -0.000298
      dxz     :     0.000014
      dyz     :    -0.000059
      dx2y2   :    -0.000289
      dxy     :     0.000011
  1 H s       :    -0.019411  s :    -0.019411
      pz      :     0.010872  p :     0.024120
      px      :     0.002904
      py      :     0.010343
  2 H s       :    -0.019417  s :    -0.019417
      pz      :     0.012278  p :     0.024122
      px      :     0.000026
      py      :     0.011818


                      *****************************
                      * MAYER POPULATION ANALYSIS *
                      *****************************

  NA   - Mulliken gross atomic population
  ZA   - Total nuclear charge
  QA   - Mulliken gross atomic charge
  VA   - Mayer's total valence
  BVA  - Mayer's bonded valence
  FA   - Mayer's free valence

  ATOM       NA         ZA         QA         VA         BVA        FA
  0 O      7.6221     8.0000     0.3779     2.8034     1.8287     0.9747
  1 H      0.6889     1.0000     0.3111     0.9276     0.9267     0.0010
  2 H      0.6891     1.0000     0.3109     0.9277     0.9268     0.0010

  Mayer bond orders larger than 0.100000
B(  0-O ,  1-H ) :   0.9143 B(  0-O ,  2-H ) :   0.9144 

-------
TIMINGS
-------

Total SCF time: 0 days 0 hours 0 min 2 sec 

Total time                  ....       2.478 sec
Sum of individual times     ....       2.264 sec  ( 91.4%)

Fock matrix formation       ....       1.329 sec  ( 53.6%)
  Split-RI-J                ....       0.235 sec  ( 17.7% of F)
  XC integration            ....       0.312 sec  ( 23.5% of F)
    Basis function eval.    ....       0.012 sec  (  3.9% of XC)
    Density eval.           ....       0.020 sec  (  6.5% of XC)
    XC-Functional eval.     ....       0.020 sec  (  6.3% of XC)
    XC-Potential eval.      ....       0.008 sec  (  2.7% of XC)
Diagonalization             ....       0.283 sec  ( 11.4%)
Density matrix formation    ....       0.004 sec  (  0.2%)
Population analysis         ....       0.064 sec  (  2.6%)
Initial guess               ....       0.061 sec  (  2.5%)
Orbital Transformation      ....       0.000 sec  (  0.0%)
Orbital Orthonormalization  ....       0.000 sec  (  0.0%)
DIIS solution               ....       0.463 sec  ( 18.7%)
Grid generation             ....       0.060 sec  (  2.4%)

Maximum memory used throughout the entire SCF-calculation: 6.2 MB

-------------------------   --------------------
FINAL SINGLE POINT ENERGY       -75.942595825106
-------------------------   --------------------


                            ***************************************
                            *     ORCA property calculations      *
                            ***************************************

                                    ---------------------
                                    Active property flags
                                    ---------------------
   (+) Dipole Moment


------------------------------------------------------------------------------
                       ORCA ELECTRIC PROPERTIES CALCULATION
------------------------------------------------------------------------------

Dipole Moment Calculation                       ... on
Quadrupole Moment Calculation                   ... off
Polarizability Calculation                      ... off
GBWName                                         ... water_spe.gbw
Electron density                                ... water_spe.scfp
The origin for moment calculation is the CENTER OF MASS  = (-5.993827, -1.179295  0.045610)

-------------
DIPOLE MOMENT
-------------
                                X             Y             Z
Electronic contribution:      0.01638      -0.01619       0.01581
Nuclear contribution   :      0.57352      -0.58041       0.56656
                        -----------------------------------------
Total Dipole Moment    :      0.58990      -0.59660       0.58237
                        -----------------------------------------
Magnitude (a.u.)       :      1.02130
Magnitude (Debye)      :      2.59595



--------------------
Rotational spectrum 
--------------------
 
Rotational constants in cm-1:    26.442708    14.345901     9.300255 
Rotational constants in MHz : 792732.440810 430079.286725 278814.632727 

 Dipole components along the rotational axes: 
x,y,z [a.u.] :    -0.000289     1.021305     0.000000 
x,y,z [Debye]:    -0.000734     2.595950     0.000001 

 

Timings for individual modules:

Sum of individual times         ...        3.141 sec (=   0.052 min)
GTO integral calculation        ...        0.387 sec (=   0.006 min)  12.3 %
SCF iterations                  ...        2.754 sec (=   0.046 min)  87.7 %
                             ****ORCA TERMINATED NORMALLY****
TOTAL RUN TIME: 0 days 0 hours 0 minutes 3 seconds 600 msec
