|===============================================================================
|
|  DFTB+ release 22.2
|
|  Copyright (C) 2006 - 2022  DFTB+ developers group
|
|===============================================================================
|
|  When publishing results obtained with DFTB+, please cite the following
|  reference:
|
|  * DFTB+, a software package for efficient approximate density functional
|    theory based atomistic simulations, J. Chem. Phys. 152, 124101 (2020).
|    [doi: 10.1063/1.5143190]
|
|  You should also cite additional publications crediting the parametrization
|  data you use. Please consult the documentation of the SK-files for the
|  references.
|
|===============================================================================

Reading input file 'dftb_in.hsd'
Parser version: 12

--------------------------------------------------------------------------------
***  Converting input from parser version 11 to parser version 12 ...
***  Done.

Reading SK-files:
/home/luca/slakos/3ob/3ob-3-1/O-O.skf
/home/luca/slakos/3ob/3ob-3-1/O-H.skf
/home/luca/slakos/3ob/3ob-3-1/H-H.skf
Done.


Processed input in HSD format written to 'dftb_pin.hsd'

Starting initialization...
--------------------------------------------------------------------------------
MPI processes:               1
OpenMP threads:              1
BLACS orbital grid size:     1 x 1
BLACS atom grid size:        1 x 1
Chosen random seed:          16752164
Mode:                        Static calculation
Self consistent charges:     Yes
SCC-tolerance:                 0.100000E-04
Max. scc iterations:                    500
Shell resolved Hubbard:      No
Spin polarisation:           No
Nr. of up electrons:             4.000000
Nr. of down electrons:           4.000000
Periodic boundaries:         No
Electronic solver:           Relatively robust
Mixer:                       Broyden mixer
Mixing parameter:                  0.200000
Maximal SCC-cycles:                     500
Nr. of chrg. vec. in memory:            500
Electronic temperature:              0.100000E-07 H      0.272114E-06 eV
Initial charges:             Set automatically (system chrg:   0.000E+00)
Included shells:             O:  s, p
                             H:  s
Full 3rd order correction    Yes
Damped SCC                   Yes
Damped species(s):           H                                                 
Extra options:
                             Mulliken analysis
Force type                   original

--------------------------------------------------------------------------------

***  Geometry step: 0

 iSCC Total electronic   Diff electronic      SCC error    
    1    0.00000000E+00    0.00000000E+00    0.78928100E+00
    2   -0.41238557E+01   -0.41238557E+01    0.60515873E+00
    3   -0.41245370E+01   -0.68130899E-03    0.31495262E-01
    4   -0.41251294E+01   -0.59234924E-03    0.22225441E-02
    5   -0.41251299E+01   -0.49652033E-06    0.26097689E-04
    6   -0.41251299E+01   -0.22643611E-08    0.27577144E-06

Total Energy:                       -4.0706605560 H         -110.7683 eV
Extrapolated to 0K:                 -4.0706605560 H         -110.7683 eV
Total Mermin free energy:           -4.0706605560 H         -110.7683 eV
Force related energy:               -4.0706605560 H         -110.7683 eV

>> Charges saved for restart in charges.bin

total energy  -4.0706606E+00 H       energy change -4.0706606E+00 H
gradient norm  2.7931325E-02 H/a0    max. gradient  1.3184976E-02 H/a0
step length    0.0000000E+00 a0      max. step      0.0000000E+00 a0

Geometry converged

--------------------------------------------------------------------------------
DFTB+ running times                          cpu [s]             wall clock [s]
--------------------------------------------------------------------------------
Global initialisation                  +       0.02 ( 20.0%)       0.01 ( 10.2%)
SCC                                    +       0.06 ( 80.0%)       0.10 ( 81.4%)
--------------------------------------------------------------------------------
Missing                                +       0.00 (  0.0%)       0.01 (  8.5%)
Total                                  =       0.08 (100.0%)       0.12 (100.0%)
--------------------------------------------------------------------------------
