|===============================================================================
|
|  DFTB+ release 22.2
|
|  Copyright (C) 2006 - 2022  DFTB+ developers group
|
|===============================================================================
|
|  When publishing results obtained with DFTB+, please cite the following
|  reference:
|
|  * DFTB+, a software package for efficient approximate density functional
|    theory based atomistic simulations, J. Chem. Phys. 152, 124101 (2020).
|    [doi: 10.1063/1.5143190]
|
|  You should also cite additional publications crediting the parametrization
|  data you use. Please consult the documentation of the SK-files for the
|  references.
|
|===============================================================================

Reading input file 'dftb_in.hsd'
Parser version: 12

--------------------------------------------------------------------------------
***  Converting input from parser version 11 to parser version 12 ...
***  Done.

Reading SK-files:
/home/luca/slakos/3ob/3ob-3-1/O-O.skf
/home/luca/slakos/3ob/3ob-3-1/O-H.skf
/home/luca/slakos/3ob/3ob-3-1/H-H.skf
Done.


Processed input in HSD format written to 'dftb_pin.hsd'

Starting initialization...
--------------------------------------------------------------------------------
MPI processes:               1
OpenMP threads:              1
BLACS orbital grid size:     1 x 1
BLACS atom grid size:        1 x 1
Chosen random seed:          20213254
Mode:                        MD with scaling of velocities according to
                             Nose-Hoover-Chain thermostat
Self consistent charges:     Yes
SCC-tolerance:                 0.100000E-04
Max. scc iterations:                    500
Shell resolved Hubbard:      No
Spin polarisation:           No
Nr. of up electrons:             4.000000
Nr. of down electrons:           4.000000
Periodic boundaries:         No
Electronic solver:           Relatively robust
Mixer:                       Broyden mixer
Mixing parameter:                  0.200000
Maximal SCC-cycles:                     500
Nr. of chrg. vec. in memory:            500
Electronic temperature:              0.100000E-07 H      0.272114E-06 eV
Time step:                     0.413414E+02
Initial charges:             Set automatically (system chrg:   0.000E+00)
Included shells:             O:  s, p
                             H:  s
Full 3rd order correction    Yes
Damped SCC                   Yes
Damped species(s):           H                                                 
Extra options:
                             Mulliken analysis
Force type                   original

--------------------------------------------------------------------------------

***  Geometry step: 0

 iSCC Total electronic   Diff electronic      SCC error    
    1    0.00000000E+00    0.00000000E+00    0.78928100E+00
    2   -0.41238557E+01   -0.41238557E+01    0.60515873E+00
    3   -0.41245370E+01   -0.68130899E-03    0.31495262E-01
    4   -0.41251294E+01   -0.59234924E-03    0.22225441E-02
    5   -0.41251299E+01   -0.49652033E-06    0.26097689E-04
    6   -0.41251299E+01   -0.22643611E-08    0.27577144E-06

Total Energy:                       -4.0706605560 H         -110.7683 eV
Extrapolated to 0K:                 -4.0706605560 H         -110.7683 eV
Total Mermin free energy:           -4.0706605560 H         -110.7683 eV
Force related energy:               -4.0706605560 H         -110.7683 eV

>> Charges saved for restart in charges.bin
MD Temperature:                      0.0000031668 H            1.0000 K
MD Kinetic Energy:                   0.0000095004 H            0.0003 eV
Total MD Energy:                    -4.0706510555 H         -110.7681 eV

--------------------------------------------------------------------------------

***  Geometry step: 1

 iSCC Total electronic   Diff electronic      SCC error    
    1   -0.41251299E+01    0.00000000E+00    0.11497728E-02
    2   -0.41268074E+01   -0.16774891E-02    0.90833790E-03
    3   -0.41268074E+01   -0.23255708E-09    0.54849297E-05

Total Energy:                       -4.0708214708 H         -110.7727 eV
Extrapolated to 0K:                 -4.0708214708 H         -110.7727 eV
Total Mermin free energy:           -4.0708214708 H         -110.7727 eV
Force related energy:               -4.0708214708 H         -110.7727 eV

>> Charges saved for restart in charges.bin
MD Temperature:                      0.0000528814 H           16.6986 K
MD Kinetic Energy:                   0.0001586442 H            0.0043 eV
Total MD Energy:                    -4.0706628266 H         -110.7684 eV

--------------------------------------------------------------------------------

***  Geometry step: 2

 iSCC Total electronic   Diff electronic      SCC error    
    1   -0.41268074E+01    0.00000000E+00    0.25957443E-02
    2   -0.41308448E+01   -0.40374114E-02    0.20534290E-02
    3   -0.41308448E+01   -0.85898666E-09    0.18875887E-05

Total Energy:                       -4.0710887069 H         -110.7800 eV
Extrapolated to 0K:                 -4.0710887069 H         -110.7800 eV
Total Mermin free energy:           -4.0710887069 H         -110.7800 eV
Force related energy:               -4.0710887069 H         -110.7800 eV

>> Charges saved for restart in charges.bin
MD Temperature:                      0.0001277124 H           40.3283 K
MD Kinetic Energy:                   0.0003831371 H            0.0104 eV
Total MD Energy:                    -4.0707055697 H         -110.7695 eV

--------------------------------------------------------------------------------

***  Geometry step: 3

 iSCC Total electronic   Diff electronic      SCC error    
    1   -0.41308448E+01    0.00000000E+00    0.34049615E-02
    2   -0.41353249E+01   -0.44801429E-02    0.26980392E-02
    3   -0.41353249E+01   -0.10909185E-08    0.27061544E-05

Total Energy:                       -4.0712458300 H         -110.7842 eV
Extrapolated to 0K:                 -4.0712458300 H         -110.7842 eV
Total Mermin free energy:           -4.0712458300 H         -110.7842 eV
Force related energy:               -4.0712458300 H         -110.7842 eV

>> Charges saved for restart in charges.bin
MD Temperature:                      0.0001479627 H           46.7229 K
MD Kinetic Energy:                   0.0004438882 H            0.0121 eV
Total MD Energy:                    -4.0708019417 H         -110.7722 eV

--------------------------------------------------------------------------------

***  Geometry step: 4

 iSCC Total electronic   Diff electronic      SCC error    
    1   -0.41353249E+01    0.00000000E+00    0.35374367E-02
    2   -0.41378877E+01   -0.25627754E-02    0.28069845E-02
    3   -0.41378877E+01   -0.87653618E-09    0.52863768E-05

Total Energy:                       -4.0713250794 H         -110.7864 eV
Extrapolated to 0K:                 -4.0713250794 H         -110.7864 eV
Total Mermin free energy:           -4.0713250794 H         -110.7864 eV
Force related energy:               -4.0713250794 H         -110.7864 eV

>> Charges saved for restart in charges.bin
MD Temperature:                      0.0001314980 H           41.5237 K
MD Kinetic Energy:                   0.0003944941 H            0.0107 eV
Total MD Energy:                    -4.0709305854 H         -110.7757 eV

--------------------------------------------------------------------------------

***  Geometry step: 5

 iSCC Total electronic   Diff electronic      SCC error    
    1   -0.41378877E+01    0.00000000E+00    0.32581757E-02
    2   -0.41374118E+01    0.47588879E-03    0.25877044E-02
    3   -0.41374118E+01   -0.59254024E-09    0.47261527E-05

Total Energy:                       -4.0714596274 H         -110.7901 eV
Extrapolated to 0K:                 -4.0714596274 H         -110.7901 eV
Total Mermin free energy:           -4.0714596274 H         -110.7901 eV
Force related energy:               -4.0714596274 H         -110.7901 eV

>> Charges saved for restart in charges.bin
MD Temperature:                      0.0001274239 H           40.2372 K
MD Kinetic Energy:                   0.0003822718 H            0.0104 eV
Total MD Energy:                    -4.0710773556 H         -110.7797 eV

--------------------------------------------------------------------------------

***  Geometry step: 6

 iSCC Total electronic   Diff electronic      SCC error    
    1   -0.41374118E+01    0.00000000E+00    0.28547752E-02
    2   -0.41346982E+01    0.27136318E-02    0.22683135E-02
    3   -0.41346982E+01   -0.39336978E-09    0.18022444E-05

Total Energy:                       -4.0715786710 H         -110.7933 eV
Extrapolated to 0K:                 -4.0715786710 H         -110.7933 eV
Total Mermin free energy:           -4.0715786710 H         -110.7933 eV
Force related energy:               -4.0715786710 H         -110.7933 eV

>> Charges saved for restart in charges.bin
MD Temperature:                      0.0001210495 H           38.2244 K
MD Kinetic Energy:                   0.0003631486 H            0.0099 eV
Total MD Energy:                    -4.0712155224 H         -110.7834 eV

--------------------------------------------------------------------------------

***  Geometry step: 7

 iSCC Total electronic   Diff electronic      SCC error    
    1   -0.41346982E+01    0.00000000E+00    0.24791903E-02
    2   -0.41315055E+01    0.31926841E-02    0.19703470E-02
    3   -0.41315055E+01   -0.27621283E-09    0.19814659E-05

Total Energy:                       -4.0715677474 H         -110.7930 eV
Extrapolated to 0K:                 -4.0715677474 H         -110.7930 eV
Total Mermin free energy:           -4.0715677474 H         -110.7930 eV
Force related energy:               -4.0715677474 H         -110.7930 eV

>> Charges saved for restart in charges.bin
MD Temperature:                      0.0000883927 H           27.9122 K
MD Kinetic Energy:                   0.0002651782 H            0.0072 eV
Total MD Energy:                    -4.0713025692 H         -110.7858 eV

--------------------------------------------------------------------------------

***  Geometry step: 8

 iSCC Total electronic   Diff electronic      SCC error    
    1   -0.41315055E+01    0.00000000E+00    0.21720605E-02
    2   -0.41294288E+01    0.20767049E-02    0.17267413E-02
    3   -0.41294288E+01   -0.20078250E-09    0.38985770E-05

Total Energy:                       -4.0714775125 H         -110.7905 eV
Extrapolated to 0K:                 -4.0714775125 H         -110.7905 eV
Total Mermin free energy:           -4.0714775125 H         -110.7905 eV
Force related energy:               -4.0714775125 H         -110.7905 eV

>> Charges saved for restart in charges.bin
MD Temperature:                      0.0000465851 H           14.7104 K
MD Kinetic Energy:                   0.0001397552 H            0.0038 eV
Total MD Energy:                    -4.0713377573 H         -110.7867 eV

--------------------------------------------------------------------------------

***  Geometry step: 9

 iSCC Total electronic   Diff electronic      SCC error    
    1   -0.41294288E+01    0.00000000E+00    0.18767988E-02
    2   -0.41292879E+01    0.14088625E-03    0.14927096E-02
    3   -0.41292879E+01   -0.13058976E-09    0.35874420E-05

Total Energy:                       -4.0714276232 H         -110.7892 eV
Extrapolated to 0K:                 -4.0714276232 H         -110.7892 eV
Total Mermin free energy:           -4.0714276232 H         -110.7892 eV
Force related energy:               -4.0714276232 H         -110.7892 eV

>> Charges saved for restart in charges.bin
MD Temperature:                      0.0000246745 H            7.7916 K
MD Kinetic Energy:                   0.0000740234 H            0.0020 eV
Total MD Energy:                    -4.0713535998 H         -110.7872 eV

--------------------------------------------------------------------------------

***  Geometry step: 10

 iSCC Total electronic   Diff electronic      SCC error    
    1   -0.41292879E+01    0.00000000E+00    0.14802592E-02
    2   -0.41309673E+01   -0.16793641E-02    0.11780503E-02
    3   -0.41309673E+01   -0.63002048E-10    0.14376935E-05

Total Energy:                       -4.0714384943 H         -110.7895 eV
Extrapolated to 0K:                 -4.0714384943 H         -110.7895 eV
Total Mermin free energy:           -4.0714384943 H         -110.7895 eV
Force related energy:               -4.0714384943 H         -110.7895 eV

>> Charges saved for restart in charges.bin
MD Temperature:                      0.0000225237 H            7.1124 K
MD Kinetic Energy:                   0.0000675711 H            0.0018 eV
Total MD Energy:                    -4.0713709232 H         -110.7876 eV

--------------------------------------------------------------------------------

***  Geometry step: 11

 iSCC Total electronic   Diff electronic      SCC error    
    1   -0.41309673E+01    0.00000000E+00    0.91561592E-03
    2   -0.41335740E+01   -0.26067569E-02    0.72912669E-03
    3   -0.41335740E+01   -0.19532820E-10    0.12655955E-05

Total Energy:                       -4.0714409320 H         -110.7895 eV
Extrapolated to 0K:                 -4.0714409320 H         -110.7895 eV
Total Mermin free energy:           -4.0714409320 H         -110.7895 eV
Force related energy:               -4.0714409320 H         -110.7895 eV

>> Charges saved for restart in charges.bin
MD Temperature:                      0.0000188202 H            5.9429 K
MD Kinetic Energy:                   0.0000564606 H            0.0015 eV
Total MD Energy:                    -4.0713844715 H         -110.7880 eV

--------------------------------------------------------------------------------

***  Geometry step: 12

 iSCC Total electronic   Diff electronic      SCC error    
    1   -0.41335740E+01    0.00000000E+00    0.22752288E-03
    2   -0.41358325E+01   -0.22584138E-02    0.18125272E-03
    3   -0.41358325E+01   -0.57100991E-11    0.30942497E-05

Total Energy:                       -4.0714096672 H         -110.7887 eV
Extrapolated to 0K:                 -4.0714096672 H         -110.7887 eV
Total Mermin free energy:           -4.0714096672 H         -110.7887 eV
Force related energy:               -4.0714096672 H         -110.7887 eV

>> Charges saved for restart in charges.bin
MD Temperature:                      0.0000078431 H            2.4766 K
MD Kinetic Energy:                   0.0000235292 H            0.0006 eV
Total MD Energy:                    -4.0713861380 H         -110.7881 eV

--------------------------------------------------------------------------------

***  Geometry step: 13

 iSCC Total electronic   Diff electronic      SCC error    
    1   -0.41358325E+01    0.00000000E+00    0.47632041E-03
    2   -0.41366789E+01   -0.84645900E-03    0.37946368E-03
    3   -0.41366789E+01   -0.90816243E-11    0.30386124E-05

Total Energy:                       -4.0714042014 H         -110.7885 eV
Extrapolated to 0K:                 -4.0714042014 H         -110.7885 eV
Total Mermin free energy:           -4.0714042014 H         -110.7885 eV
Force related energy:               -4.0714042014 H         -110.7885 eV

>> Charges saved for restart in charges.bin
MD Temperature:                      0.0000062339 H            1.9685 K
MD Kinetic Energy:                   0.0000187016 H            0.0005 eV
Total MD Energy:                    -4.0713854998 H         -110.7880 eV

--------------------------------------------------------------------------------

***  Geometry step: 14

 iSCC Total electronic   Diff electronic      SCC error    
    1   -0.41366789E+01    0.00000000E+00    0.11143366E-02
    2   -0.41357965E+01    0.88242168E-03    0.88741912E-03
    3   -0.41357965E+01   -0.28574476E-10    0.14633471E-05

Total Energy:                       -4.0714600872 H         -110.7901 eV
Extrapolated to 0K:                 -4.0714600872 H         -110.7901 eV
Total Mermin free energy:           -4.0714600872 H         -110.7901 eV
Force related energy:               -4.0714600872 H         -110.7901 eV

>> Charges saved for restart in charges.bin
MD Temperature:                      0.0000213293 H            6.7352 K
MD Kinetic Energy:                   0.0000639878 H            0.0017 eV
Total MD Energy:                    -4.0713960994 H         -110.7883 eV

--------------------------------------------------------------------------------

***  Geometry step: 15

 iSCC Total electronic   Diff electronic      SCC error    
    1   -0.41357965E+01    0.00000000E+00    0.16244851E-02
    2   -0.41337331E+01    0.20633729E-02    0.12928257E-02
    3   -0.41337331E+01   -0.76328277E-10    0.82925288E-06

Total Energy:                       -4.0715258699 H         -110.7919 eV
Extrapolated to 0K:                 -4.0715258699 H         -110.7919 eV
Total Mermin free energy:           -4.0715258699 H         -110.7919 eV
Force related energy:               -4.0715258699 H         -110.7919 eV

>> Charges saved for restart in charges.bin
MD Temperature:                      0.0000366930 H           11.5867 K
MD Kinetic Energy:                   0.0001100791 H            0.0030 eV
Total MD Energy:                    -4.0714157908 H         -110.7889 eV

--------------------------------------------------------------------------------

***  Geometry step: 16

 iSCC Total electronic   Diff electronic      SCC error    
    1   -0.41337331E+01    0.00000000E+00    0.19241556E-02
    2   -0.41315586E+01    0.21745297E-02    0.15301283E-02
    3   -0.41315586E+01   -0.14289547E-09    0.24878456E-05

Total Energy:                       -4.0715477784 H         -110.7925 eV
Extrapolated to 0K:                 -4.0715477784 H         -110.7925 eV
Total Mermin free energy:           -4.0715477784 H         -110.7925 eV
Force related energy:               -4.0715477784 H         -110.7925 eV

>> Charges saved for restart in charges.bin
MD Temperature:                      0.0000376310 H           11.8829 K
MD Kinetic Energy:                   0.0001128931 H            0.0031 eV
Total MD Energy:                    -4.0714348853 H         -110.7894 eV

--------------------------------------------------------------------------------

***  Geometry step: 17

 iSCC Total electronic   Diff electronic      SCC error    
    1   -0.41315586E+01    0.00000000E+00    0.19432299E-02
    2   -0.41302964E+01    0.12622154E-02    0.15442484E-02
    3   -0.41302964E+01   -0.17921131E-09    0.26890270E-05

Total Energy:                       -4.0715452167 H         -110.7924 eV
Extrapolated to 0K:                 -4.0715452167 H         -110.7924 eV
Total Mermin free energy:           -4.0715452167 H         -110.7924 eV
Force related energy:               -4.0715452167 H         -110.7924 eV

>> Charges saved for restart in charges.bin
MD Temperature:                      0.0000313913 H            9.9126 K
MD Kinetic Energy:                   0.0000941739 H            0.0026 eV
Total MD Energy:                    -4.0714510429 H         -110.7898 eV

--------------------------------------------------------------------------------

***  Geometry step: 18

 iSCC Total electronic   Diff electronic      SCC error    
    1   -0.41302964E+01    0.00000000E+00    0.17159144E-02
    2   -0.41304385E+01   -0.14211761E-03    0.13629992E-02
    3   -0.41304385E+01   -0.15592416E-09    0.14159229E-05

Total Energy:                       -4.0715596326 H         -110.7928 eV
Extrapolated to 0K:                 -4.0715596326 H         -110.7928 eV
Total Mermin free energy:           -4.0715596326 H         -110.7928 eV
Force related energy:               -4.0715596326 H         -110.7928 eV

>> Charges saved for restart in charges.bin
MD Temperature:                      0.0000298302 H            9.4196 K
MD Kinetic Energy:                   0.0000894906 H            0.0024 eV
Total MD Energy:                    -4.0714701419 H         -110.7903 eV

--------------------------------------------------------------------------------

***  Geometry step: 19

 iSCC Total electronic   Diff electronic      SCC error    
    1   -0.41304385E+01    0.00000000E+00    0.13758733E-02
    2   -0.41317730E+01   -0.13345430E-02    0.10926746E-02
    3   -0.41317730E+01   -0.10552181E-09    0.60073211E-06

Total Energy:                       -4.0715816990 H         -110.7934 eV
Extrapolated to 0K:                 -4.0715816990 H         -110.7934 eV
Total Mermin free energy:           -4.0715816990 H         -110.7934 eV
Force related energy:               -4.0715816990 H         -110.7934 eV

>> Charges saved for restart in charges.bin
MD Temperature:                      0.0000294421 H            9.2971 K
MD Kinetic Energy:                   0.0000883262 H            0.0024 eV
Total MD Energy:                    -4.0714933728 H         -110.7910 eV

Molecular dynamics completed
MD information accumulated in md.out

--------------------------------------------------------------------------------
DFTB+ running times                          cpu [s]             wall clock [s]
--------------------------------------------------------------------------------
Global initialisation                  +       0.00 (  0.0%)       0.01 (  3.5%)
Pre-SCC initialisation                 +       0.02 (  5.9%)       0.02 (  4.4%)
SCC                                    +       0.17 ( 64.7%)       0.25 ( 71.2%)
Post-SCC processing                    +       0.08 ( 29.4%)       0.07 ( 20.1%)
--------------------------------------------------------------------------------
Missing                                +       0.00 (  0.0%)       0.00 (  0.9%)
Total                                  =       0.27 (100.0%)       0.34 (100.0%)
--------------------------------------------------------------------------------
