|===============================================================================
|
|  DFTB+ release 22.2
|
|  Copyright (C) 2006 - 2022  DFTB+ developers group
|
|===============================================================================
|
|  When publishing results obtained with DFTB+, please cite the following
|  reference:
|
|  * DFTB+, a software package for efficient approximate density functional
|    theory based atomistic simulations, J. Chem. Phys. 152, 124101 (2020).
|    [doi: 10.1063/1.5143190]
|
|  You should also cite additional publications crediting the parametrization
|  data you use. Please consult the documentation of the SK-files for the
|  references.
|
|===============================================================================

Reading input file 'dftb_in.hsd'
Parser version: 12

--------------------------------------------------------------------------------
***  Converting input from parser version 11 to parser version 12 ...
***  Done.

Reading SK-files:
/home/luca/slakos/3ob/3ob-3-1/O-O.skf
/home/luca/slakos/3ob/3ob-3-1/O-H.skf
/home/luca/slakos/3ob/3ob-3-1/H-H.skf
Done.


Processed input in HSD format written to 'dftb_pin.hsd'

Starting initialization...
--------------------------------------------------------------------------------
MPI processes:               1
OpenMP threads:              1
BLACS orbital grid size:     1 x 1
BLACS atom grid size:        1 x 1
Chosen random seed:          17724127
Mode:                        Static calculation
Self consistent charges:     Yes
SCC-tolerance:                 0.100000E-04
Max. scc iterations:                    500
Shell resolved Hubbard:      No
Spin polarisation:           No
Nr. of up electrons:             4.000000
Nr. of down electrons:           4.000000
Periodic boundaries:         No
Electronic solver:           Relatively robust
Mixer:                       Broyden mixer
Mixing parameter:                  0.200000
Maximal SCC-cycles:                     500
Nr. of chrg. vec. in memory:            500
Electronic temperature:              0.100000E-07 H      0.272114E-06 eV
Initial charges:             Set automatically (system chrg:   0.000E+00)
Included shells:             O:  s, p
                             H:  s
Full 3rd order correction    Yes
Damped SCC                   Yes
Damped species(s):           H                                                 
Extra options:
                             Mulliken analysis
Force type                   original

--------------------------------------------------------------------------------

***  Geometry step: 0

 iSCC Total electronic   Diff electronic      SCC error    
    1    0.00000000E+00    0.00000000E+00    0.78928100E+00
    2   -0.41238557E+01   -0.41238557E+01    0.60515873E+00
    3   -0.41245370E+01   -0.68130899E-03    0.31495262E-01
    4   -0.41251294E+01   -0.59234924E-03    0.22225441E-02
    5   -0.41251299E+01   -0.49652033E-06    0.26097689E-04
    6   -0.41251299E+01   -0.22643611E-08    0.27577144E-06

Total Energy:                       -4.0706605560 H         -110.7683 eV
Extrapolated to 0K:                 -4.0706605560 H         -110.7683 eV
Total Mermin free energy:           -4.0706605560 H         -110.7683 eV
Force related energy:               -4.0706605560 H         -110.7683 eV

>> Charges saved for restart in charges.bin

total energy  -4.0706606E+00 H       energy change -4.0706606E+00 H
gradient norm  2.7931325E-02 H/a0    max. gradient  1.3184976E-02 H/a0
step length    0.0000000E+00 a0      max. step      0.0000000E+00 a0

--------------------------------------------------------------------------------

***  Geometry step: 1

 iSCC Total electronic   Diff electronic      SCC error    
    1   -0.41251299E+01    0.00000000E+00    0.49837613E-02
    2   -0.41327636E+01   -0.76337222E-02    0.39447620E-02
    3   -0.41327636E+01   -0.28531133E-08    0.17288512E-05

Total Energy:                       -4.0711649819 H         -110.7820 eV
Extrapolated to 0K:                 -4.0711649819 H         -110.7820 eV
Total Mermin free energy:           -4.0711649819 H         -110.7820 eV
Force related energy:               -4.0711649819 H         -110.7820 eV

>> Charges saved for restart in charges.bin

total energy  -4.0711650E+00 H       energy change -5.0442597E-04 H
gradient norm  1.1003210E-02 H/a0    max. gradient  5.7304851E-03 H/a0
step length    2.7931325E-02 a0      max. step      1.3184976E-02 a0

--------------------------------------------------------------------------------

***  Geometry step: 2

 iSCC Total electronic   Diff electronic      SCC error    
    1   -0.41327636E+01    0.00000000E+00    0.32955763E-02
    2   -0.41354373E+01   -0.26736748E-02    0.26123448E-02
    3   -0.41354373E+01   -0.94180219E-09    0.74995335E-06

Total Energy:                       -4.0713138949 H         -110.7861 eV
Extrapolated to 0K:                 -4.0713138949 H         -110.7861 eV
Total Mermin free energy:           -4.0713138949 H         -110.7861 eV
Force related energy:               -4.0713138949 H         -110.7861 eV

>> Charges saved for restart in charges.bin

total energy  -4.0713139E+00 H       energy change -1.4891298E-04 H
gradient norm  9.0933264E-03 H/a0    max. gradient  5.5164442E-03 H/a0
step length    1.8567615E-02 a0      max. step      8.6106054E-03 a0

--------------------------------------------------------------------------------

***  Geometry step: 3

 iSCC Total electronic   Diff electronic      SCC error    
    1   -0.41354373E+01    0.00000000E+00    0.45766828E-02
    2   -0.41363589E+01   -0.92159145E-03    0.36330626E-02
    3   -0.41363589E+01   -0.12990888E-08    0.14858312E-05

Total Energy:                       -4.0714755744 H         -110.7905 eV
Extrapolated to 0K:                 -4.0714755744 H         -110.7905 eV
Total Mermin free energy:           -4.0714755744 H         -110.7905 eV
Force related energy:               -4.0714755744 H         -110.7905 eV

>> Charges saved for restart in charges.bin

total energy  -4.0714756E+00 H       energy change -1.6167947E-04 H
gradient norm  8.8543561E-03 H/a0    max. gradient  5.5325542E-03 H/a0
step length    2.9655726E-02 a0      max. step      1.7212602E-02 a0

--------------------------------------------------------------------------------

***  Geometry step: 4

 iSCC Total electronic   Diff electronic      SCC error    
    1   -0.41363589E+01    0.00000000E+00    0.41765267E-02
    2   -0.41348687E+01    0.14901443E-02    0.33186487E-02
    3   -0.41348687E+01   -0.82765972E-09    0.12592380E-05

Total Energy:                       -4.0715767262 H         -110.7932 eV
Extrapolated to 0K:                 -4.0715767262 H         -110.7932 eV
Total Mermin free energy:           -4.0715767262 H         -110.7932 eV
Force related energy:               -4.0715767262 H         -110.7932 eV

>> Charges saved for restart in charges.bin

total energy  -4.0715767E+00 H       energy change -1.0115183E-04 H
gradient norm  4.8252381E-03 H/a0    max. gradient  2.7560845E-03 H/a0
step length    3.1331017E-02 a0      max. step      1.9290467E-02 a0

--------------------------------------------------------------------------------

***  Geometry step: 5

 iSCC Total electronic   Diff electronic      SCC error    
    1   -0.41348688E+01    0.00000000E+00    0.56851905E-03
    2   -0.41335363E+01    0.13324752E-02    0.45179579E-03
    3   -0.41335363E+01   -0.14937385E-10    0.11371643E-06

Total Energy:                       -4.0715910947 H         -110.7936 eV
Extrapolated to 0K:                 -4.0715910947 H         -110.7936 eV
Total Mermin free energy:           -4.0715910947 H         -110.7936 eV
Force related energy:               -4.0715910947 H         -110.7936 eV

>> Charges saved for restart in charges.bin

total energy  -4.0715911E+00 H       energy change -1.4368486E-05 H
gradient norm  1.3938130E-03 H/a0    max. gradient  6.7847590E-04 H/a0
step length    8.1967163E-03 a0      max. step      4.8956874E-03 a0

--------------------------------------------------------------------------------

***  Geometry step: 6

 iSCC Total electronic   Diff electronic      SCC error    
    1   -0.41335363E+01    0.00000000E+00    0.30590151E-03
    2   -0.41331076E+01    0.42870147E-03    0.24307110E-03
    3   -0.41331076E+01   -0.44693138E-11    0.93001836E-07

Total Energy:                       -4.0715923330 H         -110.7937 eV
Extrapolated to 0K:                 -4.0715923330 H         -110.7937 eV
Total Mermin free energy:           -4.0715923330 H         -110.7937 eV
Force related energy:               -4.0715923330 H         -110.7937 eV

>> Charges saved for restart in charges.bin

total energy  -4.0715923E+00 H       energy change -1.2383580E-06 H
gradient norm  1.6802357E-04 H/a0    max. gradient  8.2665802E-05 H/a0
step length    1.6650886E-03 a0      max. step      7.9131133E-04 a0

Geometry converged

--------------------------------------------------------------------------------
DFTB+ running times                          cpu [s]             wall clock [s]
--------------------------------------------------------------------------------
Global initialisation                  +       0.00 (  0.0%)       0.01 (  8.0%)
SCC                                    +       0.11 ( 87.5%)       0.11 ( 71.3%)
Post-SCC processing                    +       0.02 ( 12.5%)       0.03 ( 18.0%)
--------------------------------------------------------------------------------
Missing                                +       0.00 (  0.0%)       0.00 (  2.7%)
Total                                  =       0.12 (100.0%)       0.15 (100.0%)
--------------------------------------------------------------------------------
