|===============================================================================
|
|  DFTB+ release 22.1
|
|  Copyright (C) 2006 - 2022  DFTB+ developers group
|
|===============================================================================
|
|  When publishing results obtained with DFTB+, please cite the following
|  reference:
|
|  * DFTB+, a software package for efficient approximate density functional
|    theory based atomistic simulations, J. Chem. Phys. 152, 124101 (2020).
|    [doi: 10.1063/1.5143190]
|
|  You should also cite additional publications crediting the parametrization
|  data you use. Please consult the documentation of the SK-files for the
|  references.
|
|===============================================================================

Reading input file 'dftb_in.hsd'
Parser version: 11

--------------------------------------------------------------------------------
Reading SK-files:
/home/ppravatto/SOFTWARE/slako/3ob/3ob-3-1/O-O.skf
/home/ppravatto/SOFTWARE/slako/3ob/3ob-3-1/O-H.skf
/home/ppravatto/SOFTWARE/slako/3ob/3ob-3-1/H-H.skf
Done.
ERROR!
-> Invalid real value
Path: dftbplusinput/Hamiltonian/DFTB/Charge
Line: 11-11 (File: dftb_in.hsd)

