
       ==============================================
       |                                            |
       |                 C R E S T                  |
       |                                            |
       |  Conformer-Rotamer Ensemble Sampling Tool  |
       |          based on the GFN methods          |
       |             P.Pracht, S.Grimme             |
       |          Universitaet Bonn, MCTC           |
       ==============================================
       Version 2.12,   Thu 19. Mai 16:32:32 CEST 2022
  Using the xTB program. Compatible with xTB version 6.4.0

   Cite work conducted with this code as

   • P.Pracht, F.Bohle, S.Grimme, PCCP, 2020, 22, 7169-7192.
   • S.Grimme, JCTC, 2019, 15, 2847-2862.

   and for works involving QCG as

   • S.Spicher, C.Plett, P.Pracht, A.Hansen, S.Grimme,
     JCTC, 2022, 18 (5), 3174-3189.

   with help from:
   C.Bannwarth, F.Bohle, S.Ehlert, S.Grimme,
   C.Plett, P.Pracht, S.Spicher

   This program is distributed in the hope that it will be useful,
   but WITHOUT ANY WARRANTY; without even the implied warranty of
   MERCHANTABILITY or FITNESS FOR A PARTICULAR PURPOSE.

 Command line input:
 > crest propan-1-ol.xyz --alpb water --chrg 0 --uhf 0 --mquick -t 4

  --alpb water : implicit solvation
  --chrg 0
  --uhf 0
  --mquick  : very crude quick-mode (no NORMMD, no GC, crude opt.)

 -------------------------
 xTB Geometry Optimization
 -------------------------
 Geometry successfully optimized.

------------------------------------------------
Generating MTD length from a flexibility measure
------------------------------------------------
 Calculating WBOs... done.
 Calculating NCI flexibility... done.
     covalent flexibility measure :   0.567
 non-covalent flexibility measure :   0.890
 flexibility measure :   0.619
 t(MTD) / ps    :     2.5
 Σ(t(MTD)) / ps :    15.0 (6 MTDs)

-------------------------------------
Starting a trial MTD to test settings
-------------------------------------
 Estimated runtime for one MTD (2.5 ps) on a single thread: 1 min 31 sec
 Estimated runtime for a batch of 6 MTDs on 4 threads: 3 min 3 sec

 list of Vbias parameters applied:
$metadyn    0.00200   1.000
$metadyn    0.00100   1.000
$metadyn    0.00200   0.500
$metadyn    0.00100   0.500
$metadyn    0.00200   0.250
$metadyn    0.00100   0.250

*******************************************************************************************
**                        N E W    I T E R A T I O N    C Y C L E                        **
*******************************************************************************************

========================================
            MTD Simulations 
========================================

     ========================================
     |         Meta-MD (MTD) Sampling       |
     ========================================

Starting Meta-MD   1 with the settings:
     MD time /ps        :     2.5
     dt /fs             :     5.0
     dumpstep(trj) /fs  :     100
     dumpstep(Vbias)/ps :     1.0
     Vbias factor k /Eh :  0.0240
     Vbias exp α /bohr⁻²:    1.00
*Meta-MTD 1 finished*
Starting Meta-MD   2 with the settings:
     MD time /ps        :     2.5
     dt /fs             :     5.0
     dumpstep(trj) /fs  :     100
     dumpstep(Vbias)/ps :     1.0
     Vbias factor k /Eh :  0.0120
     Vbias exp α /bohr⁻²:    1.00
*Meta-MTD 2 finished*
Starting Meta-MD   3 with the settings:
     MD time /ps        :     2.5
     dt /fs             :     5.0
     dumpstep(trj) /fs  :     100
     dumpstep(Vbias)/ps :     1.0
     Vbias factor k /Eh :  0.0240
     Vbias exp α /bohr⁻²:    0.50
*Meta-MTD 3 finished*
Starting Meta-MD   4 with the settings:
     MD time /ps        :     2.5
     dt /fs             :     5.0
     dumpstep(trj) /fs  :     100
     dumpstep(Vbias)/ps :     1.0
     Vbias factor k /Eh :  0.0120
     Vbias exp α /bohr⁻²:    0.50
*Meta-MTD 4 finished*
Starting Meta-MD   5 with the settings:
     MD time /ps        :     2.5
     dt /fs             :     5.0
     dumpstep(trj) /fs  :     100
     dumpstep(Vbias)/ps :     1.0
     Vbias factor k /Eh :  0.0240
     Vbias exp α /bohr⁻²:    0.25
*Meta-MTD 5 finished*
Starting Meta-MD   6 with the settings:
     MD time /ps        :     2.5
     dt /fs             :     5.0
     dumpstep(trj) /fs  :     100
     dumpstep(Vbias)/ps :     1.0
     Vbias factor k /Eh :  0.0120
     Vbias exp α /bohr⁻²:    0.25
*Meta-MTD 6 finished*

-----------------------
Multilevel Optimization
-----------------------

 -------------------------
 1. crude pre-optimization
 -------------------------
 Optimizing all 144 structures from file "crest_rotamers_0.xyz" ...
 1 2 3 4 5 6 7 8 9 10 11 12 13 14 15 16 17 18 19 20 21 22 23 24 25 26 27 28 29 30 31 32 33 34 35 36 37 38 39 40 41 42 43 44 45 46 47 48 49 50 51 52 53 54 55 56 57 58 59 60 61 62 63 64 65 66 67 68 69 70 71 72 73 74 75 76 77 78 79 80 81 82 83 84 85 86 87 88 89 90 91 92 93 94 95 96 97 98 99 100 101 102 103 104 105 106 107 108 109 110 111 112 113 114 115 116 117 118 119 120 121 122 123 124 125 126 127 128 129 130 131 132 133 134 135 136 137 138 139 140 141 142 143 144
 done.
 running RMSDs...
 done.
 E lowest :   -14.56519
 93 structures remain within     5.00 kcal/mol window

========================================
           MTD Simulations done         
========================================
 Collecting ensmbles.
 running RMSDs...
 done.
 E lowest :   -14.56519
 76 structures remain within     2.50 kcal/mol window

 -------------------------------
 Additional orientation sampling
 -------------------------------
 Optimizing all 69 structures from file "oh_ensemble.xyz" ...
 1 2 3 4 5 6 7 8 9 10 11 12 13 14 15 16 17 18 19 20 21 22 23 24 25 26 27 28 29 30 31 32 33 34 35 36 37 38 39 40 41 42 43 44 45 46 47 48 49 50 51 52 53 54 55 56 57 58 59 60 61 62 63 64 65 66 67 68 69
 done.
 running RMSDs...
 done.
 E lowest :   -14.56521
 98 structures remain within     2.50 kcal/mol window



   ================================================
   |           Final Geometry Optimization        |
   ================================================
 --------------------------------------------
 Ensemble optimization with normal thresholds
 --------------------------------------------
 Optimizing all 98 structures from file "crest_rotamers_2.xyz" ...
 1 2 3 4 5 6 7 8 9 10 11 12 13 14 15 16 17 18 19 20 21 22 23 24 25 26 27 28 29 30 31 32 33 34 35 36 37 38 39 40 41 42 43 44 45 46 47 48 49 50 51 52 53 54 55 56 57 58 59 60 61 62 63 64 65 66 67 68 69 70 71 72 73 74 75 76 77 78 79 80 81 82 83 84 85 86 87 88 89 90 91 92 93 94 95 96 97 98
 done.
 running RMSDs...
 done.
 E lowest :   -14.56521
 28 structures remain within     2.50 kcal/mol window

 input  file name : crest_rotamers_3.xyz
 output file name : crest_rotamers_4.xyz
 number of atoms                :   12
 number of points on xyz files  :   98
 RMSD threshold                 :   0.1250
 Bconst threshold               :   0.0100
 population threshold           :   0.0500
 conformer energy window  /kcal :   2.5000
 # fragment in coord            :     1
 # bonds in reference structure :    11
 number of reliable points      :    98
 reference state Etot :  -14.565211290000001
 number of doubles removed by rot/RMSD         :          70
 total number unique points considered further :          28
       Erel/kcal        Etot weight/tot  conformer     set   degen     origin
       1   0.000   -14.56521    0.07936    0.47580       1       6     hor
       2   0.000   -14.56521    0.07933                                hor
       3   0.000   -14.56521    0.07932                                hor
       4   0.000   -14.56521    0.07931                                hor
       5   0.001   -14.56521    0.07927                                hor
       6   0.001   -14.56521    0.07922                                hor
       7   0.267   -14.56479    0.05058    0.30338       2       6     mtd2
       8   0.267   -14.56479    0.05058                                mtd2
       9   0.267   -14.56479    0.05057                                hor
      10   0.267   -14.56479    0.05056                                hor
      11   0.267   -14.56479    0.05055                                mtd2
      12   0.267   -14.56479    0.05055                                mtd1
      13   0.878   -14.56381    0.01806    0.10824       3       6     mtd6
      14   0.878   -14.56381    0.01806                                mtd2
      15   0.878   -14.56381    0.01804                                mtd4
      16   0.878   -14.56381    0.01804                                hor
      17   0.879   -14.56381    0.01803                                mtd6
      18   0.879   -14.56381    0.01802                                hor
      19   0.894   -14.56379    0.01757    0.05271       4       3     mtd4
      20   0.894   -14.56379    0.01757                                hor
      21   0.894   -14.56379    0.01757                                mtd5
      22   1.251   -14.56322    0.00962    0.05768       5       6     hor
      23   1.251   -14.56322    0.00962                                hor
      24   1.251   -14.56322    0.00962                                hor
      25   1.252   -14.56322    0.00962                                mtd4
      26   1.252   -14.56322    0.00961                                mtd3
      27   1.253   -14.56321    0.00960                                hor
      28   2.130   -14.56182    0.00219    0.00219       6       1     hor
T /K                                  :   298.15
E lowest                              :   -14.56521
ensemble average energy (kcal)        :    0.300
ensemble entropy (J/mol K, cal/mol K) :   25.279    6.042
ensemble free energy (kcal/mol)       :   -1.801
population of lowest in %             :   47.580
 number of unique conformers for further calc            6
 list of relative energies saved as "crest.energies"

 -----------------
 Wall Time Summary
 -----------------
             test MD wall time :         0h : 0m : 0s
                 MTD wall time :         0h : 0m : 8s
      multilevel OPT wall time :         0h : 0m :18s
--------------------
Overall wall time  : 0h : 0m :40s

 CREST terminated normally.
