
       ==============================================
       |                                            |
       |                 C R E S T                  |
       |                                            |
       |  Conformer-Rotamer Ensemble Sampling Tool  |
       |          based on the GFN methods          |
       |             P.Pracht, S.Grimme             |
       |          Universitaet Bonn, MCTC           |
       ==============================================
       Version 2.12,   Thu 19. Mai 16:32:32 CEST 2022
  Using the xTB program. Compatible with xTB version 6.4.0

   Cite work conducted with this code as

   • P.Pracht, F.Bohle, S.Grimme, PCCP, 2020, 22, 7169-7192.
   • S.Grimme, JCTC, 2019, 15, 2847-2862.

   and for works involving QCG as

   • S.Spicher, C.Plett, P.Pracht, A.Hansen, S.Grimme,
     JCTC, 2022, 18 (5), 3174-3189.

   with help from:
   C.Bannwarth, F.Bohle, S.Ehlert, S.Grimme,
   C.Plett, P.Pracht, S.Spicher

   This program is distributed in the hope that it will be useful,
   but WITHOUT ANY WARRANTY; without even the implied warranty of
   MERCHANTABILITY or FITNESS FOR A PARTICULAR PURPOSE.

 Command line input:
 > crest 3-amino-L-tyrosine.xyz --alph water --chrg 0 --uhf 0 --deprotonate --fstrict -T 4

  --deprotonate : automated deprotonation script
  --chrg 0
  --uhf 0
  -T 4 (CPUs/Threads selected)
        __________________________________________
       |                                          |
       |      automated deprotonation script      |
       |__________________________________________|
  Universitaet Bonn, MCTC
  P.Pracht, Wed 28. Nov 13:11:52 CEST 2018

 Very strict mode active. Heavy atom positions will be constrained.
 Selected force constant:  0.0200 Eh
-----------------------
Multilevel Optimization
-----------------------
 -------------------------
 1. crude pre-optimization
 -------------------------
 Optimizing all 12 structures from file "deprotonate_0.xyz" ...
 1 2 3 4 5 6 7 8 9 10 11 12
 done.
 12 structures remain within    90.00 kcal/mol window

 ---------------------
 2. loose optimization
 ---------------------
 Optimizing all 12 structures from file "deprotonate_1.xyz" ...
 1 2 3 4 5 6 7 8 9 10 11 12
 done.
 9 structures remain within    60.00 kcal/mol window

 --------------------------------------------
 3. optimization with user-defined thresholds
 --------------------------------------------
 Optimizing all 9 structures from file "deprotonate_2.xyz" ...
 1 2 3 4 5 6 7 8 9
 done.
 2 structures remain within    30.00 kcal/mol window

 ===================================================
 Identifying topologically equivalent structures:
 Done.
 Appending file <deprotonated.xyz> with structures.

 All initial 2 structures from file deprotonate_3.xyz are unique.

===================================================
============= ordered structure list ==============
===================================================
 written to file <deprotonated.xyz>

 structure    ΔE(kcal/mol)   Etot(Eh)
    1            0.00        -43.148732
    2           14.55        -43.125549


 -----------------
 Wall Time Summary
 -----------------
    INPUT generation wall time :         0h : 0m : 0s
      multilevel OPT wall time :         0h : 0m : 4s
--------------------
Overall wall time  : 0h : 0m : 4s

 CREST terminated normally.
