
       ==============================================
       |                                            |
       |                 C R E S T                  |
       |                                            |
       |  Conformer-Rotamer Ensemble Sampling Tool  |
       |          based on the GFN methods          |
       |             P.Pracht, S.Grimme             |
       |          Universitaet Bonn, MCTC           |
       ==============================================
       Version 2.12,   Thu 19. Mai 16:32:32 CEST 2022
  Using the xTB program. Compatible with xTB version 6.4.0

   Cite work conducted with this code as

   • P.Pracht, F.Bohle, S.Grimme, PCCP, 2020, 22, 7169-7192.
   • S.Grimme, JCTC, 2019, 15, 2847-2862.

   and for works involving QCG as

   • S.Spicher, C.Plett, P.Pracht, A.Hansen, S.Grimme,
     JCTC, 2022, 18 (5), 3174-3189.

   with help from:
   C.Bannwarth, F.Bohle, S.Ehlert, S.Grimme,
   C.Plett, P.Pracht, S.Spicher

   This program is distributed in the hope that it will be useful,
   but WITHOUT ANY WARRANTY; without even the implied warranty of
   MERCHANTABILITY or FITNESS FOR A PARTICULAR PURPOSE.

 Command line input:
 > crest urea.xyz --qcg water.xyz --nsolv 5 --alpb water --T 4

 Solute-file: urea.xyz
 Solvent-file: water.xyz
  --alpb water : implicit solvation
  --T 4 (CPUs/Threads selected)

  ========================================
  |           ----------------           |
  |                 Q C G                |
  |           ----------------           |
  |        Quantum Cluster Growth        |
  |       University of Bonn, MCTC       |
  ========================================
   S. Grimme, S. Spicher, C. Plett.

   Cite work conducted with this code as

   S. Spicher, C. Plett, P. Pracht, A. Hansen, S. Grimme, JCTC, 2022, 18, 3174-3189.


  =========================================
  |   quantum cluster growth: INPUT       |
  =========================================

  QCG: Only Cluster Generation

  input parameters     
  solute                 : urea.xyz
  charge                 : 0
  uhf                    : 0
  solvent                : water.xyz
  # of solvents to add   : 5
  Cluster generated that are above 10 % populated 
  # of CPUs used         : 4
  Solvation model        : water               
  xtb opt level          : normal
  System temperature [K] : 298.1
  RRHO scaling factor    : 0.75

 Solute geometry
  molecular radius (Bohr**1):    5.29
  molecular area   (Bohr**2):  393.32
  molecular volume (Bohr**3):  621.83
 Solvent geometry
  molecular radius (Bohr**1):    3.88
  molecular area   (Bohr**2):  195.45
  molecular volume (Bohr**3):  245.28

  radius of solute    :     8.54
  radius of solvent   :     6.26

  =========================================
  |            Preoptimization            |
  =========================================

 -------------------------
 xTB Geometry Optimization
 -------------------------
 Geometry successfully optimized.
 Generating LMOs for solute
  Total Energy of solute:     -14.0971425 Eh

 -------------------------
 xTB Geometry Optimization
 -------------------------
 Geometry successfully optimized.
 Generating LMOs for solvent
  Total energy of solvent:     -5.0705443 Eh

  ________________________________________________________________________

  __________________     Solute Cluster Generation   _____________________

  ________________________________________________________________________


  =========================================
  |   quantum cluster growth: GROW        |
  =========================================


  Water as solvent recognized, adjusting scaling factor for outer wall pot to 0.70

  Constraining solute during Growth 
 Solute:
       unit ellipsoid axis a,b,c     :   0.355   0.349   0.296
 Solvent:
       unit ellipsoid axis a,b,c     :   0.386   0.322   0.292

  solvent anisotropy            :     1.133
  solute anisotropy             :     1.085
  roff inner wall               :     0.665
  solute max dist               :    11.994
  solvent max dist              :     7.284
  inner unit axis               :     0.376     0.363     0.261
  inner ellipsoid/Bohr          :     8.242     7.947     5.723
  scaling factor outer ellipsoid:     0.700
  outer ellipsoid/Bohr          :     7.445     7.310     6.203

  Size  E /Eh       De/kcal   Detot/kcal  Density   Efix         R   av/act. Surface   Opt
    1   -19.177146   -5.94      -5.94      ******     -5.782      0.0   0.0     790.6   normal
    2   -24.260240   -7.87     -13.81      ******     -6.484      5.8   5.9     965.8   normal
   Wall Potential too small, increasing size by 5 %
   New scaling factor 0.73
    3   -29.342992   -7.66     -21.47      ******     -7.117      6.0   5.7    1139.8   normal
    4   -34.425906   -7.76     -29.23      ******     -7.698      6.1   5.6    1321.9   normal
   Wall Potential too small, increasing size by 5 %
   New scaling factor 0.77
    5   -39.508342   -7.46     -36.70      ******     -8.238      6.2   5.8    1509.8   normal

  Growth finished after 5 solvents added
  Results can be found in grow directory
  Energy list in file <qcg_energy.dat>
  Interaction energy in file <qcg_conv.dat>
  Growing process in <qcg_grow.xyz>
  Final geometry after grow in <cluster.coord> and <cluster.xyz>
  Potentials and geometry written in <cluster_cavity.coord> and <twopot_cavity.coord>
