
       ==============================================
       |                                            |
       |                 C R E S T                  |
       |                                            |
       |  Conformer-Rotamer Ensemble Sampling Tool  |
       |          based on the GFN methods          |
       |             P.Pracht, S.Grimme             |
       |          Universitaet Bonn, MCTC           |
       ==============================================
       Version 2.12,   Thu 19. Mai 16:32:32 CEST 2022
  Using the xTB program. Compatible with xTB version 6.4.0

   Cite work conducted with this code as

   • P.Pracht, F.Bohle, S.Grimme, PCCP, 2020, 22, 7169-7192.
   • S.Grimme, JCTC, 2019, 15, 2847-2862.

   and for works involving QCG as

   • S.Spicher, C.Plett, P.Pracht, A.Hansen, S.Grimme,
     JCTC, 2022, 18 (5), 3174-3189.

   with help from:
   C.Bannwarth, F.Bohle, S.Ehlert, S.Grimme,
   C.Plett, P.Pracht, S.Spicher

   This program is distributed in the hope that it will be useful,
   but WITHOUT ANY WARRANTY; without even the implied warranty of
   MERCHANTABILITY or FITNESS FOR A PARTICULAR PURPOSE.

 Command line input:
 > crest 3-amino-L-tyrosine.xyz --alph water --chrg 0 --uhf 0 --protonate --fstrict -T 4

  --protonate : automated protonation script
  --chrg 0
  --uhf 0
  -T 4 (CPUs/Threads selected)
        __________________________________________
       |                                          |
       |       automated protonation script       |
       |__________________________________________|
  Universitaet Bonn, MCTC
  P.Pracht, Wed 28. Nov 13:11:52 CEST 2018

  Cite as:
  P.Pracht, C.A.Bauer, S.Grimme
  JCC, 2017, 38, 2618–2631.

 Very strict mode active. Heavy atom positions will be constrained.
 Selected force constant:  0.0200 Eh

 LMO calculation ... done.

-----------------------
Multilevel Optimization
-----------------------
 -------------------------
 1. crude pre-optimization
 -------------------------
 Optimizing all 23 structures from file "protonate_0.xyz" ...
 1 2 3 4 5 6 7 8 9 10 11 12 13 14 15 16 17 18 19 20 21 22 23
 done.
 23 structures remain within    90.00 kcal/mol window

 ---------------------
 2. loose optimization
 ---------------------
 Optimizing all 23 structures from file "protonate_1.xyz" ...
 1 2 3 4 5 6 7 8 9 10 11 12 13 14 15 16 17 18 19 20 21 22 23
 done.
 23 structures remain within    60.00 kcal/mol window

 --------------------------------------------
 3. optimization with user-defined thresholds
 --------------------------------------------
 Optimizing all 23 structures from file "protonate_2.xyz" ...
 1 2 3 4 5 6 7 8 9 10 11 12 13 14 15 16 17 18 19 20 21 22 23
 done.
 23 structures remain within    30.00 kcal/mol window

 ===================================================
 Identifying topologically equivalent structures:
 Equivalent to 1. structure: 4 structure(s).
 Equivalent to 5. structure: 4 structure(s).
 Equivalent to 9. structure: 3 structure(s).
 Equivalent to 11. structure: 4 structure(s).
 Equivalent to 16. structure: 2 structure(s).
 Equivalent to 18. structure: 4 structure(s).
 Done.
 Appending file <protonated.xyz> with structures.

 Initial 23 structures from file protonate_3.xyz have
 been reduced to 8 topologically unique structures.

===================================================
============= ordered structure list ==============
===================================================
 written to file <protonated.xyz>

 structure    ΔE(kcal/mol)   Etot(Eh)
    1            0.00        -43.528507
    2            3.88        -43.522319
    3            7.58        -43.516425
    4            7.84        -43.516005
    5           18.40        -43.499181
    6           19.52        -43.497398
    7           20.54        -43.495768
    8           20.96        -43.495105


 -----------------
 Wall Time Summary
 -----------------
           LMO calc. wall time :         0h : 0m : 0s
      multilevel OPT wall time :         0h : 0m :10s
--------------------
Overall wall time  : 0h : 0m :10s

 CREST terminated normally.
